yunit@yunit-VM:~$ bzr branch lp:ubuntu-clock-app
You have not informed bzr of your Launchpad ID, and you must do this to
write to Launchpad or access private data.  See "bzr help launchpad-login".
Branched 511 revisions.                                                        
yunit@yunit-VM:~$ ls
Desktop    Downloads         Music     Public     ubuntu-clock-app
Documents  examples.desktop  Pictures  Templates  Videos
yunit@yunit-VM:~$ cd ubuntu-clock-app/
yunit@yunit-VM:~/ubuntu-clock-app$ cmake
Usage

  cmake [options] <path-to-source>
  cmake [options] <path-to-existing-build>

Specify a source directory to (re-)generate a build system for it in the
current working directory.  Specify an existing build directory to
re-generate its build system.

Run 'cmake --help' for more information.

yunit@yunit-VM:~/ubuntu-clock-app$ cmake -DCMAKE_INSTALL_PREFIX=/usr -DCLICK_MODE=off
-- The C compiler identification is GNU 5.4.0
-- The CXX compiler identification is GNU 5.4.0
-- Check for working C compiler: /usr/bin/cc
-- Check for working C compiler: /usr/bin/cc -- works
-- Detecting C compiler ABI info
-- Detecting C compiler ABI info - done
-- Detecting C compile features
-- Detecting C compile features - done
-- Check for working CXX compiler: /usr/bin/c++
-- Check for working CXX compiler: /usr/bin/c++ -- works
-- Detecting CXX compiler ABI info
-- Detecting CXX compiler ABI info - done
-- Detecting CXX compile features
-- Detecting CXX compile features - done
-- Found Gettext: /usr/bin/msgmerge (found version "0.19.7") 
-- Configuring done
-- Generating done
-- Build files have been written to: /home/yunit/ubuntu-clock-app
yunit@yunit-VM:~/ubuntu-clock-app$ make -j4
Scanning dependencies of target ubuntu-clock-app_stopwatch_QMlFiles
Scanning dependencies of target ubuntu-clock-app_clock_QMlFiles
Scanning dependencies of target ubuntu-clock-app.desktop
Scanning dependencies of target ubuntu-clock-app_alarm_QMlFiles
[  0%] Built target ubuntu-clock-app_clock_QMlFiles
[  0%] Built target ubuntu-clock-app_stopwatch_QMlFiles
[  1%] Merging translations into ubuntu-clock-app.desktop...
[  1%] Built target ubuntu-clock-app_alarm_QMlFiles
Scanning dependencies of target ubuntu-clock-app_worldclock_QMlFiles
Scanning dependencies of target ubuntu-clock-app_components_QMlFiles
Scanning dependencies of target ubuntu-clock-app_upstream_components_QMlFiles
[  1%] Built target ubuntu-clock-app_worldclock_QMlFiles
[  1%] Built target ubuntu-clock-app_components_QMlFiles
[  1%] Built target ubuntu-clock-app_upstream_components_QMlFiles
Scanning dependencies of target worldclock_automoc
Scanning dependencies of target alarm-qmldir
Scanning dependencies of target stopwatch_automoc
[  2%] Automatic moc for target worldclock
[  3%] Automatic moc for target stopwatch
Generating moc_backend.cpp
[  3%] Built target alarm-qmldir
Generating moc_backend.cpp
Scanning dependencies of target worldclock-qmldir
[  3%] Built target worldclock-qmldir
Scanning dependencies of target stopwatch-qmldir
Generating moc_engine.cpp
Generating moc_datetime.cpp
[  3%] Built target stopwatch-qmldir
Scanning dependencies of target alarm_automoc
Generating moc_generictimezonemodel.cpp
[  4%] Automatic moc for target alarm
Generating moc_formattime.cpp
Generating moc_backend.cpp
Generating moc_geolocation.cpp
[  4%] Built target stopwatch_automoc
Scanning dependencies of target pofiles_65
Generating moc_settings.cpp
[  5%] Generating ca@valencia.gmo
Generating moc_jsontimezonemodel.cpp
[  5%] Built target pofiles_65
Generating moc_sound.cpp
Scanning dependencies of target pofiles_61
[  6%] Generating ta.gmo
[  6%] Built target pofiles_61
Generating moc_statictimezonemodel.cpp
[  6%] Built target alarm_automoc
Scanning dependencies of target pofiles_60
Scanning dependencies of target pofiles_56
[  7%] Generating vi.gmo
[  8%] Generating nb.gmo
[  8%] Built target pofiles_60
Merging translations into ubuntu-clock-app.desktop.
Scanning dependencies of target pofiles_55
[  8%] Built target pofiles_56
Generating moc_timezonemodel.cpp
[  8%] Built target ubuntu-clock-app.desktop
Scanning dependencies of target pofiles_52
Scanning dependencies of target pofiles_51
[ 10%] Generating uk.gmo
[ 11%] Generating am.gmo
[ 12%] Built target pofiles_55
[ 12%] Generating ast.gmo
Scanning dependencies of target pofiles_50
[ 12%] Built target pofiles_52
[ 12%] Built target pofiles_51
[ 13%] Generating de.gmo
[ 12%] Built target worldclock_automoc
Scanning dependencies of target pofiles_49
Scanning dependencies of target pofiles_19
[ 14%] Generating km.gmo
Scanning dependencies of target pofiles_39
[ 15%] Generating ar.gmo
[ 16%] Built target pofiles_50
[ 16%] Generating ru.gmo
[ 16%] Built target pofiles_49
Scanning dependencies of target pofiles_53
Scanning dependencies of target pofiles_17
[ 16%] Built target pofiles_19
[ 16%] Built target pofiles_39
[ 17%] Generating hu.gmo
[ 19%] Generating eo.gmo
Scanning dependencies of target pofiles_16
Scanning dependencies of target pofiles_45
[ 20%] Generating it.gmo
[ 20%] Built target pofiles_53
[ 21%] Generating br.gmo
Scanning dependencies of target pofiles_34
[ 21%] Built target pofiles_17
Scanning dependencies of target pofiles_62
[ 21%] Built target pofiles_16
[ 22%] Generating id.gmo
[ 21%] Built target pofiles_45
Scanning dependencies of target pofiles_2
[ 23%] Generating sl.gmo
Scanning dependencies of target pofiles_15
[ 24%] Generating es.gmo
[ 25%] Generating ia.gmo
[ 24%] Built target pofiles_34
[ 25%] Built target pofiles_62
Scanning dependencies of target pofiles_6
[ 25%] Built target pofiles_2
Scanning dependencies of target pofiles_33
[ 25%] Built target pofiles_15
[ 26%] Generating oc.gmo
Scanning dependencies of target pofiles_58
[ 28%] Generating cs.gmo
[ 28%] Built target pofiles_6
[ 29%] Generating ug.gmo
Scanning dependencies of target pofiles_44
Scanning dependencies of target pofiles_20
[ 30%] Generating fa.gmo
[ 31%] Generating az.gmo
[ 31%] Built target pofiles_33
[ 31%] Built target pofiles_58
Scanning dependencies of target pofiles_25
[ 31%] Built target pofiles_44
Scanning dependencies of target pofiles_13
[ 31%] Built target pofiles_20
[ 32%] Generating tk.gmo
[ 33%] Generating my.gmo
Scanning dependencies of target pofiles_12
Scanning dependencies of target pofiles_47
[ 34%] Generating fr.gmo
[ 35%] Generating tr.gmo
[ 33%] Built target pofiles_13
[ 34%] Built target pofiles_25
Scanning dependencies of target pofiles_11
Scanning dependencies of target pofiles_32
[ 35%] Built target pofiles_12
[ 37%] Generating sk.gmo
[ 35%] Built target pofiles_47
[ 38%] Generating he.gmo
Scanning dependencies of target pofiles_57
Scanning dependencies of target pofiles_38
[ 39%] Generating gd.gmo
[ 38%] Built target pofiles_11
[ 38%] Built target pofiles_32
Scanning dependencies of target pofiles_63
[ 40%] Generating ne.gmo
[ 40%] Built target pofiles_57
Scanning dependencies of target pofiles_9
[ 41%] Generating ko.gmo
[ 42%] Generating sr.gmo
[ 41%] Built target pofiles_38
Scanning dependencies of target pofiles_28
Scanning dependencies of target pofiles_59
[ 43%] Built target pofiles_63
[ 43%] Generating aa.gmo
[ 44%] Generating fur.gmo
[ 43%] Built target pofiles_9
Scanning dependencies of target pofiles_10
[ 46%] Generating zh_TW.gmo
Scanning dependencies of target pofiles_14
[ 46%] Built target pofiles_28
Scanning dependencies of target pofiles_18
[ 47%] Generating ku.gmo
[ 46%] Built target pofiles_59
[ 46%] Built target pofiles_10
Scanning dependencies of target pofiles_5
Scanning dependencies of target com.ubuntu.clock.pot
[ 48%] Generating da.gmo
[ 47%] Built target pofiles_14
[ 49%] Generating cy.gmo
Scanning dependencies of target pofiles_21
[ 50%] Generating translation template...
[ 50%] Built target pofiles_18
[ 50%] Built target pofiles_5
[ 51%] Generating en_GB.gmo
Scanning dependencies of target pofiles_30
Scanning dependencies of target pofiles_3
[ 52%] Generating fo.gmo
Wrote ubuntu-clock-app.desktop.in.in.h
[ 52%] Built target pofiles_21
Scanning dependencies of target pofiles_8
[ 53%] Generating ro.gmo
../app/components/Circle.qml:18: warning: unterminated string literal
../app/components/Circle.qml:46: warning: unterminated string literal
[ 55%] Generating bs.gmo
[ 55%] Built target pofiles_30
[ 55%] Built target pofiles_3
Scanning dependencies of target pofiles_31
Scanning dependencies of target pofiles_1
[ 55%] Built target com.ubuntu.clock.pot
[ 55%] Built target pofiles_8
[ 56%] Generating ca.gmo
Scanning dependencies of target pofiles_7
[ 57%] Generating pl.gmo
Scanning dependencies of target pofiles_35
[ 58%] Generating bg.gmo
[ 57%] Built target pofiles_1
Scanning dependencies of target pofiles_4
[ 58%] Built target pofiles_31
[ 59%] Generating ms.gmo
[ 60%] Generating pt.gmo
[ 59%] Built target pofiles_7
Scanning dependencies of target pofiles_22
Scanning dependencies of target pofiles_46
[ 61%] Generating lv.gmo
[ 61%] Built target pofiles_35
[ 61%] Built target pofiles_4
Scanning dependencies of target pofiles_24
Scanning dependencies of target pofiles_23
[ 62%] Generating sc.gmo
[ 61%] Built target pofiles_22
[ 64%] Generating eu.gmo
Scanning dependencies of target pofiles_64
[ 65%] Generating fr_CA.gmo
[ 66%] Generating pt_BR.gmo
[ 65%] Built target pofiles_46
Scanning dependencies of target pofiles_26
[ 66%] Built target pofiles_23
[ 66%] Built target pofiles_24
[ 67%] Generating kn.gmo
[ 66%] Built target pofiles_64
Scanning dependencies of target pofiles_27
Scanning dependencies of target pofiles_54
[ 68%] Generating en_AU.gmo
Scanning dependencies of target pofiles_48
[ 69%] Generating be.gmo
[ 68%] Built target pofiles_26
[ 70%] Generating fi.gmo
Scanning dependencies of target pofiles_29
[ 71%] Generating shn.gmo
[ 71%] Built target pofiles_27
[ 71%] Built target pofiles_54
[ 71%] Built target pofiles_48
Scanning dependencies of target pofiles_37
Scanning dependencies of target pofiles_42
Scanning dependencies of target pofiles_36
[ 73%] Generating pa.gmo
[ 75%] Generating el.gmo
[ 74%] Generating gl.gmo
[ 74%] Built target pofiles_29
Scanning dependencies of target pofiles_40
[ 75%] Built target pofiles_37
[ 75%] Built target pofiles_42
[ 75%] Built target pofiles_36
Scanning dependencies of target pofiles_43
Scanning dependencies of target pofiles_41
[ 76%] Generating zh_CN.gmo
Scanning dependencies of target tst_QmlFiles
[ 77%] Generating nl.gmo
[ 78%] Generating sv.gmo
[ 78%] Built target pofiles_40
[ 78%] Built target tst_QmlFiles
Scanning dependencies of target tst_Utils
Scanning dependencies of target stopwatch
[ 78%] Built target pofiles_43
[ 78%] Built target pofiles_41
Scanning dependencies of target alarm
[ 78%] Built target tst_Utils
Scanning dependencies of target worldclock
[ 79%] Building CXX object backend/CMakeFiles/stopwatch.dir/modules/Stopwatch/backend.cpp.o
[ 80%] Building CXX object backend/CMakeFiles/worldclock.dir/modules/WorldClock/backend.cpp.o
[ 82%] Building CXX object backend/CMakeFiles/stopwatch.dir/modules/Stopwatch/engine.cpp.o
[ 83%] Building CXX object backend/CMakeFiles/alarm.dir/modules/Alarm/backend.cpp.o
[ 84%] Building CXX object backend/CMakeFiles/stopwatch.dir/modules/Stopwatch/formattime.cpp.o
[ 85%] Building CXX object backend/CMakeFiles/worldclock.dir/modules/WorldClock/geolocation.cpp.o
[ 86%] Building CXX object backend/CMakeFiles/stopwatch.dir/stopwatch_automoc.cpp.o
[ 87%] Building CXX object backend/CMakeFiles/alarm.dir/modules/Alarm/settings.cpp.o
[ 88%] Building CXX object backend/CMakeFiles/alarm.dir/modules/Alarm/sound.cpp.o
[ 89%] Building CXX object backend/CMakeFiles/alarm.dir/alarm_automoc.cpp.o
[ 91%] Linking CXX shared module Stopwatch/libstopwatch.so
[ 92%] Building CXX object backend/CMakeFiles/worldclock.dir/modules/WorldClock/datetime.cpp.o
[ 92%] Built target stopwatch
[ 93%] Building CXX object backend/CMakeFiles/worldclock.dir/modules/WorldClock/timezonemodel.cpp.o
[ 94%] Building CXX object backend/CMakeFiles/worldclock.dir/modules/WorldClock/generictimezonemodel.cpp.o
[ 95%] Linking CXX shared module Alarm/libalarm.so
[ 96%] Building CXX object backend/CMakeFiles/worldclock.dir/modules/WorldClock/jsontimezonemodel.cpp.o
[ 96%] Built target alarm
[ 97%] Building CXX object backend/CMakeFiles/worldclock.dir/modules/WorldClock/statictimezonemodel.cpp.o
[ 98%] Building CXX object backend/CMakeFiles/worldclock.dir/worldclock_automoc.cpp.o
[100%] Linking CXX shared module WorldClock/libworldclock.so
[100%] Built target worldclock
yunit@yunit-VM:~/ubuntu-clock-app$ sudo make install
[sudo] password for yunit: 
[  1%] Merging translations into ubuntu-clock-app.desktop...
Merging translations into ubuntu-clock-app.desktop.
[  1%] Built target ubuntu-clock-app.desktop
[  1%] Built target ubuntu-clock-app_clock_QMlFiles
[  1%] Built target ubuntu-clock-app_alarm_QMlFiles
[  1%] Built target ubuntu-clock-app_stopwatch_QMlFiles
[  1%] Built target ubuntu-clock-app_components_QMlFiles
[  1%] Built target ubuntu-clock-app_worldclock_QMlFiles
[  1%] Built target ubuntu-clock-app_upstream_components_QMlFiles
[  2%] Automatic moc for target stopwatch
[  2%] Built target stopwatch_automoc
[  7%] Built target stopwatch
[  8%] Automatic moc for target worldclock
[  8%] Built target worldclock_automoc
[ 19%] Built target worldclock
[ 19%] Built target alarm-qmldir
[ 19%] Built target worldclock-qmldir
[ 19%] Built target stopwatch-qmldir
[ 20%] Automatic moc for target alarm
[ 20%] Built target alarm_automoc
[ 25%] Built target alarm
[ 26%] Built target pofiles_65
[ 28%] Built target pofiles_61
[ 29%] Built target pofiles_60
[ 30%] Built target pofiles_56
[ 31%] Built target pofiles_55
[ 32%] Built target pofiles_52
[ 33%] Built target pofiles_51
[ 34%] Built target pofiles_50
[ 35%] Built target pofiles_49
[ 37%] Built target pofiles_19
[ 38%] Built target pofiles_39
[ 39%] Built target pofiles_53
[ 40%] Built target pofiles_17
[ 41%] Built target pofiles_45
[ 42%] Built target pofiles_16
[ 43%] Built target pofiles_34
[ 44%] Built target pofiles_62
[ 46%] Built target pofiles_15
[ 47%] Built target pofiles_2
[ 48%] Built target pofiles_6
[ 49%] Built target pofiles_33
[ 50%] Built target pofiles_58
[ 51%] Built target pofiles_44
[ 52%] Built target pofiles_20
[ 53%] Built target pofiles_25
[ 55%] Built target pofiles_13
[ 56%] Built target pofiles_12
[ 57%] Built target pofiles_47
[ 58%] Built target pofiles_32
[ 59%] Built target pofiles_11
[ 60%] Built target pofiles_57
[ 61%] Built target pofiles_38
[ 62%] Built target pofiles_63
[ 64%] Built target pofiles_9
[ 65%] Built target pofiles_28
[ 66%] Built target pofiles_59
[ 67%] Built target pofiles_10
[ 68%] Built target pofiles_14
[ 69%] Built target pofiles_18
[ 70%] Generating translation template...
Wrote ubuntu-clock-app.desktop.in.in.h
../app/components/Circle.qml:18: warning: unterminated string literal
../app/components/Circle.qml:46: warning: unterminated string literal
[ 70%] Built target com.ubuntu.clock.pot
[ 71%] Built target pofiles_5
[ 73%] Built target pofiles_21
[ 74%] Built target pofiles_30
[ 75%] Built target pofiles_3
[ 76%] Built target pofiles_8
[ 77%] Built target pofiles_31
[ 78%] Built target pofiles_1
[ 79%] Built target pofiles_7
[ 80%] Built target pofiles_35
[ 82%] Built target pofiles_4
[ 83%] Built target pofiles_22
[ 84%] Built target pofiles_46
[ 85%] Built target pofiles_23
[ 86%] Built target pofiles_24
[ 87%] Built target pofiles_64
[ 88%] Built target pofiles_26
[ 89%] Built target pofiles_27
[ 91%] Built target pofiles_54
[ 92%] Built target pofiles_48
[ 93%] Built target pofiles_29
[ 94%] Built target pofiles_36
[ 95%] Built target pofiles_37
[ 96%] Built target pofiles_42
[ 97%] Built target pofiles_40
[ 98%] Built target pofiles_41
[100%] Built target pofiles_43
[100%] Built target tst_QmlFiles
[100%] Built target tst_Utils
Install the project...
-- Install configuration: ""
-- Installing: /usr/share/url-dispatcher/urls/com.ubuntu.clock_clock.url-dispatcher
-- Installing: /usr/share/applications/ubuntu-clock-app.desktop
-- Installing: /usr/share/ubuntu-clock-app/ubuntu-clock-app.qml
-- Installing: /usr/share/ubuntu-clock-app/MainPage.qml
-- Installing: /usr/share/ubuntu-clock-app/clock/ClockPage.qml
-- Installing: /usr/share/ubuntu-clock-app/clock/MainClock.qml
-- Installing: /usr/share/ubuntu-clock-app/alarm/AlarmDelegate.qml
-- Installing: /usr/share/ubuntu-clock-app/alarm/AlarmLabel.qml
-- Installing: /usr/share/ubuntu-clock-app/alarm/AlarmList.qml
-- Installing: /usr/share/ubuntu-clock-app/alarm/AlarmModelComponent.qml
-- Installing: /usr/share/ubuntu-clock-app/alarm/AlarmPage.qml
-- Installing: /usr/share/ubuntu-clock-app/alarm/AlarmRepeat.qml
-- Installing: /usr/share/ubuntu-clock-app/alarm/AlarmSettingsPage.qml
-- Installing: /usr/share/ubuntu-clock-app/alarm/AlarmSound.qml
-- Installing: /usr/share/ubuntu-clock-app/alarm/AlarmUtils.qml
-- Installing: /usr/share/ubuntu-clock-app/alarm/EditAlarmPage.qml
-- Installing: /usr/share/ubuntu-clock-app/alarm/SoundPeerPicker.qml
-- Installing: /usr/share/ubuntu-clock-app/stopwatch/LapListView.qml
-- Installing: /usr/share/ubuntu-clock-app/stopwatch/LapsListDelegate.qml
-- Installing: /usr/share/ubuntu-clock-app/stopwatch/StopwatchFace.qml
-- Installing: /usr/share/ubuntu-clock-app/stopwatch/StopwatchPage.qml
-- Installing: /usr/share/ubuntu-clock-app/graphics/Hour_Hand@27.png
-- Installing: /usr/share/ubuntu-clock-app/graphics/Hour_Hand_Shadow@27.png
-- Installing: /usr/share/ubuntu-clock-app/graphics/Inner_Clock_Texture@27.png
-- Installing: /usr/share/ubuntu-clock-app/graphics/Knob@27.png
-- Installing: /usr/share/ubuntu-clock-app/graphics/Minute_Hand@27.png
-- Installing: /usr/share/ubuntu-clock-app/graphics/Minute_Hand_Shadow@27.png
-- Installing: /usr/share/ubuntu-clock-app/graphics/Second_Hand@27.png
-- Installing: /usr/share/ubuntu-clock-app/graphics/Second_Hand_Shadow@27.png
-- Installing: /usr/share/ubuntu-clock-app/components/AlarmBottomEdge.qml
-- Installing: /usr/share/ubuntu-clock-app/components/ActionIcon.qml
-- Installing: /usr/share/ubuntu-clock-app/components/AnalogMode.qml
-- Installing: /usr/share/ubuntu-clock-app/components/AnalogShadow.qml
-- Installing: /usr/share/ubuntu-clock-app/components/Circle.qml
-- Installing: /usr/share/ubuntu-clock-app/components/Clock.qml
-- Installing: /usr/share/ubuntu-clock-app/components/ClockCircle.qml
-- Installing: /usr/share/ubuntu-clock-app/components/DigitalMode.qml
-- Installing: /usr/share/ubuntu-clock-app/components/DigitalShadow.qml
-- Installing: /usr/share/ubuntu-clock-app/components/EmptyState.qml
-- Installing: /usr/share/ubuntu-clock-app/components/ExpandableListItem.qml
-- Installing: /usr/share/ubuntu-clock-app/components/HeaderNavigation.qml
-- Installing: /usr/share/ubuntu-clock-app/components/Shadow.qml
-- Installing: /usr/share/ubuntu-clock-app/worldclock/AddWorldCityButton.qml
-- Installing: /usr/share/ubuntu-clock-app/worldclock/UserWorldCityDelegate.qml
-- Installing: /usr/share/ubuntu-clock-app/worldclock/UserWorldCityList.qml
-- Installing: /usr/share/ubuntu-clock-app/worldclock/WorldCityList.qml
-- Installing: /usr/share/ubuntu-clock-app/upstreamcomponents/FastScroll.js
-- Installing: /usr/share/ubuntu-clock-app/upstreamcomponents/FastScroll.qml
-- Installing: /usr/lib/x86_64-linux-gnu/qt5/qml/ClockApp/Alarm/libalarm.so
-- Installing: /usr/lib/x86_64-linux-gnu/qt5/qml/ClockApp/Alarm/qmldir
-- Installing: /usr/lib/x86_64-linux-gnu/qt5/qml/ClockApp/WorldClock/libworldclock.so
-- Installing: /usr/lib/x86_64-linux-gnu/qt5/qml/ClockApp/WorldClock/qmldir
-- Installing: /usr/lib/x86_64-linux-gnu/qt5/qml/ClockApp/Stopwatch/libstopwatch.so
-- Installing: /usr/lib/x86_64-linux-gnu/qt5/qml/ClockApp/Stopwatch/qmldir
-- Installing: /usr/share/locale/ca/LC_MESSAGES/com.ubuntu.clock.mo
-- Installing: /usr/share/locale/es/LC_MESSAGES/com.ubuntu.clock.mo
-- Installing: /usr/share/locale/ro/LC_MESSAGES/com.ubuntu.clock.mo
-- Installing: /usr/share/locale/pt/LC_MESSAGES/com.ubuntu.clock.mo
-- Installing: /usr/share/locale/cy/LC_MESSAGES/com.ubuntu.clock.mo
-- Installing: /usr/share/locale/oc/LC_MESSAGES/com.ubuntu.clock.mo
-- Installing: /usr/share/locale/bg/LC_MESSAGES/com.ubuntu.clock.mo
-- Installing: /usr/share/locale/bs/LC_MESSAGES/com.ubuntu.clock.mo
-- Installing: /usr/share/locale/sr/LC_MESSAGES/com.ubuntu.clock.mo
-- Installing: /usr/share/locale/zh_TW/LC_MESSAGES/com.ubuntu.clock.mo
-- Installing: /usr/share/locale/sk/LC_MESSAGES/com.ubuntu.clock.mo
-- Installing: /usr/share/locale/fr/LC_MESSAGES/com.ubuntu.clock.mo
-- Installing: /usr/share/locale/my/LC_MESSAGES/com.ubuntu.clock.mo
-- Installing: /usr/share/locale/ku/LC_MESSAGES/com.ubuntu.clock.mo
-- Installing: /usr/share/locale/ia/LC_MESSAGES/com.ubuntu.clock.mo
-- Installing: /usr/share/locale/it/LC_MESSAGES/com.ubuntu.clock.mo
-- Installing: /usr/share/locale/eo/LC_MESSAGES/com.ubuntu.clock.mo
-- Installing: /usr/share/locale/da/LC_MESSAGES/com.ubuntu.clock.mo
-- Installing: /usr/share/locale/ar/LC_MESSAGES/com.ubuntu.clock.mo
-- Installing: /usr/share/locale/az/LC_MESSAGES/com.ubuntu.clock.mo
-- Installing: /usr/share/locale/en_GB/LC_MESSAGES/com.ubuntu.clock.mo
-- Installing: /usr/share/locale/lv/LC_MESSAGES/com.ubuntu.clock.mo
-- Installing: /usr/share/locale/eu/LC_MESSAGES/com.ubuntu.clock.mo
-- Installing: /usr/share/locale/fr_CA/LC_MESSAGES/com.ubuntu.clock.mo
-- Installing: /usr/share/locale/tk/LC_MESSAGES/com.ubuntu.clock.mo
-- Installing: /usr/share/locale/kn/LC_MESSAGES/com.ubuntu.clock.mo
-- Installing: /usr/share/locale/be/LC_MESSAGES/com.ubuntu.clock.mo
-- Installing: /usr/share/locale/aa/LC_MESSAGES/com.ubuntu.clock.mo
-- Installing: /usr/share/locale/shn/LC_MESSAGES/com.ubuntu.clock.mo
-- Installing: /usr/share/locale/fo/LC_MESSAGES/com.ubuntu.clock.mo
-- Installing: /usr/share/locale/pl/LC_MESSAGES/com.ubuntu.clock.mo
-- Installing: /usr/share/locale/he/LC_MESSAGES/com.ubuntu.clock.mo
-- Installing: /usr/share/locale/ug/LC_MESSAGES/com.ubuntu.clock.mo
-- Installing: /usr/share/locale/id/LC_MESSAGES/com.ubuntu.clock.mo
-- Installing: /usr/share/locale/ms/LC_MESSAGES/com.ubuntu.clock.mo
-- Installing: /usr/share/locale/el/LC_MESSAGES/com.ubuntu.clock.mo
-- Installing: /usr/share/locale/pa/LC_MESSAGES/com.ubuntu.clock.mo
-- Installing: /usr/share/locale/ne/LC_MESSAGES/com.ubuntu.clock.mo
-- Installing: /usr/share/locale/ru/LC_MESSAGES/com.ubuntu.clock.mo
-- Installing: /usr/share/locale/zh_CN/LC_MESSAGES/com.ubuntu.clock.mo
-- Installing: /usr/share/locale/nl/LC_MESSAGES/com.ubuntu.clock.mo
-- Installing: /usr/share/locale/gl/LC_MESSAGES/com.ubuntu.clock.mo
-- Installing: /usr/share/locale/sv/LC_MESSAGES/com.ubuntu.clock.mo
-- Installing: /usr/share/locale/fa/LC_MESSAGES/com.ubuntu.clock.mo
-- Installing: /usr/share/locale/br/LC_MESSAGES/com.ubuntu.clock.mo
-- Installing: /usr/share/locale/sc/LC_MESSAGES/com.ubuntu.clock.mo
-- Installing: /usr/share/locale/tr/LC_MESSAGES/com.ubuntu.clock.mo
-- Installing: /usr/share/locale/fi/LC_MESSAGES/com.ubuntu.clock.mo
-- Installing: /usr/share/locale/km/LC_MESSAGES/com.ubuntu.clock.mo
-- Installing: /usr/share/locale/de/LC_MESSAGES/com.ubuntu.clock.mo
-- Installing: /usr/share/locale/ast/LC_MESSAGES/com.ubuntu.clock.mo
-- Installing: /usr/share/locale/am/LC_MESSAGES/com.ubuntu.clock.mo
-- Installing: /usr/share/locale/hu/LC_MESSAGES/com.ubuntu.clock.mo
-- Installing: /usr/share/locale/en_AU/LC_MESSAGES/com.ubuntu.clock.mo
-- Installing: /usr/share/locale/uk/LC_MESSAGES/com.ubuntu.clock.mo
-- Installing: /usr/share/locale/nb/LC_MESSAGES/com.ubuntu.clock.mo
-- Installing: /usr/share/locale/gd/LC_MESSAGES/com.ubuntu.clock.mo
-- Installing: /usr/share/locale/cs/LC_MESSAGES/com.ubuntu.clock.mo
-- Installing: /usr/share/locale/fur/LC_MESSAGES/com.ubuntu.clock.mo
-- Installing: /usr/share/locale/vi/LC_MESSAGES/com.ubuntu.clock.mo
-- Installing: /usr/share/locale/ta/LC_MESSAGES/com.ubuntu.clock.mo
-- Installing: /usr/share/locale/sl/LC_MESSAGES/com.ubuntu.clock.mo
-- Installing: /usr/share/locale/ko/LC_MESSAGES/com.ubuntu.clock.mo
-- Installing: /usr/share/locale/pt_BR/LC_MESSAGES/com.ubuntu.clock.mo
-- Installing: /usr/share/locale/ca@valencia/LC_MESSAGES/com.ubuntu.clock.mo
-- Installing: /usr/lib/python3/dist-packages/ubuntu_clock_app
-- Installing: /usr/lib/python3/dist-packages/ubuntu_clock_app/tests
-- Installing: /usr/lib/python3/dist-packages/ubuntu_clock_app/tests/test_clock.py
-- Installing: /usr/lib/python3/dist-packages/ubuntu_clock_app/tests/test_stopwatch.py
-- Installing: /usr/lib/python3/dist-packages/ubuntu_clock_app/tests/test_alarm.py
-- Installing: /usr/lib/python3/dist-packages/ubuntu_clock_app/tests/__init__.py
-- Installing: /usr/lib/python3/dist-packages/ubuntu_clock_app/__init__.py
yunit@yunit-VM:~/ubuntu-clock-app$ clock
The program 'clock' is currently not installed. You can install it by typing:
sudo apt install xview-clients
yunit@yunit-VM:~/ubuntu-clock-app$ cd ..
yunit@yunit-VM:~$ ubuntu-clock-app
ubuntu-clock-app: command not found
yunit@yunit-VM:~$ ls /usr/
bin/     include/ local/   sbin/    src/     
games/   lib/     locale/  share/   
yunit@yunit-VM:~$ ls /usr/bin/
Display all 1742 possibilities? (y or n)
yunit@yunit-VM:~$ less /usr/share/
Display all 300 possibilities? (y or n)
yunit@yunit-VM:~$ less /usr/share/ap
apparmor/             app-install/          apport/
appdata/              application-registry/ apps/
app-info/             applications/         apturl/
yunit@yunit-VM:~$ less /usr/share/ap
apparmor/             app-install/          apport/
appdata/              application-registry/ apps/
app-info/             applications/         apturl/
yunit@yunit-VM:~$ less /usr/share/apps/
/usr/share/apps/ is a directory
yunit@yunit-VM:~$ ls /usr/share/apps/
konsole
yunit@yunit-VM:~$ ls /usr/share/applications/
activity-log-manager.desktop         onboard.desktop
apport-gtk.desktop                   onboard-settings.desktop
apturl.desktop                       orca.desktop
bamf-2.index                         org.gnome.baobab.desktop
bluetooth-sendto.desktop             org.gnome.Calendar.desktop
checkbox-converged.desktop           org.gnome.Cheese.desktop
cheese.desktop                       org.gnome.DiskUtility.desktop
compiz.desktop                       org.gnome.FileRoller.desktop
credentials-preferences.desktop      org.gnome.font-viewer.desktop
debian-uxterm.desktop                org.gnome.gedit.desktop
debian-xterm.desktop                 org.gnome.Nautilus.desktop
defaults.list                        org.gnome.Screenshot.desktop
deja-dup.desktop                     org.gnome.Software.desktop
deja-dup-preferences.desktop         org.gnome.Totem.desktop
display-im6.desktop                  python2.7.desktop
display-im6.q16.desktop              python3.5.desktop
eog.desktop                          reboot.desktop
evince.desktop                       remmina.desktop
evince-previewer.desktop             rhythmbox.desktop
evolution-data-server-uoa.desktop    rhythmbox-device.desktop
file-roller.desktop                  seahorse.desktop
firefox.desktop                      shotwell.desktop
gcr-prompter.desktop                 shotwell-viewer.desktop
gcr-viewer.desktop                   shutdown.desktop
gedit.desktop                        signon-ui.desktop
geoclue-where-am-i.desktop           simple-scan.desktop
gkbd-keyboard-display.desktop        software-properties-drivers.desktop
gnome-calculator.desktop             software-properties-gnome.desktop
gnome-disk-image-mounter.desktop     software-properties-gtk.desktop
gnome-disk-image-writer.desktop      sol.desktop
gnome-mahjongg.desktop               system-config-printer.desktop
gnome-mines.desktop                  thunderbird.desktop
gnome-power-statistics.desktop       totem.desktop
gnome-session-properties.desktop     transmission-gtk.desktop
gnome-software-local-file.desktop    ubuntu-clock-app.desktop
gnome-sudoku.desktop                 unity-activity-log-manager-panel.desktop
gnome-system-log.desktop             unity-appearance-panel.desktop
gnome-system-monitor.desktop         unity-bluetooth-panel.desktop
gnome-system-monitor-kde.desktop     unity-color-panel.desktop
gnome-terminal.desktop               unity-control-center.desktop
gnome-user-share-properties.desktop  unity-credentials-panel.desktop
gnome-user-share-webdav.desktop      unity-datetime-panel.desktop
gucharmap.desktop                    unity-deja-dup-panel.desktop
hplj1020.desktop                     unity-display-panel.desktop
ibus-setup.desktop                   unity-info-panel.desktop
ibus-setup-table.desktop             unity-keyboard-panel.desktop
im-config.desktop                    unity-lens-photos.desktop
language-selector.desktop            unity-mouse-panel.desktop
libreoffice-calc.desktop             unity-network-panel.desktop
libreoffice-draw.desktop             unity-power-panel.desktop
libreoffice-impress.desktop          unity-region-panel.desktop
libreoffice-math.desktop             unity-scope-gdrive.desktop
libreoffice-startcenter.desktop      unity-screen-panel.desktop
libreoffice-writer.desktop           unity-sound-panel.desktop
libreoffice-xsltfilter.desktop       unity-universal-access-panel.desktop
logout.desktop                       unity-user-accounts-panel.desktop
mimeinfo.cache                       unity-wacom-panel.desktop
mount-archive.desktop                unitywebappsqmllauncher.desktop
nautilus-autorun-software.desktop    update-accounts.desktop
nautilus-classic.desktop             update-manager.desktop
nautilus-connect-server.desktop      usb-creator-gtk.desktop
nautilus.desktop                     vim.desktop
nautilus-folder-handler.desktop      vino-preferences.desktop
nautilus-home.desktop                vino-server.desktop
nm-applet.desktop                    xdiagnose.desktop
nm-connection-editor.desktop         yelp.desktop
yunit@yunit-VM:~$ less /usr/share/applications/ubuntu-clock-app.desktop 
yunit@yunit-VM:~$ qmlscene $@ -I /usr/lib/x86_64-linux-gnu/qt5/qml/ClockApp  /usr/share/ubuntu-clock-app/ubuntu-clock-app.qml
[LOG] Loading laps from  "/home/yunit/.config/com.ubuntu.clock/com.ubuntu.clock.conf"
qml: [LOG]: Stopwatch Page Loaded
qml: [LOG]: Clock Page loaded
file:///usr/share/ubuntu-clock-app/components/AlarmBottomEdge.qml:23:1: QML AlarmBottomEdge: Binding loop detected for property "alarmModel"
[PERFORMANCE]: Last frame took 243 ms to render.
WARNING: alarm manager "eds" not installed, using "memory"
qml: [LOG]: Alarm Database loaded
qml: [LOG]: Alarm Page loaded
qml: [LOG]: Stopping geolocation update service
[PERFORMANCE]: Last frame took 115 ms to render.
yunit@yunit-VM:~$ git clone https://github.com/UbuntuOpenStore/openstore-app.git
The program 'git' is currently not installed. You can install it by typing:
sudo apt install git
yunit@yunit-VM:~$ sudo apt install git
[sudo] password for yunit: 
Reading package lists... Done
Building dependency tree       
Reading state information... Done
The following additional packages will be installed:
  git-man liberror-perl
Suggested packages:
  git-daemon-run | git-daemon-sysvinit git-doc git-el git-email git-gui gitk gitweb git-arch git-cvs
  git-mediawiki git-svn
The following NEW packages will be installed:
  git git-man liberror-perl
0 upgraded, 3 newly installed, 0 to remove and 245 not upgraded.
Need to get 3.857 kB of archives.
After this operation, 25,6 MB of additional disk space will be used.
Do you want to continue? [Y/n] 
Get:1 http://de.archive.ubuntu.com/ubuntu xenial/main amd64 liberror-perl all 0.17-1.2 [19,6 kB]
Get:2 http://de.archive.ubuntu.com/ubuntu xenial-updates/main amd64 git-man all 1:2.7.4-0ubuntu1.3 [736 kB]
Get:3 http://de.archive.ubuntu.com/ubuntu xenial-updates/main amd64 git amd64 1:2.7.4-0ubuntu1.3 [3.102 kB]
Fetched 3.857 kB in 3s (1.110 kB/s)
Selecting previously unselected package liberror-perl.
(Reading database ... 186202 files and directories currently installed.)
Preparing to unpack .../liberror-perl_0.17-1.2_all.deb ...
Unpacking liberror-perl (0.17-1.2) ...
Selecting previously unselected package git-man.
Preparing to unpack .../git-man_1%3a2.7.4-0ubuntu1.3_all.deb ...
Unpacking git-man (1:2.7.4-0ubuntu1.3) ...
Selecting previously unselected package git.
Preparing to unpack .../git_1%3a2.7.4-0ubuntu1.3_amd64.deb ...
Unpacking git (1:2.7.4-0ubuntu1.3) ...
Processing triggers for man-db (2.7.5-1) ...
Setting up liberror-perl (0.17-1.2) ...
Setting up git-man (1:2.7.4-0ubuntu1.3) ...
Setting up git (1:2.7.4-0ubuntu1.3) ...
yunit@yunit-VM:~$ git clone https://github.com/UbuntuOpenStore/openstore-app.git
Cloning into 'openstore-app'...
remote: Counting objects: 1146, done.
remote: Compressing objects: 100% (64/64), done.
remote: Total 1146 (delta 91), reused 81 (delta 56), pack-reused 1026
Receiving objects: 100% (1146/1146), 551.33 KiB | 441.00 KiB/s, done.
Resolving deltas: 100% (840/840), done.
Checking connectivity... done.
yunit@yunit-VM:~$ cd openstore-app/
yunit@yunit-VM:~/openstore-app$ ls
clickable.json  LICENSE           openstore      osserviceregistry  README.md
COPYING         manifest.json.in  openstore.pro  po
yunit@yunit-VM:~/openstore-app$ qmake openstore.pro 
/home/yunit/openstore-app/openstore.pro:7: Cannot find feature ubuntu-click
yunit@yunit-VM:~/openstore-app$ sudo apt install libcli
libcli1.9                   libclipper2v5-dbg           libclips-dev
libclick-0.4-0              libclipper-dev              libcliquer1
libclick-0.4-dev            libclipper-doc              libcliquer-dev
libcli-dev                  libclippoly0                libclirr-maven-plugin-java
libcli-framework-perl       libclippoly-dev             
libclipper2v5               libclips                    
yunit@yunit-VM:~/openstore-app$ sudo apt install libclick-0.4-dev ubuntu-sdk-qmake-extras 
Reading package lists... Done
Building dependency tree       
Reading state information... Done
The following additional packages will be installed:
  libglib2.0-dev libjson-glib-dev libpcre3-dev libpcre32-3 libpcrecpp0v5
Suggested packages:
  libglib2.0-doc libjson-glib-doc
The following NEW packages will be installed:
  libclick-0.4-dev libglib2.0-dev libjson-glib-dev libpcre3-dev libpcre32-3 libpcrecpp0v5
  ubuntu-sdk-qmake-extras
0 upgraded, 7 newly installed, 0 to remove and 245 not upgraded.
Need to get 2.094 kB of archives.
After this operation, 12,6 MB of additional disk space will be used.
Do you want to continue? [Y/n] 
Get:1 http://de.archive.ubuntu.com/ubuntu xenial/main amd64 libpcrecpp0v5 amd64 2:8.38-3.1 [15,2 kB]
Get:2 http://ppa.launchpad.net/ci-train-ppa-service/stable-phone-overlay/ubuntu xenial/main amd64 libclick-0.4-dev amd64 0.4.45+16.04.20160828.1-0ubuntu1 [8.582 B]
Get:3 http://de.archive.ubuntu.com/ubuntu xenial/main amd64 libpcre32-3 amd64 2:8.38-3.1 [136 kB]
Get:4 http://de.archive.ubuntu.com/ubuntu xenial/main amd64 libpcre3-dev amd64 2:8.38-3.1 [525 kB]
Get:5 http://ppa.launchpad.net/ci-train-ppa-service/stable-phone-overlay/ubuntu xenial/main amd64 ubuntu-sdk-qmake-extras amd64 3.5.2+16.04.20160823-0ubuntu1 [3.952 B]
Get:6 http://de.archive.ubuntu.com/ubuntu xenial-updates/main amd64 libglib2.0-dev amd64 2.48.2-0ubuntu1 [1.378 kB]
Get:7 http://de.archive.ubuntu.com/ubuntu xenial/main amd64 libjson-glib-dev amd64 1.1.2-0ubuntu1 [27,8 kB]
Fetched 2.094 kB in 1s (1.221 kB/s)    
Selecting previously unselected package libpcrecpp0v5:amd64.
(Reading database ... 187017 files and directories currently installed.)
Preparing to unpack .../libpcrecpp0v5_2%3a8.38-3.1_amd64.deb ...
Unpacking libpcrecpp0v5:amd64 (2:8.38-3.1) ...
Selecting previously unselected package libpcre32-3:amd64.
Preparing to unpack .../libpcre32-3_2%3a8.38-3.1_amd64.deb ...
Unpacking libpcre32-3:amd64 (2:8.38-3.1) ...
Selecting previously unselected package libpcre3-dev:amd64.
Preparing to unpack .../libpcre3-dev_2%3a8.38-3.1_amd64.deb ...
Unpacking libpcre3-dev:amd64 (2:8.38-3.1) ...
Selecting previously unselected package libglib2.0-dev.
Preparing to unpack .../libglib2.0-dev_2.48.2-0ubuntu1_amd64.deb ...
Unpacking libglib2.0-dev (2.48.2-0ubuntu1) ...
Selecting previously unselected package libjson-glib-dev:amd64.
Preparing to unpack .../libjson-glib-dev_1.1.2-0ubuntu1_amd64.deb ...
Unpacking libjson-glib-dev:amd64 (1.1.2-0ubuntu1) ...
Selecting previously unselected package libclick-0.4-dev:amd64.
Preparing to unpack .../libclick-0.4-dev_0.4.45+16.04.20160828.1-0ubuntu1_amd64.deb ...
Unpacking libclick-0.4-dev:amd64 (0.4.45+16.04.20160828.1-0ubuntu1) ...
Selecting previously unselected package ubuntu-sdk-qmake-extras.
Preparing to unpack .../ubuntu-sdk-qmake-extras_3.5.2+16.04.20160823-0ubuntu1_amd64.deb ...
Unpacking ubuntu-sdk-qmake-extras (3.5.2+16.04.20160823-0ubuntu1) ...
Processing triggers for libc-bin (2.23-0ubuntu9) ...
Processing triggers for man-db (2.7.5-1) ...
Processing triggers for libglib2.0-0:amd64 (2.48.2-0ubuntu1) ...
Setting up libpcrecpp0v5:amd64 (2:8.38-3.1) ...
Setting up libpcre32-3:amd64 (2:8.38-3.1) ...
Setting up libpcre3-dev:amd64 (2:8.38-3.1) ...
Setting up libglib2.0-dev (2.48.2-0ubuntu1) ...
Setting up libjson-glib-dev:amd64 (1.1.2-0ubuntu1) ...
Setting up libclick-0.4-dev:amd64 (0.4.45+16.04.20160828.1-0ubuntu1) ...
Setting up ubuntu-sdk-qmake-extras (3.5.2+16.04.20160823-0ubuntu1) ...
Processing triggers for libc-bin (2.23-0ubuntu9) ...
yunit@yunit-VM:~/openstore-app$ qmake openstore.pro 
yunit@yunit-VM:~/openstore-app$ make -j4
sed s/@CLICK_ARCH@/amd64/g /home/yunit/openstore-app/manifest.json.in > /home/yunit/openstore-app/manifest.json
cd openstore/ && ( test -e Makefile || /usr/lib/x86_64-linux-gnu/qt5/bin/qmake /home/yunit/openstore-app/openstore/openstore.pro -o Makefile ) && make -f Makefile 
cd osserviceregistry/ && ( test -e Makefile || /usr/lib/x86_64-linux-gnu/qt5/bin/qmake /home/yunit/openstore-app/osserviceregistry/osserviceregistry.pro -o Makefile ) && make -f Makefile 
cd /home/yunit/openstore-app/po && LC_ALL=C intltool-update -d ca -g openstore.openstore-team -x && mkdir -p /home/yunit/openstore-app/po && touch /home/yunit/openstore-app/po/ca.po.updated
cd /home/yunit/openstore-app/po && LC_ALL=C intltool-update -d cs -g openstore.openstore-team -x && mkdir -p /home/yunit/openstore-app/po && touch /home/yunit/openstore-app/po/cs.po.updated
Project MESSAGE: openstore.apparmor openstore.desktop openstore.svg openstore.url-dispatcher openstore-contenthub.json
Merging ./cs.po with openstore.openstore-team.pot...Merging ./ca.po with openstore.openstore-team.pot.................. done.
. done.
make[1]: Entering directory '/home/yunit/openstore-app/osserviceregistry'
g++ -c -m64 -pipe -O2 -std=gnu++0x -Wall -W -D_REENTRANT -fPIC -DQT_NO_DEBUG -DQT_CORE_LIB -I. -isystem /usr/include/x86_64-linux-gnu/qt5 -isystem /usr/include/x86_64-linux-gnu/qt5/QtCore -I. -I/usr/lib/x86_64-linux-gnu/qt5/mkspecs/linux-g++-64 -o main.o main.cpp
73 translated messages73 translated messages.
.
make[1]: Entering directory '/home/yunit/openstore-app/openstore'
g++ -c -m64 -pipe -O2 -std=gnu++0x -Wall -W -D_REENTRANT -fPIC -DQT_NO_KEYWORDS -DQT_NO_DEBUG -DQT_QUICK_LIB -DQT_GUI_LIB -DQT_QML_LIB -DQT_NETWORK_LIB -DQT_CORE_LIB -I. -isystem /usr/include/click-0.4 -isystem /usr/include/glib-2.0 -I/usr/lib/x86_64-linux-gnu/glib-2.0/include -I/usr/lib/arm-linux-gnueabihf/glib-2.0/include -isystem /usr/include/json-glib-1.0 -isystem /usr/include/x86_64-linux-gnu/qt5 -isystem /usr/include/x86_64-linux-gnu/qt5/QtQuick -isystem /usr/include/x86_64-linux-gnu/qt5/QtGui -isystem /usr/include/x86_64-linux-gnu/qt5/QtQml -isystem /usr/include/x86_64-linux-gnu/qt5/QtNetwork -isystem /usr/include/x86_64-linux-gnu/qt5/QtCore -I. -I/usr/lib/x86_64-linux-gnu/qt5/mkspecs/linux-g++-64 -o main.o main.cpp
cd /home/yunit/openstore-app/po && LC_ALL=C intltool-update -d de -g openstore.openstore-team -x && mkdir -p /home/yunit/openstore-app/po && touch /home/yunit/openstore-app/po/de.po.updated
cd /home/yunit/openstore-app/po && LC_ALL=C intltool-update -d es -g openstore.openstore-team -x && mkdir -p /home/yunit/openstore-app/po && touch /home/yunit/openstore-app/po/es.po.updated
Merging ./es.po with openstore.openstore-team.pot...Merging ./de.po with openstore.openstore-team.pot............ done.
....... done.
73 translated messages73 translated messages.
.
cd /home/yunit/openstore-app/po && LC_ALL=C intltool-update -d eu -g openstore.openstore-team -x && mkdir -p /home/yunit/openstore-app/po && touch /home/yunit/openstore-app/po/eu.po.updated
cd /home/yunit/openstore-app/po && LC_ALL=C intltool-update -d fi -g openstore.openstore-team -x && mkdir -p /home/yunit/openstore-app/po && touch /home/yunit/openstore-app/po/fi.po.updated
Merging ./eu.po with openstore.openstore-team.pot...Merging ./fi.po with openstore.openstore-team.pot............ done.
....... done.
72 translated messages, 1 fuzzy translation.
68 translated messagescd /home/yunit/openstore-app/po && LC_ALL=C intltool-update -d fr -g openstore.openstore-team -x && mkdir -p /home/yunit/openstore-app/po && touch /home/yunit/openstore-app/po/fr.po.updated
, 5 untranslated messages.
cd /home/yunit/openstore-app/po && LC_ALL=C intltool-update -d he -g openstore.openstore-team -x && mkdir -p /home/yunit/openstore-app/po && touch /home/yunit/openstore-app/po/he.po.updated
Merging ./fr.po with openstore.openstore-team.pot........... done.
Merging ./he.po with openstore.openstore-team.pot........... done.
73 translated messages.
cd /home/yunit/openstore-app/po && LC_ALL=C intltool-update -d it -g openstore.openstore-team -x && mkdir -p /home/yunit/openstore-app/po && touch /home/yunit/openstore-app/po/it.po.updated
54 translated messages, 7 fuzzy translations, 12 untranslated messages.
cd /home/yunit/openstore-app/po && LC_ALL=C intltool-update -d nl -g openstore.openstore-team -x && mkdir -p /home/yunit/openstore-app/po && touch /home/yunit/openstore-app/po/nl.po.updated
Merging ./it.po with openstore.openstore-team.pot........... done.
Merging ./nl.po with openstore.openstore-team.pot....73 translated messages....... done.
.
cd /home/yunit/openstore-app/po && LC_ALL=C intltool-update -d openstore_WEB-CA -g openstore.openstore-team -x && mkdir -p /home/yunit/openstore-app/po && touch /home/yunit/openstore-app/po/openstore_WEB-CA.po.updated
60 translated messages, 7 fuzzy translations, 6 untranslated messages.
cd /home/yunit/openstore-app/po && LC_ALL=C intltool-update -d pl -g openstore.openstore-team -x && mkdir -p /home/yunit/openstore-app/po && touch /home/yunit/openstore-app/po/pl.po.updated
Merging ./openstore_WEB-CA.po with openstore.openstore-team.pot........... done.
Merging ./pl.po with openstore.openstore-team.pot....0 translated messages....... done.
, 73 untranslated messages.
cd /home/yunit/openstore-app/po && LC_ALL=C intltool-update -d pt -g openstore.openstore-team -x && mkdir -p /home/yunit/openstore-app/po && touch /home/yunit/openstore-app/po/pt.po.updated
71 translated messages, 2 fuzzy translations.
cd /home/yunit/openstore-app/po && LC_ALL=C intltool-update -d pt_BR -g openstore.openstore-team -x && mkdir -p /home/yunit/openstore-app/po && touch /home/yunit/openstore-app/po/pt_BR.po.updated
Merging ./pt.po with openstore.openstore-team.pot........... done.
Merging ./pt_BR.po with openstore.openstore-team.pot........... done.
72 translated messages, 1 untranslated message.
cd /home/yunit/openstore-app/po && LC_ALL=C intltool-update -d ru -g openstore.openstore-team -x && mkdir -p /home/yunit/openstore-app/po && touch /home/yunit/openstore-app/po/ru.po.updated
11 translated messages, 1 fuzzy translation, 61 untranslated messages.
cd /home/yunit/openstore-app/po && LC_ALL=C intltool-update -d sc -g openstore.openstore-team -x && mkdir -p /home/yunit/openstore-app/po && touch /home/yunit/openstore-app/po/sc.po.updated
Merging ./ru.po with openstore.openstore-team.pot....Merging ./sc.po with openstore.openstore-team.pot.......... done.
........ done.
40 translated messages, 5 fuzzy translations, 28 untranslated messages.
cd /home/yunit/openstore-app/po && LC_ALL=C intltool-update -d sk -g openstore.openstore-team -x && mkdir -p /home/yunit/openstore-app/po && touch /home/yunit/openstore-app/po/sk.po.updated
48 translated messages, 16 fuzzy translations, 9 untranslated messages.
cd /home/yunit/openstore-app/po && LC_ALL=C intltool-update -d sq -g openstore.openstore-team -x && mkdir -p /home/yunit/openstore-app/po && touch /home/yunit/openstore-app/po/sq.po.updated
Merging ./sk.po with openstore.openstore-team.pot........... done.
Merging ./sq.po with openstore.openstore-team.pot...72 translated messages., 1 fuzzy translation.
........ done.
cd /home/yunit/openstore-app/po && LC_ALL=C intltool-update -d ug -g openstore.openstore-team -x && mkdir -p /home/yunit/openstore-app/po && touch /home/yunit/openstore-app/po/ug.po.updated
72 translated messages, 1 fuzzy translation.
cd /home/yunit/openstore-app/po && LC_ALL=C intltool-update -d zh_CN -g openstore.openstore-team -x && mkdir -p /home/yunit/openstore-app/po && touch /home/yunit/openstore-app/po/zh_CN.po.updated
Merging ./ug.po with openstore.openstore-team.pot........... done.
Merging ./zh_CN.po with openstore.openstore-team.pot........... done.
60 translated messages, 7 fuzzy translations, 6 untranslated messages.
73 translated messagesmkdir -p po/ca && LC_ALL=C msgfmt -o /home/yunit/openstore-app/po/ca/openstore.openstore-team.mo /home/yunit/openstore-app/po/ca.po
.
mkdir -p po/cs && LC_ALL=C msgfmt -o /home/yunit/openstore-app/po/cs/openstore.openstore-team.mo /home/yunit/openstore-app/po/cs.po
mkdir -p po/de && LC_ALL=C msgfmt -o /home/yunit/openstore-app/po/de/openstore.openstore-team.mo /home/yunit/openstore-app/po/de.po
mkdir -p po/es && LC_ALL=C msgfmt -o /home/yunit/openstore-app/po/es/openstore.openstore-team.mo /home/yunit/openstore-app/po/es.po
mkdir -p po/eu && LC_ALL=C msgfmt -o /home/yunit/openstore-app/po/eu/openstore.openstore-team.mo /home/yunit/openstore-app/po/eu.po
mkdir -p po/fi && LC_ALL=C msgfmt -o /home/yunit/openstore-app/po/fi/openstore.openstore-team.mo /home/yunit/openstore-app/po/fi.po
mkdir -p po/fr && LC_ALL=C msgfmt -o /home/yunit/openstore-app/po/fr/openstore.openstore-team.mo /home/yunit/openstore-app/po/fr.po
mkdir -p po/he && LC_ALL=C msgfmt -o /home/yunit/openstore-app/po/he/openstore.openstore-team.mo /home/yunit/openstore-app/po/he.po
mkdir -p po/it && LC_ALL=C msgfmt -o /home/yunit/openstore-app/po/it/openstore.openstore-team.mo /home/yunit/openstore-app/po/it.po
mkdir -p po/nl && LC_ALL=C msgfmt -o /home/yunit/openstore-app/po/nl/openstore.openstore-team.mo /home/yunit/openstore-app/po/nl.po
mkdir -p po/openstore_WEB-CA && LC_ALL=C msgfmt -o /home/yunit/openstore-app/po/openstore_WEB-CA/openstore.openstore-team.mo /home/yunit/openstore-app/po/openstore_WEB-CA.po
mkdir -p po/pl && LC_ALL=C msgfmt -o /home/yunit/openstore-app/po/pl/openstore.openstore-team.mo /home/yunit/openstore-app/po/pl.po
mkdir -p po/pt && LC_ALL=C msgfmt -o /home/yunit/openstore-app/po/pt/openstore.openstore-team.mo /home/yunit/openstore-app/po/pt.po
mkdir -p po/pt_BR && LC_ALL=C msgfmt -o /home/yunit/openstore-app/po/pt_BR/openstore.openstore-team.mo /home/yunit/openstore-app/po/pt_BR.po
mkdir -p po/ru && LC_ALL=C msgfmt -o /home/yunit/openstore-app/po/ru/openstore.openstore-team.mo /home/yunit/openstore-app/po/ru.po
mkdir -p po/sc && LC_ALL=C msgfmt -o /home/yunit/openstore-app/po/sc/openstore.openstore-team.mo /home/yunit/openstore-app/po/sc.po
mkdir -p po/sk && LC_ALL=C msgfmt -o /home/yunit/openstore-app/po/sk/openstore.openstore-team.mo /home/yunit/openstore-app/po/sk.po
mkdir -p po/sq && LC_ALL=C msgfmt -o /home/yunit/openstore-app/po/sq/openstore.openstore-team.mo /home/yunit/openstore-app/po/sq.po
mkdir -p po/ug && LC_ALL=C msgfmt -o /home/yunit/openstore-app/po/ug/openstore.openstore-team.mo /home/yunit/openstore-app/po/ug.po
mkdir -p po/zh_CN && LC_ALL=C msgfmt -o /home/yunit/openstore-app/po/zh_CN/openstore.openstore-team.mo /home/yunit/openstore-app/po/zh_CN.po
g++ -c -m64 -pipe -O2 -std=gnu++0x -Wall -W -D_REENTRANT -fPIC -DQT_NO_KEYWORDS -DQT_NO_DEBUG -DQT_QUICK_LIB -DQT_GUI_LIB -DQT_QML_LIB -DQT_NETWORK_LIB -DQT_CORE_LIB -I. -isystem /usr/include/click-0.4 -isystem /usr/include/glib-2.0 -I/usr/lib/x86_64-linux-gnu/glib-2.0/include -I/usr/lib/arm-linux-gnueabihf/glib-2.0/include -isystem /usr/include/json-glib-1.0 -isystem /usr/include/x86_64-linux-gnu/qt5 -isystem /usr/include/x86_64-linux-gnu/qt5/QtQuick -isystem /usr/include/x86_64-linux-gnu/qt5/QtGui -isystem /usr/include/x86_64-linux-gnu/qt5/QtQml -isystem /usr/include/x86_64-linux-gnu/qt5/QtNetwork -isystem /usr/include/x86_64-linux-gnu/qt5/QtCore -I. -I/usr/lib/x86_64-linux-gnu/qt5/mkspecs/linux-g++-64 -o categoriesmodel.o categoriesmodel.cpp
g++ -c -m64 -pipe -O2 -std=gnu++0x -Wall -W -D_REENTRANT -fPIC -DQT_NO_KEYWORDS -DQT_NO_DEBUG -DQT_QUICK_LIB -DQT_GUI_LIB -DQT_QML_LIB -DQT_NETWORK_LIB -DQT_CORE_LIB -I. -isystem /usr/include/click-0.4 -isystem /usr/include/glib-2.0 -I/usr/lib/x86_64-linux-gnu/glib-2.0/include -I/usr/lib/arm-linux-gnueabihf/glib-2.0/include -isystem /usr/include/json-glib-1.0 -isystem /usr/include/x86_64-linux-gnu/qt5 -isystem /usr/include/x86_64-linux-gnu/qt5/QtQuick -isystem /usr/include/x86_64-linux-gnu/qt5/QtGui -isystem /usr/include/x86_64-linux-gnu/qt5/QtQml -isystem /usr/include/x86_64-linux-gnu/qt5/QtNetwork -isystem /usr/include/x86_64-linux-gnu/qt5/QtCore -I. -I/usr/lib/x86_64-linux-gnu/qt5/mkspecs/linux-g++-64 -o clickinstaller.o clickinstaller.cpp
g++ -c -m64 -pipe -O2 -std=gnu++0x -Wall -W -D_REENTRANT -fPIC -DQT_NO_DEBUG -DQT_CORE_LIB -I. -isystem /usr/include/x86_64-linux-gnu/qt5 -isystem /usr/include/x86_64-linux-gnu/qt5/QtCore -I. -I/usr/lib/x86_64-linux-gnu/qt5/mkspecs/linux-g++-64 -o serviceregistry.o serviceregistry.cpp
clickinstaller.cpp:142:66: warning: unused parameter ‘state’ [-Wunused-parameter]
 void ClickInstaller::processStatusChanged(QProcess::ProcessState state)
                                                                  ^
/usr/lib/x86_64-linux-gnu/qt5/bin/moc -DQT_NO_DEBUG -DQT_CORE_LIB -I/usr/lib/x86_64-linux-gnu/qt5/mkspecs/linux-g++-64 -I/home/yunit/openstore-app/osserviceregistry -I/usr/include/x86_64-linux-gnu/qt5 -I/usr/include/x86_64-linux-gnu/qt5/QtCore -I/usr/include/c++/5 -I/usr/include/x86_64-linux-gnu/c++/5 -I/usr/include/c++/5/backward -I/usr/lib/gcc/x86_64-linux-gnu/5/include -I/usr/local/include -I/usr/lib/gcc/x86_64-linux-gnu/5/include-fixed -I/usr/include/x86_64-linux-gnu -I/usr/include serviceregistry.h -o moc_serviceregistry.cpp
g++ -c -m64 -pipe -O2 -std=gnu++0x -Wall -W -D_REENTRANT -fPIC -DQT_NO_KEYWORDS -DQT_NO_DEBUG -DQT_QUICK_LIB -DQT_GUI_LIB -DQT_QML_LIB -DQT_NETWORK_LIB -DQT_CORE_LIB -I. -isystem /usr/include/click-0.4 -isystem /usr/include/glib-2.0 -I/usr/lib/x86_64-linux-gnu/glib-2.0/include -I/usr/lib/arm-linux-gnueabihf/glib-2.0/include -isystem /usr/include/json-glib-1.0 -isystem /usr/include/x86_64-linux-gnu/qt5 -isystem /usr/include/x86_64-linux-gnu/qt5/QtQuick -isystem /usr/include/x86_64-linux-gnu/qt5/QtGui -isystem /usr/include/x86_64-linux-gnu/qt5/QtQml -isystem /usr/include/x86_64-linux-gnu/qt5/QtNetwork -isystem /usr/include/x86_64-linux-gnu/qt5/QtCore -I. -I/usr/lib/x86_64-linux-gnu/qt5/mkspecs/linux-g++-64 -o discovermodel.o discovermodel.cpp
g++ -c -m64 -pipe -O2 -std=gnu++0x -Wall -W -D_REENTRANT -fPIC -DQT_NO_KEYWORDS -DQT_NO_DEBUG -DQT_QUICK_LIB -DQT_GUI_LIB -DQT_QML_LIB -DQT_NETWORK_LIB -DQT_CORE_LIB -I. -isystem /usr/include/click-0.4 -isystem /usr/include/glib-2.0 -I/usr/lib/x86_64-linux-gnu/glib-2.0/include -I/usr/lib/arm-linux-gnueabihf/glib-2.0/include -isystem /usr/include/json-glib-1.0 -isystem /usr/include/x86_64-linux-gnu/qt5 -isystem /usr/include/x86_64-linux-gnu/qt5/QtQuick -isystem /usr/include/x86_64-linux-gnu/qt5/QtGui -isystem /usr/include/x86_64-linux-gnu/qt5/QtQml -isystem /usr/include/x86_64-linux-gnu/qt5/QtNetwork -isystem /usr/include/x86_64-linux-gnu/qt5/QtCore -I. -I/usr/lib/x86_64-linux-gnu/qt5/mkspecs/linux-g++-64 -o packagesmodel.o packagesmodel.cpp
g++ -c -m64 -pipe -O2 -std=gnu++0x -Wall -W -D_REENTRANT -fPIC -DQT_NO_DEBUG -DQT_CORE_LIB -I. -isystem /usr/include/x86_64-linux-gnu/qt5 -isystem /usr/include/x86_64-linux-gnu/qt5/QtCore -I. -I/usr/lib/x86_64-linux-gnu/qt5/mkspecs/linux-g++-64 -o moc_serviceregistry.o moc_serviceregistry.cpp
g++ -c -m64 -pipe -O2 -std=gnu++0x -Wall -W -D_REENTRANT -fPIC -DQT_NO_KEYWORDS -DQT_NO_DEBUG -DQT_QUICK_LIB -DQT_GUI_LIB -DQT_QML_LIB -DQT_NETWORK_LIB -DQT_CORE_LIB -I. -isystem /usr/include/click-0.4 -isystem /usr/include/glib-2.0 -I/usr/lib/x86_64-linux-gnu/glib-2.0/include -I/usr/lib/arm-linux-gnueabihf/glib-2.0/include -isystem /usr/include/json-glib-1.0 -isystem /usr/include/x86_64-linux-gnu/qt5 -isystem /usr/include/x86_64-linux-gnu/qt5/QtQuick -isystem /usr/include/x86_64-linux-gnu/qt5/QtGui -isystem /usr/include/x86_64-linux-gnu/qt5/QtQml -isystem /usr/include/x86_64-linux-gnu/qt5/QtNetwork -isystem /usr/include/x86_64-linux-gnu/qt5/QtCore -I. -I/usr/lib/x86_64-linux-gnu/qt5/mkspecs/linux-g++-64 -o searchmodel.o searchmodel.cpp
g++ -m64 -Wl,-O1 -o osserviceregistry main.o serviceregistry.o moc_serviceregistry.o   -lQt5Core -lpthread 
In file included from packagesmodel.cpp:1:0:
packagesmodel.h: In constructor ‘PackagesModel::PackagesModel(QAbstractListModel*)’:
packagesmodel.h:61:10: warning: ‘PackagesModel::m_ready’ will be initialized after [-Wreorder]
     bool m_ready;
          ^
packagesmodel.h:60:10: warning:   ‘bool PackagesModel::m_appStoreUpdateAvailable’ [-Wreorder]
     bool m_appStoreUpdateAvailable;
          ^
packagesmodel.cpp:18:1: warning:   when initialized here [-Wreorder]
 PackagesModel::PackagesModel(QAbstractListModel * parent)
 ^
make[1]: Leaving directory '/home/yunit/openstore-app/osserviceregistry'
g++ -c -m64 -pipe -O2 -std=gnu++0x -Wall -W -D_REENTRANT -fPIC -DQT_NO_KEYWORDS -DQT_NO_DEBUG -DQT_QUICK_LIB -DQT_GUI_LIB -DQT_QML_LIB -DQT_NETWORK_LIB -DQT_CORE_LIB -I. -isystem /usr/include/click-0.4 -isystem /usr/include/glib-2.0 -I/usr/lib/x86_64-linux-gnu/glib-2.0/include -I/usr/lib/arm-linux-gnueabihf/glib-2.0/include -isystem /usr/include/json-glib-1.0 -isystem /usr/include/x86_64-linux-gnu/qt5 -isystem /usr/include/x86_64-linux-gnu/qt5/QtQuick -isystem /usr/include/x86_64-linux-gnu/qt5/QtGui -isystem /usr/include/x86_64-linux-gnu/qt5/QtQml -isystem /usr/include/x86_64-linux-gnu/qt5/QtNetwork -isystem /usr/include/x86_64-linux-gnu/qt5/QtCore -I. -I/usr/lib/x86_64-linux-gnu/qt5/mkspecs/linux-g++-64 -o serviceregistry.o serviceregistry.cpp
g++ -c -m64 -pipe -O2 -std=gnu++0x -Wall -W -D_REENTRANT -fPIC -DQT_NO_KEYWORDS -DQT_NO_DEBUG -DQT_QUICK_LIB -DQT_GUI_LIB -DQT_QML_LIB -DQT_NETWORK_LIB -DQT_CORE_LIB -I. -isystem /usr/include/click-0.4 -isystem /usr/include/glib-2.0 -I/usr/lib/x86_64-linux-gnu/glib-2.0/include -I/usr/lib/arm-linux-gnueabihf/glib-2.0/include -isystem /usr/include/json-glib-1.0 -isystem /usr/include/x86_64-linux-gnu/qt5 -isystem /usr/include/x86_64-linux-gnu/qt5/QtQuick -isystem /usr/include/x86_64-linux-gnu/qt5/QtGui -isystem /usr/include/x86_64-linux-gnu/qt5/QtQml -isystem /usr/include/x86_64-linux-gnu/qt5/QtNetwork -isystem /usr/include/x86_64-linux-gnu/qt5/QtCore -I. -I/usr/lib/x86_64-linux-gnu/qt5/mkspecs/linux-g++-64 -o openstorenetworkmanager.o openstorenetworkmanager.cpp
g++ -c -m64 -pipe -O2 -std=gnu++0x -Wall -W -D_REENTRANT -fPIC -DQT_NO_KEYWORDS -DQT_NO_DEBUG -DQT_QUICK_LIB -DQT_GUI_LIB -DQT_QML_LIB -DQT_NETWORK_LIB -DQT_CORE_LIB -I. -isystem /usr/include/click-0.4 -isystem /usr/include/glib-2.0 -I/usr/lib/x86_64-linux-gnu/glib-2.0/include -I/usr/lib/arm-linux-gnueabihf/glib-2.0/include -isystem /usr/include/json-glib-1.0 -isystem /usr/include/x86_64-linux-gnu/qt5 -isystem /usr/include/x86_64-linux-gnu/qt5/QtQuick -isystem /usr/include/x86_64-linux-gnu/qt5/QtGui -isystem /usr/include/x86_64-linux-gnu/qt5/QtQml -isystem /usr/include/x86_64-linux-gnu/qt5/QtNetwork -isystem /usr/include/x86_64-linux-gnu/qt5/QtCore -I. -I/usr/lib/x86_64-linux-gnu/qt5/mkspecs/linux-g++-64 -o platformintegration.o platformintegration.cpp
g++ -c -m64 -pipe -O2 -std=gnu++0x -Wall -W -D_REENTRANT -fPIC -DQT_NO_KEYWORDS -DQT_NO_DEBUG -DQT_QUICK_LIB -DQT_GUI_LIB -DQT_QML_LIB -DQT_NETWORK_LIB -DQT_CORE_LIB -I. -isystem /usr/include/click-0.4 -isystem /usr/include/glib-2.0 -I/usr/lib/x86_64-linux-gnu/glib-2.0/include -I/usr/lib/arm-linux-gnueabihf/glib-2.0/include -isystem /usr/include/json-glib-1.0 -isystem /usr/include/x86_64-linux-gnu/qt5 -isystem /usr/include/x86_64-linux-gnu/qt5/QtQuick -isystem /usr/include/x86_64-linux-gnu/qt5/QtGui -isystem /usr/include/x86_64-linux-gnu/qt5/QtQml -isystem /usr/include/x86_64-linux-gnu/qt5/QtNetwork -isystem /usr/include/x86_64-linux-gnu/qt5/QtCore -I. -I/usr/lib/x86_64-linux-gnu/qt5/mkspecs/linux-g++-64 -o package.o package.cpp
g++ -c -m64 -pipe -O2 -std=gnu++0x -Wall -W -D_REENTRANT -fPIC -DQT_NO_KEYWORDS -DQT_NO_DEBUG -DQT_QUICK_LIB -DQT_GUI_LIB -DQT_QML_LIB -DQT_NETWORK_LIB -DQT_CORE_LIB -I. -isystem /usr/include/click-0.4 -isystem /usr/include/glib-2.0 -I/usr/lib/x86_64-linux-gnu/glib-2.0/include -I/usr/lib/arm-linux-gnueabihf/glib-2.0/include -isystem /usr/include/json-glib-1.0 -isystem /usr/include/x86_64-linux-gnu/qt5 -isystem /usr/include/x86_64-linux-gnu/qt5/QtQuick -isystem /usr/include/x86_64-linux-gnu/qt5/QtGui -isystem /usr/include/x86_64-linux-gnu/qt5/QtQml -isystem /usr/include/x86_64-linux-gnu/qt5/QtNetwork -isystem /usr/include/x86_64-linux-gnu/qt5/QtCore -I. -I/usr/lib/x86_64-linux-gnu/qt5/mkspecs/linux-g++-64 -o packagescache.o packagescache.cpp
/usr/lib/x86_64-linux-gnu/qt5/bin/rcc -name openstore openstore.qrc -o qrc_openstore.cpp
/usr/lib/x86_64-linux-gnu/qt5/bin/moc -DQT_NO_KEYWORDS -DQT_NO_DEBUG -DQT_QUICK_LIB -DQT_GUI_LIB -DQT_QML_LIB -DQT_NETWORK_LIB -DQT_CORE_LIB -I/usr/lib/x86_64-linux-gnu/qt5/mkspecs/linux-g++-64 -I/home/yunit/openstore-app/openstore -I/usr/include/click-0.4 -I/usr/include/glib-2.0 -I/usr/lib/x86_64-linux-gnu/glib-2.0/include -I/usr/lib/arm-linux-gnueabihf/glib-2.0/include -I/usr/include/json-glib-1.0 -I/usr/include/x86_64-linux-gnu/qt5 -I/usr/include/x86_64-linux-gnu/qt5/QtQuick -I/usr/include/x86_64-linux-gnu/qt5/QtGui -I/usr/include/x86_64-linux-gnu/qt5/QtQml -I/usr/include/x86_64-linux-gnu/qt5/QtNetwork -I/usr/include/x86_64-linux-gnu/qt5/QtCore -I/usr/include/c++/5 -I/usr/include/x86_64-linux-gnu/c++/5 -I/usr/include/c++/5/backward -I/usr/lib/gcc/x86_64-linux-gnu/5/include -I/usr/local/include -I/usr/lib/gcc/x86_64-linux-gnu/5/include-fixed -I/usr/include/x86_64-linux-gnu -I/usr/include categoriesmodel.h -o moc_categoriesmodel.cpp
/usr/lib/x86_64-linux-gnu/qt5/bin/moc -DQT_NO_KEYWORDS -DQT_NO_DEBUG -DQT_QUICK_LIB -DQT_GUI_LIB -DQT_QML_LIB -DQT_NETWORK_LIB -DQT_CORE_LIB -I/usr/lib/x86_64-linux-gnu/qt5/mkspecs/linux-g++-64 -I/home/yunit/openstore-app/openstore -I/usr/include/click-0.4 -I/usr/include/glib-2.0 -I/usr/lib/x86_64-linux-gnu/glib-2.0/include -I/usr/lib/arm-linux-gnueabihf/glib-2.0/include -I/usr/include/json-glib-1.0 -I/usr/include/x86_64-linux-gnu/qt5 -I/usr/include/x86_64-linux-gnu/qt5/QtQuick -I/usr/include/x86_64-linux-gnu/qt5/QtGui -I/usr/include/x86_64-linux-gnu/qt5/QtQml -I/usr/include/x86_64-linux-gnu/qt5/QtNetwork -I/usr/include/x86_64-linux-gnu/qt5/QtCore -I/usr/include/c++/5 -I/usr/include/x86_64-linux-gnu/c++/5 -I/usr/include/c++/5/backward -I/usr/lib/gcc/x86_64-linux-gnu/5/include -I/usr/local/include -I/usr/lib/gcc/x86_64-linux-gnu/5/include-fixed -I/usr/include/x86_64-linux-gnu -I/usr/include clickinstaller.h -o moc_clickinstaller.cpp
/usr/lib/x86_64-linux-gnu/qt5/bin/moc -DQT_NO_KEYWORDS -DQT_NO_DEBUG -DQT_QUICK_LIB -DQT_GUI_LIB -DQT_QML_LIB -DQT_NETWORK_LIB -DQT_CORE_LIB -I/usr/lib/x86_64-linux-gnu/qt5/mkspecs/linux-g++-64 -I/home/yunit/openstore-app/openstore -I/usr/include/click-0.4 -I/usr/include/glib-2.0 -I/usr/lib/x86_64-linux-gnu/glib-2.0/include -I/usr/lib/arm-linux-gnueabihf/glib-2.0/include -I/usr/include/json-glib-1.0 -I/usr/include/x86_64-linux-gnu/qt5 -I/usr/include/x86_64-linux-gnu/qt5/QtQuick -I/usr/include/x86_64-linux-gnu/qt5/QtGui -I/usr/include/x86_64-linux-gnu/qt5/QtQml -I/usr/include/x86_64-linux-gnu/qt5/QtNetwork -I/usr/include/x86_64-linux-gnu/qt5/QtCore -I/usr/include/c++/5 -I/usr/include/x86_64-linux-gnu/c++/5 -I/usr/include/c++/5/backward -I/usr/lib/gcc/x86_64-linux-gnu/5/include -I/usr/local/include -I/usr/lib/gcc/x86_64-linux-gnu/5/include-fixed -I/usr/include/x86_64-linux-gnu -I/usr/include discovermodel.h -o moc_discovermodel.cpp
/usr/lib/x86_64-linux-gnu/qt5/bin/moc -DQT_NO_KEYWORDS -DQT_NO_DEBUG -DQT_QUICK_LIB -DQT_GUI_LIB -DQT_QML_LIB -DQT_NETWORK_LIB -DQT_CORE_LIB -I/usr/lib/x86_64-linux-gnu/qt5/mkspecs/linux-g++-64 -I/home/yunit/openstore-app/openstore -I/usr/include/click-0.4 -I/usr/include/glib-2.0 -I/usr/lib/x86_64-linux-gnu/glib-2.0/include -I/usr/lib/arm-linux-gnueabihf/glib-2.0/include -I/usr/include/json-glib-1.0 -I/usr/include/x86_64-linux-gnu/qt5 -I/usr/include/x86_64-linux-gnu/qt5/QtQuick -I/usr/include/x86_64-linux-gnu/qt5/QtGui -I/usr/include/x86_64-linux-gnu/qt5/QtQml -I/usr/include/x86_64-linux-gnu/qt5/QtNetwork -I/usr/include/x86_64-linux-gnu/qt5/QtCore -I/usr/include/c++/5 -I/usr/include/x86_64-linux-gnu/c++/5 -I/usr/include/c++/5/backward -I/usr/lib/gcc/x86_64-linux-gnu/5/include -I/usr/local/include -I/usr/lib/gcc/x86_64-linux-gnu/5/include-fixed -I/usr/include/x86_64-linux-gnu -I/usr/include packagesmodel.h -o moc_packagesmodel.cpp
/usr/lib/x86_64-linux-gnu/qt5/bin/moc -DQT_NO_KEYWORDS -DQT_NO_DEBUG -DQT_QUICK_LIB -DQT_GUI_LIB -DQT_QML_LIB -DQT_NETWORK_LIB -DQT_CORE_LIB -I/usr/lib/x86_64-linux-gnu/qt5/mkspecs/linux-g++-64 -I/home/yunit/openstore-app/openstore -I/usr/include/click-0.4 -I/usr/include/glib-2.0 -I/usr/lib/x86_64-linux-gnu/glib-2.0/include -I/usr/lib/arm-linux-gnueabihf/glib-2.0/include -I/usr/include/json-glib-1.0 -I/usr/include/x86_64-linux-gnu/qt5 -I/usr/include/x86_64-linux-gnu/qt5/QtQuick -I/usr/include/x86_64-linux-gnu/qt5/QtGui -I/usr/include/x86_64-linux-gnu/qt5/QtQml -I/usr/include/x86_64-linux-gnu/qt5/QtNetwork -I/usr/include/x86_64-linux-gnu/qt5/QtCore -I/usr/include/c++/5 -I/usr/include/x86_64-linux-gnu/c++/5 -I/usr/include/c++/5/backward -I/usr/lib/gcc/x86_64-linux-gnu/5/include -I/usr/local/include -I/usr/lib/gcc/x86_64-linux-gnu/5/include-fixed -I/usr/include/x86_64-linux-gnu -I/usr/include searchmodel.h -o moc_searchmodel.cpp
/usr/lib/x86_64-linux-gnu/qt5/bin/moc -DQT_NO_KEYWORDS -DQT_NO_DEBUG -DQT_QUICK_LIB -DQT_GUI_LIB -DQT_QML_LIB -DQT_NETWORK_LIB -DQT_CORE_LIB -I/usr/lib/x86_64-linux-gnu/qt5/mkspecs/linux-g++-64 -I/home/yunit/openstore-app/openstore -I/usr/include/click-0.4 -I/usr/include/glib-2.0 -I/usr/lib/x86_64-linux-gnu/glib-2.0/include -I/usr/lib/arm-linux-gnueabihf/glib-2.0/include -I/usr/include/json-glib-1.0 -I/usr/include/x86_64-linux-gnu/qt5 -I/usr/include/x86_64-linux-gnu/qt5/QtQuick -I/usr/include/x86_64-linux-gnu/qt5/QtGui -I/usr/include/x86_64-linux-gnu/qt5/QtQml -I/usr/include/x86_64-linux-gnu/qt5/QtNetwork -I/usr/include/x86_64-linux-gnu/qt5/QtCore -I/usr/include/c++/5 -I/usr/include/x86_64-linux-gnu/c++/5 -I/usr/include/c++/5/backward -I/usr/lib/gcc/x86_64-linux-gnu/5/include -I/usr/local/include -I/usr/lib/gcc/x86_64-linux-gnu/5/include-fixed -I/usr/include/x86_64-linux-gnu -I/usr/include serviceregistry.h -o moc_serviceregistry.cpp
/usr/lib/x86_64-linux-gnu/qt5/bin/moc -DQT_NO_KEYWORDS -DQT_NO_DEBUG -DQT_QUICK_LIB -DQT_GUI_LIB -DQT_QML_LIB -DQT_NETWORK_LIB -DQT_CORE_LIB -I/usr/lib/x86_64-linux-gnu/qt5/mkspecs/linux-g++-64 -I/home/yunit/openstore-app/openstore -I/usr/include/click-0.4 -I/usr/include/glib-2.0 -I/usr/lib/x86_64-linux-gnu/glib-2.0/include -I/usr/lib/arm-linux-gnueabihf/glib-2.0/include -I/usr/include/json-glib-1.0 -I/usr/include/x86_64-linux-gnu/qt5 -I/usr/include/x86_64-linux-gnu/qt5/QtQuick -I/usr/include/x86_64-linux-gnu/qt5/QtGui -I/usr/include/x86_64-linux-gnu/qt5/QtQml -I/usr/include/x86_64-linux-gnu/qt5/QtNetwork -I/usr/include/x86_64-linux-gnu/qt5/QtCore -I/usr/include/c++/5 -I/usr/include/x86_64-linux-gnu/c++/5 -I/usr/include/c++/5/backward -I/usr/lib/gcc/x86_64-linux-gnu/5/include -I/usr/local/include -I/usr/lib/gcc/x86_64-linux-gnu/5/include-fixed -I/usr/include/x86_64-linux-gnu -I/usr/include openstorenetworkmanager.h -o moc_openstorenetworkmanager.cpp
/usr/lib/x86_64-linux-gnu/qt5/bin/moc -DQT_NO_KEYWORDS -DQT_NO_DEBUG -DQT_QUICK_LIB -DQT_GUI_LIB -DQT_QML_LIB -DQT_NETWORK_LIB -DQT_CORE_LIB -I/usr/lib/x86_64-linux-gnu/qt5/mkspecs/linux-g++-64 -I/home/yunit/openstore-app/openstore -I/usr/include/click-0.4 -I/usr/include/glib-2.0 -I/usr/lib/x86_64-linux-gnu/glib-2.0/include -I/usr/lib/arm-linux-gnueabihf/glib-2.0/include -I/usr/include/json-glib-1.0 -I/usr/include/x86_64-linux-gnu/qt5 -I/usr/include/x86_64-linux-gnu/qt5/QtQuick -I/usr/include/x86_64-linux-gnu/qt5/QtGui -I/usr/include/x86_64-linux-gnu/qt5/QtQml -I/usr/include/x86_64-linux-gnu/qt5/QtNetwork -I/usr/include/x86_64-linux-gnu/qt5/QtCore -I/usr/include/c++/5 -I/usr/include/x86_64-linux-gnu/c++/5 -I/usr/include/c++/5/backward -I/usr/lib/gcc/x86_64-linux-gnu/5/include -I/usr/local/include -I/usr/lib/gcc/x86_64-linux-gnu/5/include-fixed -I/usr/include/x86_64-linux-gnu -I/usr/include platformintegration.h -o moc_platformintegration.cpp
/usr/lib/x86_64-linux-gnu/qt5/bin/moc -DQT_NO_KEYWORDS -DQT_NO_DEBUG -DQT_QUICK_LIB -DQT_GUI_LIB -DQT_QML_LIB -DQT_NETWORK_LIB -DQT_CORE_LIB -I/usr/lib/x86_64-linux-gnu/qt5/mkspecs/linux-g++-64 -I/home/yunit/openstore-app/openstore -I/usr/include/click-0.4 -I/usr/include/glib-2.0 -I/usr/lib/x86_64-linux-gnu/glib-2.0/include -I/usr/lib/arm-linux-gnueabihf/glib-2.0/include -I/usr/include/json-glib-1.0 -I/usr/include/x86_64-linux-gnu/qt5 -I/usr/include/x86_64-linux-gnu/qt5/QtQuick -I/usr/include/x86_64-linux-gnu/qt5/QtGui -I/usr/include/x86_64-linux-gnu/qt5/QtQml -I/usr/include/x86_64-linux-gnu/qt5/QtNetwork -I/usr/include/x86_64-linux-gnu/qt5/QtCore -I/usr/include/c++/5 -I/usr/include/x86_64-linux-gnu/c++/5 -I/usr/include/c++/5/backward -I/usr/lib/gcc/x86_64-linux-gnu/5/include -I/usr/local/include -I/usr/lib/gcc/x86_64-linux-gnu/5/include-fixed -I/usr/include/x86_64-linux-gnu -I/usr/include packagescache.h -o moc_packagescache.cpp
/usr/lib/x86_64-linux-gnu/qt5/bin/moc -DQT_NO_KEYWORDS -DQT_NO_DEBUG -DQT_QUICK_LIB -DQT_GUI_LIB -DQT_QML_LIB -DQT_NETWORK_LIB -DQT_CORE_LIB -I/usr/lib/x86_64-linux-gnu/qt5/mkspecs/linux-g++-64 -I/home/yunit/openstore-app/openstore -I/usr/include/click-0.4 -I/usr/include/glib-2.0 -I/usr/lib/x86_64-linux-gnu/glib-2.0/include -I/usr/lib/arm-linux-gnueabihf/glib-2.0/include -I/usr/include/json-glib-1.0 -I/usr/include/x86_64-linux-gnu/qt5 -I/usr/include/x86_64-linux-gnu/qt5/QtQuick -I/usr/include/x86_64-linux-gnu/qt5/QtGui -I/usr/include/x86_64-linux-gnu/qt5/QtQml -I/usr/include/x86_64-linux-gnu/qt5/QtNetwork -I/usr/include/x86_64-linux-gnu/qt5/QtCore -I/usr/include/c++/5 -I/usr/include/x86_64-linux-gnu/c++/5 -I/usr/include/c++/5/backward -I/usr/lib/gcc/x86_64-linux-gnu/5/include -I/usr/local/include -I/usr/lib/gcc/x86_64-linux-gnu/5/include-fixed -I/usr/include/x86_64-linux-gnu -I/usr/include package.h -o moc_package.cpp
g++ -c -m64 -pipe -O2 -std=gnu++0x -Wall -W -D_REENTRANT -fPIC -DQT_NO_KEYWORDS -DQT_NO_DEBUG -DQT_QUICK_LIB -DQT_GUI_LIB -DQT_QML_LIB -DQT_NETWORK_LIB -DQT_CORE_LIB -I. -isystem /usr/include/click-0.4 -isystem /usr/include/glib-2.0 -I/usr/lib/x86_64-linux-gnu/glib-2.0/include -I/usr/lib/arm-linux-gnueabihf/glib-2.0/include -isystem /usr/include/json-glib-1.0 -isystem /usr/include/x86_64-linux-gnu/qt5 -isystem /usr/include/x86_64-linux-gnu/qt5/QtQuick -isystem /usr/include/x86_64-linux-gnu/qt5/QtGui -isystem /usr/include/x86_64-linux-gnu/qt5/QtQml -isystem /usr/include/x86_64-linux-gnu/qt5/QtNetwork -isystem /usr/include/x86_64-linux-gnu/qt5/QtCore -I. -I/usr/lib/x86_64-linux-gnu/qt5/mkspecs/linux-g++-64 -o qrc_openstore.o qrc_openstore.cpp
g++ -c -m64 -pipe -O2 -std=gnu++0x -Wall -W -D_REENTRANT -fPIC -DQT_NO_KEYWORDS -DQT_NO_DEBUG -DQT_QUICK_LIB -DQT_GUI_LIB -DQT_QML_LIB -DQT_NETWORK_LIB -DQT_CORE_LIB -I. -isystem /usr/include/click-0.4 -isystem /usr/include/glib-2.0 -I/usr/lib/x86_64-linux-gnu/glib-2.0/include -I/usr/lib/arm-linux-gnueabihf/glib-2.0/include -isystem /usr/include/json-glib-1.0 -isystem /usr/include/x86_64-linux-gnu/qt5 -isystem /usr/include/x86_64-linux-gnu/qt5/QtQuick -isystem /usr/include/x86_64-linux-gnu/qt5/QtGui -isystem /usr/include/x86_64-linux-gnu/qt5/QtQml -isystem /usr/include/x86_64-linux-gnu/qt5/QtNetwork -isystem /usr/include/x86_64-linux-gnu/qt5/QtCore -I. -I/usr/lib/x86_64-linux-gnu/qt5/mkspecs/linux-g++-64 -o moc_categoriesmodel.o moc_categoriesmodel.cpp
g++ -c -m64 -pipe -O2 -std=gnu++0x -Wall -W -D_REENTRANT -fPIC -DQT_NO_KEYWORDS -DQT_NO_DEBUG -DQT_QUICK_LIB -DQT_GUI_LIB -DQT_QML_LIB -DQT_NETWORK_LIB -DQT_CORE_LIB -I. -isystem /usr/include/click-0.4 -isystem /usr/include/glib-2.0 -I/usr/lib/x86_64-linux-gnu/glib-2.0/include -I/usr/lib/arm-linux-gnueabihf/glib-2.0/include -isystem /usr/include/json-glib-1.0 -isystem /usr/include/x86_64-linux-gnu/qt5 -isystem /usr/include/x86_64-linux-gnu/qt5/QtQuick -isystem /usr/include/x86_64-linux-gnu/qt5/QtGui -isystem /usr/include/x86_64-linux-gnu/qt5/QtQml -isystem /usr/include/x86_64-linux-gnu/qt5/QtNetwork -isystem /usr/include/x86_64-linux-gnu/qt5/QtCore -I. -I/usr/lib/x86_64-linux-gnu/qt5/mkspecs/linux-g++-64 -o moc_clickinstaller.o moc_clickinstaller.cpp
g++ -c -m64 -pipe -O2 -std=gnu++0x -Wall -W -D_REENTRANT -fPIC -DQT_NO_KEYWORDS -DQT_NO_DEBUG -DQT_QUICK_LIB -DQT_GUI_LIB -DQT_QML_LIB -DQT_NETWORK_LIB -DQT_CORE_LIB -I. -isystem /usr/include/click-0.4 -isystem /usr/include/glib-2.0 -I/usr/lib/x86_64-linux-gnu/glib-2.0/include -I/usr/lib/arm-linux-gnueabihf/glib-2.0/include -isystem /usr/include/json-glib-1.0 -isystem /usr/include/x86_64-linux-gnu/qt5 -isystem /usr/include/x86_64-linux-gnu/qt5/QtQuick -isystem /usr/include/x86_64-linux-gnu/qt5/QtGui -isystem /usr/include/x86_64-linux-gnu/qt5/QtQml -isystem /usr/include/x86_64-linux-gnu/qt5/QtNetwork -isystem /usr/include/x86_64-linux-gnu/qt5/QtCore -I. -I/usr/lib/x86_64-linux-gnu/qt5/mkspecs/linux-g++-64 -o moc_discovermodel.o moc_discovermodel.cpp
g++ -c -m64 -pipe -O2 -std=gnu++0x -Wall -W -D_REENTRANT -fPIC -DQT_NO_KEYWORDS -DQT_NO_DEBUG -DQT_QUICK_LIB -DQT_GUI_LIB -DQT_QML_LIB -DQT_NETWORK_LIB -DQT_CORE_LIB -I. -isystem /usr/include/click-0.4 -isystem /usr/include/glib-2.0 -I/usr/lib/x86_64-linux-gnu/glib-2.0/include -I/usr/lib/arm-linux-gnueabihf/glib-2.0/include -isystem /usr/include/json-glib-1.0 -isystem /usr/include/x86_64-linux-gnu/qt5 -isystem /usr/include/x86_64-linux-gnu/qt5/QtQuick -isystem /usr/include/x86_64-linux-gnu/qt5/QtGui -isystem /usr/include/x86_64-linux-gnu/qt5/QtQml -isystem /usr/include/x86_64-linux-gnu/qt5/QtNetwork -isystem /usr/include/x86_64-linux-gnu/qt5/QtCore -I. -I/usr/lib/x86_64-linux-gnu/qt5/mkspecs/linux-g++-64 -o moc_packagesmodel.o moc_packagesmodel.cpp
g++ -c -m64 -pipe -O2 -std=gnu++0x -Wall -W -D_REENTRANT -fPIC -DQT_NO_KEYWORDS -DQT_NO_DEBUG -DQT_QUICK_LIB -DQT_GUI_LIB -DQT_QML_LIB -DQT_NETWORK_LIB -DQT_CORE_LIB -I. -isystem /usr/include/click-0.4 -isystem /usr/include/glib-2.0 -I/usr/lib/x86_64-linux-gnu/glib-2.0/include -I/usr/lib/arm-linux-gnueabihf/glib-2.0/include -isystem /usr/include/json-glib-1.0 -isystem /usr/include/x86_64-linux-gnu/qt5 -isystem /usr/include/x86_64-linux-gnu/qt5/QtQuick -isystem /usr/include/x86_64-linux-gnu/qt5/QtGui -isystem /usr/include/x86_64-linux-gnu/qt5/QtQml -isystem /usr/include/x86_64-linux-gnu/qt5/QtNetwork -isystem /usr/include/x86_64-linux-gnu/qt5/QtCore -I. -I/usr/lib/x86_64-linux-gnu/qt5/mkspecs/linux-g++-64 -o moc_searchmodel.o moc_searchmodel.cpp
g++ -c -m64 -pipe -O2 -std=gnu++0x -Wall -W -D_REENTRANT -fPIC -DQT_NO_KEYWORDS -DQT_NO_DEBUG -DQT_QUICK_LIB -DQT_GUI_LIB -DQT_QML_LIB -DQT_NETWORK_LIB -DQT_CORE_LIB -I. -isystem /usr/include/click-0.4 -isystem /usr/include/glib-2.0 -I/usr/lib/x86_64-linux-gnu/glib-2.0/include -I/usr/lib/arm-linux-gnueabihf/glib-2.0/include -isystem /usr/include/json-glib-1.0 -isystem /usr/include/x86_64-linux-gnu/qt5 -isystem /usr/include/x86_64-linux-gnu/qt5/QtQuick -isystem /usr/include/x86_64-linux-gnu/qt5/QtGui -isystem /usr/include/x86_64-linux-gnu/qt5/QtQml -isystem /usr/include/x86_64-linux-gnu/qt5/QtNetwork -isystem /usr/include/x86_64-linux-gnu/qt5/QtCore -I. -I/usr/lib/x86_64-linux-gnu/qt5/mkspecs/linux-g++-64 -o moc_serviceregistry.o moc_serviceregistry.cpp
g++ -c -m64 -pipe -O2 -std=gnu++0x -Wall -W -D_REENTRANT -fPIC -DQT_NO_KEYWORDS -DQT_NO_DEBUG -DQT_QUICK_LIB -DQT_GUI_LIB -DQT_QML_LIB -DQT_NETWORK_LIB -DQT_CORE_LIB -I. -isystem /usr/include/click-0.4 -isystem /usr/include/glib-2.0 -I/usr/lib/x86_64-linux-gnu/glib-2.0/include -I/usr/lib/arm-linux-gnueabihf/glib-2.0/include -isystem /usr/include/json-glib-1.0 -isystem /usr/include/x86_64-linux-gnu/qt5 -isystem /usr/include/x86_64-linux-gnu/qt5/QtQuick -isystem /usr/include/x86_64-linux-gnu/qt5/QtGui -isystem /usr/include/x86_64-linux-gnu/qt5/QtQml -isystem /usr/include/x86_64-linux-gnu/qt5/QtNetwork -isystem /usr/include/x86_64-linux-gnu/qt5/QtCore -I. -I/usr/lib/x86_64-linux-gnu/qt5/mkspecs/linux-g++-64 -o moc_openstorenetworkmanager.o moc_openstorenetworkmanager.cpp
g++ -c -m64 -pipe -O2 -std=gnu++0x -Wall -W -D_REENTRANT -fPIC -DQT_NO_KEYWORDS -DQT_NO_DEBUG -DQT_QUICK_LIB -DQT_GUI_LIB -DQT_QML_LIB -DQT_NETWORK_LIB -DQT_CORE_LIB -I. -isystem /usr/include/click-0.4 -isystem /usr/include/glib-2.0 -I/usr/lib/x86_64-linux-gnu/glib-2.0/include -I/usr/lib/arm-linux-gnueabihf/glib-2.0/include -isystem /usr/include/json-glib-1.0 -isystem /usr/include/x86_64-linux-gnu/qt5 -isystem /usr/include/x86_64-linux-gnu/qt5/QtQuick -isystem /usr/include/x86_64-linux-gnu/qt5/QtGui -isystem /usr/include/x86_64-linux-gnu/qt5/QtQml -isystem /usr/include/x86_64-linux-gnu/qt5/QtNetwork -isystem /usr/include/x86_64-linux-gnu/qt5/QtCore -I. -I/usr/lib/x86_64-linux-gnu/qt5/mkspecs/linux-g++-64 -o moc_platformintegration.o moc_platformintegration.cpp
g++ -c -m64 -pipe -O2 -std=gnu++0x -Wall -W -D_REENTRANT -fPIC -DQT_NO_KEYWORDS -DQT_NO_DEBUG -DQT_QUICK_LIB -DQT_GUI_LIB -DQT_QML_LIB -DQT_NETWORK_LIB -DQT_CORE_LIB -I. -isystem /usr/include/click-0.4 -isystem /usr/include/glib-2.0 -I/usr/lib/x86_64-linux-gnu/glib-2.0/include -I/usr/lib/arm-linux-gnueabihf/glib-2.0/include -isystem /usr/include/json-glib-1.0 -isystem /usr/include/x86_64-linux-gnu/qt5 -isystem /usr/include/x86_64-linux-gnu/qt5/QtQuick -isystem /usr/include/x86_64-linux-gnu/qt5/QtGui -isystem /usr/include/x86_64-linux-gnu/qt5/QtQml -isystem /usr/include/x86_64-linux-gnu/qt5/QtNetwork -isystem /usr/include/x86_64-linux-gnu/qt5/QtCore -I. -I/usr/lib/x86_64-linux-gnu/qt5/mkspecs/linux-g++-64 -o moc_packagescache.o moc_packagescache.cpp
g++ -c -m64 -pipe -O2 -std=gnu++0x -Wall -W -D_REENTRANT -fPIC -DQT_NO_KEYWORDS -DQT_NO_DEBUG -DQT_QUICK_LIB -DQT_GUI_LIB -DQT_QML_LIB -DQT_NETWORK_LIB -DQT_CORE_LIB -I. -isystem /usr/include/click-0.4 -isystem /usr/include/glib-2.0 -I/usr/lib/x86_64-linux-gnu/glib-2.0/include -I/usr/lib/arm-linux-gnueabihf/glib-2.0/include -isystem /usr/include/json-glib-1.0 -isystem /usr/include/x86_64-linux-gnu/qt5 -isystem /usr/include/x86_64-linux-gnu/qt5/QtQuick -isystem /usr/include/x86_64-linux-gnu/qt5/QtGui -isystem /usr/include/x86_64-linux-gnu/qt5/QtQml -isystem /usr/include/x86_64-linux-gnu/qt5/QtNetwork -isystem /usr/include/x86_64-linux-gnu/qt5/QtCore -I. -I/usr/lib/x86_64-linux-gnu/qt5/mkspecs/linux-g++-64 -o moc_package.o moc_package.cpp
g++ -m64 -Wl,-O1 -o openstore main.o categoriesmodel.o clickinstaller.o discovermodel.o packagesmodel.o searchmodel.o serviceregistry.o openstorenetworkmanager.o platformintegration.o package.o packagescache.o qrc_openstore.o moc_categoriesmodel.o moc_clickinstaller.o moc_discovermodel.o moc_packagesmodel.o moc_searchmodel.o moc_serviceregistry.o moc_openstorenetworkmanager.o moc_platformintegration.o moc_packagescache.o moc_package.o   -L/usr/X11R6/lib64 -lgio-2.0 -lgobject-2.0 -lglib-2.0 -lclick-0.4 -lQt5Quick -lQt5Gui -lQt5Qml -lQt5Network -lQt5Core -lGL -lpthread 
make[1]: Leaving directory '/home/yunit/openstore-app/openstore'
yunit@yunit-VM:~/openstore-app$ sudo make install
cd openstore/ && ( test -e Makefile || /usr/lib/x86_64-linux-gnu/qt5/bin/qmake /home/yunit/openstore-app/openstore/openstore.pro -o Makefile ) && make -f Makefile install
make[1]: Entering directory '/home/yunit/openstore-app/openstore'
install -m 644 -p /home/yunit/openstore-app/openstore/openstore.apparmor /openstore/
install -m 644 -p /home/yunit/openstore-app/openstore/openstore.desktop /openstore/
install -m 644 -p /home/yunit/openstore-app/openstore/openstore.svg /openstore/
install -m 644 -p /home/yunit/openstore-app/openstore/openstore.url-dispatcher /openstore/
install -m 644 -p /home/yunit/openstore-app/openstore/openstore-contenthub.json /openstore/
install -m 755 -p openstore /lib/x86_64-linux-gnu/bin/openstore
strip /lib/x86_64-linux-gnu/bin/openstore
make[1]: Leaving directory '/home/yunit/openstore-app/openstore'
cd osserviceregistry/ && ( test -e Makefile || /usr/lib/x86_64-linux-gnu/qt5/bin/qmake /home/yunit/openstore-app/osserviceregistry/osserviceregistry.pro -o Makefile ) && make -f Makefile install
make[1]: Entering directory '/home/yunit/openstore-app/osserviceregistry'
install -m 755 -p osserviceregistry /lib/x86_64-linux-gnu/bin/osserviceregistry
strip /lib/x86_64-linux-gnu/bin/osserviceregistry
make[1]: Leaving directory '/home/yunit/openstore-app/osserviceregistry'
install -m 644 -p /home/yunit/openstore-app/manifest.json /
install -m 644 -p /home/yunit/openstore-app/po/ca/openstore.openstore-team.mo /share/locale/ca/LC_MESSAGES/
install -m 644 -p /home/yunit/openstore-app/po/cs/openstore.openstore-team.mo /share/locale/cs/LC_MESSAGES/
install -m 644 -p /home/yunit/openstore-app/po/de/openstore.openstore-team.mo /share/locale/de/LC_MESSAGES/
install -m 644 -p /home/yunit/openstore-app/po/es/openstore.openstore-team.mo /share/locale/es/LC_MESSAGES/
install -m 644 -p /home/yunit/openstore-app/po/eu/openstore.openstore-team.mo /share/locale/eu/LC_MESSAGES/
install -m 644 -p /home/yunit/openstore-app/po/fi/openstore.openstore-team.mo /share/locale/fi/LC_MESSAGES/
install -m 644 -p /home/yunit/openstore-app/po/fr/openstore.openstore-team.mo /share/locale/fr/LC_MESSAGES/
install -m 644 -p /home/yunit/openstore-app/po/he/openstore.openstore-team.mo /share/locale/he/LC_MESSAGES/
install -m 644 -p /home/yunit/openstore-app/po/it/openstore.openstore-team.mo /share/locale/it/LC_MESSAGES/
install -m 644 -p /home/yunit/openstore-app/po/nl/openstore.openstore-team.mo /share/locale/nl/LC_MESSAGES/
install -m 644 -p /home/yunit/openstore-app/po/openstore_WEB-CA/openstore.openstore-team.mo /share/locale/openstore_WEB-CA/LC_MESSAGES/
install -m 644 -p /home/yunit/openstore-app/po/pl/openstore.openstore-team.mo /share/locale/pl/LC_MESSAGES/
install -m 644 -p /home/yunit/openstore-app/po/pt/openstore.openstore-team.mo /share/locale/pt/LC_MESSAGES/
install -m 644 -p /home/yunit/openstore-app/po/pt_BR/openstore.openstore-team.mo /share/locale/pt_BR/LC_MESSAGES/
install -m 644 -p /home/yunit/openstore-app/po/ru/openstore.openstore-team.mo /share/locale/ru/LC_MESSAGES/
install -m 644 -p /home/yunit/openstore-app/po/sc/openstore.openstore-team.mo /share/locale/sc/LC_MESSAGES/
install -m 644 -p /home/yunit/openstore-app/po/sk/openstore.openstore-team.mo /share/locale/sk/LC_MESSAGES/
install -m 644 -p /home/yunit/openstore-app/po/sq/openstore.openstore-team.mo /share/locale/sq/LC_MESSAGES/
install -m 644 -p /home/yunit/openstore-app/po/ug/openstore.openstore-team.mo /share/locale/ug/LC_MESSAGES/
install -m 644 -p /home/yunit/openstore-app/po/zh_CN/openstore.openstore-team.mo /share/locale/zh_CN/LC_MESSAGES/
yunit@yunit-VM:~/openstore-app$ cd /
yunit@yunit-VM:/$ sudo find -name 'openstore.desktop'
find: ‘./run/user/1000/gvfs’: Permission denied
./openstore/openstore.desktop
./home/yunit/openstore-app/openstore/openstore.desktop
yunit@yunit-VM:/$ less openstore/openstore.desktop 
yunit@yunit-VM:/$ sudo find -name 'openstore'
find: ‘./run/user/1000/gvfs’: Permission denied
./openstore
./lib/x86_64-linux-gnu/bin/openstore
./home/yunit/openstore-app/openstore
./home/yunit/openstore-app/openstore/openstore
yunit@yunit-VM:/$ cd lib/x86_64-linux-gnu/bin/
yunit@yunit-VM:/lib/x86_64-linux-gnu/bin$ ./openstore 
QString PlatformIntegration::getSystemLocale() "en_US"
building click list:
void PackagesModel::refresh() called
UCUriHandler: Empty "APP_ID" environment variable, ignoring.
APP_ID isn't set, the handler can not be registered
building click list:
void PackagesModel::refresh() called
void PackagesModel::refresh() called
void PackagesCache::updateCacheRevisions() called
qrc:///Main.qml:53: TypeError: Cannot read property 'length' of undefined
qrc:///DiscoverTab.qml:124: TypeError: Cannot read property 'installed' of null
qrc:///DiscoverTab.qml:119: TypeError: Cannot read property 'tagline' of null
qrc:///DiscoverTab.qml:114: TypeError: Cannot read property 'name' of null
APP_ID isn't set, the handler ignored
[PERFORMANCE]: Last frame took 139 ms to render.
void PackagesModel::refresh() called
[PERFORMANCE]: Last frame took 96 ms to render.
[PERFORMANCE]: Last frame took 142 ms to render.
[PERFORMANCE]: Last frame took 115 ms to render.
[PERFORMANCE]: Last frame took 47 ms to render.
[PERFORMANCE]: Last frame took 131 ms to render.
*** Error in `./openstore': free(): invalid pointer: 0x000000000064a760 ***
======= Backtrace: =========
/lib/x86_64-linux-gnu/libc.so.6(+0x777e5)[0x7f9a0cec77e5]
/lib/x86_64-linux-gnu/libc.so.6(+0x8037a)[0x7f9a0ced037a]
/lib/x86_64-linux-gnu/libc.so.6(cfree+0x4c)[0x7f9a0ced453c]
/usr/lib/x86_64-linux-gnu/libQt5Qml.so.5(_ZN8QQmlType21SingletonInstanceInfo7destroyEP10QQmlEngine+0xb8)[0x7f9a0dee0728]
/usr/lib/x86_64-linux-gnu/libQt5Qml.so.5(_ZN10QQmlEngineD2Ev+0xe8)[0x7f9a0debbac8]
/usr/lib/x86_64-linux-gnu/libQt5Qml.so.5(_ZN10QQmlEngineD0Ev+0x9)[0x7f9a0debbbe9]
/usr/lib/x86_64-linux-gnu/libQt5Core.so.5(_ZN14QObjectPrivate14deleteChildrenEv+0x63)[0x7f9a0da5f0a3]
/usr/lib/x86_64-linux-gnu/libQt5Core.so.5(_ZN7QObjectD1Ev+0x474)[0x7f9a0da680e4]
/usr/lib/x86_64-linux-gnu/libQt5Quick.so.5(_ZN12QQuickWindowD2Ev+0x284)[0x7f9a0e79f374]
./openstore[0x409009]
/lib/x86_64-linux-gnu/libc.so.6(__libc_start_main+0xf0)[0x7f9a0ce70830]
./openstore[0x409159]
======= Memory map: ========
00400000-00448000 r-xp 00000000 08:01 297844                             /lib/x86_64-linux-gnu/bin/openstore
00648000-0064a000 r--p 00048000 08:01 297844                             /lib/x86_64-linux-gnu/bin/openstore
0064a000-0064b000 rw-p 0004a000 08:01 297844                             /lib/x86_64-linux-gnu/bin/openstore
01e08000-038c5000 rw-p 00000000 00:00 0                                  [heap]
7f99c174e000-7f99c1807000 r--p 00000000 08:01 8274                       /usr/share/fonts/truetype/dejavu/DejaVuSans.ttf
7f99c1807000-7f99c1847000 rw-p 00000000 00:00 0 
7f99c1847000-7f99c18d4000 r-xp 00000000 08:01 406738                     /usr/lib/x86_64-linux-gnu/libvorbisenc.so.2.0.11
7f99c18d4000-7f99c1ad3000 ---p 0008d000 08:01 406738                     /usr/lib/x86_64-linux-gnu/libvorbisenc.so.2.0.11
7f99c1ad3000-7f99c1aef000 r--p 0008c000 08:01 406738                     /usr/lib/x86_64-linux-gnu/libvorbisenc.so.2.0.11
7f99c1aef000-7f99c1af0000 rw-p 000a8000 08:01 406738                     /usr/lib/x86_64-linux-gnu/libvorbisenc.so.2.0.11
7f99c1af0000-7f99c1b63000 r-xp 00000000 08:01 405293                     /usr/lib/x86_64-linux-gnu/libFLAC.so.8.3.0
7f99c1b63000-7f99c1d63000 ---p 00073000 08:01 405293                     /usr/lib/x86_64-linux-gnu/libFLAC.so.8.3.0
7f99c1d63000-7f99c1d64000 r--p 00073000 08:01 405293                     /usr/lib/x86_64-linux-gnu/libFLAC.so.8.3.0
7f99c1d64000-7f99c1d65000 rw-p 00074000 08:01 405293                     /usr/lib/x86_64-linux-gnu/libFLAC.so.8.3.0
7f99c1d65000-7f99c1d6a000 r-xp 00000000 08:01 405547                     /usr/lib/x86_64-linux-gnu/libasyncns.so.0.3.1
7f99c1d6a000-7f99c1f69000 ---p 00005000 08:01 405547                     /usr/lib/x86_64-linux-gnu/libasyncns.so.0.3.1
7f99c1f69000-7f99c1f6a000 r--p 00004000 08:01 405547                     /usr/lib/x86_64-linux-gnu/libasyncns.so.0.3.1
7f99c1f6a000-7f99c1f6b000 rw-p 00005000 08:01 405547                     /usr/lib/x86_64-linux-gnu/libasyncns.so.0.3.1
7f99c1f6b000-7f99c1fcd000 r-xp 00000000 08:01 406584                     /usr/lib/x86_64-linux-gnu/libsndfile.so.1.0.25
7f99c1fcd000-7f99c21cd000 ---p 00062000 08:01 406584                     /usr/lib/x86_64-linux-gnu/libsndfile.so.1.0.25
7f99c21cd000-7f99c21cf000 r--p 00062000 08:01 406584                     /usr/lib/x86_64-linux-gnu/libsndfile.so.1.0.25
7f99c21cf000-7f99c21d0000 rw-p 00064000 08:01 406584                     /usr/lib/x86_64-linux-gnu/libsndfile.so.1.0.25
7f99c21d0000-7f99c21d4000 rw-p 00000000 00:00 0 
7f99c21d4000-7f99c21dc000 r-xp 00000000 08:01 137146                     /lib/x86_64-linux-gnu/libwrap.so.0.7.6
7f99c21dc000-7f99c23db000 ---p 00008000 08:01 137146                     /lib/x86_64-linux-gnu/libwrap.so.0.7.6
7f99c23db000-7f99c23dc000 r--p 00007000 08:01 137146                     /lib/x86_64-linux-gnu/libwrap.so.0.7.6
7f99c23dc000-7f99c23dd000 rw-p 00008000 08:01 137146                     /lib/x86_64-linux-gnu/libwrap.so.0.7.6
7f99c23dd000-7f99c23de000 rw-p 00000000 00:00 0 
7f99c23de000-7f99c2458000 r-xp 00000000 08:01 530190                     /usr/lib/x86_64-linux-gnu/pulseaudio/libpulsecommon-8.0.so
7f99c2458000-7f99c2657000 ---p 0007a000 08:01 530190                     /usr/lib/x86_64-linux-gnu/pulseaudio/libpulsecommon-8.0.so
7f99c2657000-7f99c2658000 r--p 00079000 08:01 530190                     /usr/lib/x86_64-linux-gnu/pulseaudio/libpulsecommon-8.0.so
7f99c2658000-7f99c2659000 rw-p 0007a000 08:01 530190                     /usr/lib/x86_64-linux-gnu/pulseaudio/libpulsecommon-8.0.so
7f99c2659000-7f99c2663000 r-xp 00000000 08:01 137019                     /lib/x86_64-linux-gnu/libjson-c.so.2.0.0
7f99c2663000-7f99c2862000 ---p 0000a000 08:01 137019                     /lib/x86_64-linux-gnu/libjson-c.so.2.0.0
7f99c2862000-7f99c2863000 r--p 00009000 08:01 137019                     /lib/x86_64-linux-gnu/libjson-c.so.2.0.0
7f99c2863000-7f99c2864000 rw-p 0000a000 08:01 137019                     /lib/x86_64-linux-gnu/libjson-c.so.2.0.0
7f99c2864000-7f99c28b2000 r-xp 00000000 08:01 406468                     /usr/lib/x86_64-linux-gnu/libpulse.so.0.19.0
7f99c28b2000-7f99c2ab2000 ---p 0004e000 08:01 406468                     /usr/lib/x86_64-linux-gnu/libpulse.so.0.19.0
7f99c2ab2000-7f99c2ab3000 r--p 0004e000 08:01 406468                     /usr/lib/x86_64-linux-gnu/libpulse.so.0.19.0
7f99c2ab3000-7f99c2ab4000 rw-p 0004f000 08:01 406468                     /usr/lib/x86_64-linux-gnu/libpulse.so.0.19.0
7f99c2ab4000-7f99c2bbd000 r-xp 00000000 08:01 405356                     /usr/lib/x86_64-linux-gnu/libQt5Multimedia.so.5.6.2
7f99c2bbd000-7f99c2bc5000 r--p 00108000 08:01 405356                     /usr/lib/x86_64-linux-gnu/libQt5Multimedia.so.5.6.2
7f99c2bc5000-7f99c2bc6000 rw-p 00110000 08:01 405356                     /usr/lib/x86_64-linux-gnu/libQt5Multimedia.so.5.6.2
7f99c2bc6000-7f99c2bc7000 rw-p 00000000 00:00 0 
7f99c2bc7000-7f99c2c1e000 r--p 00000000 08:01 8408                       /usr/share/fonts/truetype/ubuntu-font-family/Ubuntu-R.ttf
7f99c2c1e000-7f99c2c84000 r--p 00000000 08:01 8404                       /usr/share/fonts/truetype/ubuntu-font-family/Ubuntu-L.ttf
7f99c2e15000-7f99c2e6e000 r-xp 00000000 08:01 406763                     /usr/lib/x86_64-linux-gnu/libwebp.so.5.0.4
7f99c2e6e000-7f99c306e000 ---p 00059000 08:01 406763                     /usr/lib/x86_64-linux-gnu/libwebp.so.5.0.4
7f99c306e000-7f99c306f000 r--p 00059000 08:01 406763                     /usr/lib/x86_64-linux-gnu/libwebp.so.5.0.4
7f99c306f000-7f99c3071000 rw-p 0005a000 08:01 406763                     /usr/lib/x86_64-linux-gnu/libwebp.so.5.0.4
7f99c3071000-7f99c307c000 r-xp 00000000 08:01 406191                     /usr/lib/x86_64-linux-gnu/libjbig.so.0
7f99c307c000-7f99c327b000 ---p 0000b000 08:01 406191                     /usr/lib/x86_64-linux-gnu/libjbig.so.0
7f99c327b000-7f99c327c000 r--p 0000a000 08:01 406191                     /usr/lib/x86_64-linux-gnu/libjbig.so.0
7f99c327c000-7f99c327f000 rw-p 0000b000 08:01 406191                     /usr/lib/x86_64-linux-gnu/libjbig.so.0
7f99c327f000-7f99c32ef000 r-xp 00000000 08:01 406644                     /usr/lib/x86_64-linux-gnu/libtiff.so.5.2.4
7f99c32ef000-7f99c34ef000 ---p 00070000 08:01 406644                     /usr/lib/x86_64-linux-gnu/libtiff.so.5.2.4
7f99c34ef000-7f99c34f0000 r--p 00070000 08:01 406644                     /usr/lib/x86_64-linux-gnu/libtiff.so.5.2.4
7f99c34f0000-7f99c34f3000 rw-p 00071000 08:01 406644                     /usr/lib/x86_64-linux-gnu/libtiff.so.5.2.4
7f99c35a8000-7f99c35fa000 r-xp 00000000 08:01 406217                     /usr/lib/x86_64-linux-gnu/liblcms2.so.2.0.6
7f99c35fa000-7f99c37f9000 ---p 00052000 08:01 406217                     /usr/lib/x86_64-linux-gnu/liblcms2.so.2.0.6
7f99c37f9000-7f99c37fa000 r--p 00051000 08:01 406217                     /usr/lib/x86_64-linux-gnu/liblcms2.so.2.0.6
7f99c37fa000-7f99c37fe000 rw-p 00052000 08:01 406217                     /usr/lib/x86_64-linux-gnu/liblcms2.so.2.0.6
7f99c37fe000-7f99c37ff000 rw-p 00000000 00:00 0 
7f99c37ff000-7f99c3800000 ---p 00000000 00:00 0 
7f99c3800000-7f99c4000000 rw-p 00000000 00:00 0 
7f99c4000000-7f99c4109000 rw-p 00000000 00:00 0 
7f99c4109000-7f99c8000000 ---p 00000000 00:00 0 
7f99c8009000-7f99c800a000 rw-p 00000000 00:00 0 
7f99c800b000-7f99c800e000 rwxp 00000000 00:00 0 
7f99c800e000-7f99c800f000 rw-p 00000000 00:00 0 
7f99c8010000-7f99c802d000 rwxp 00000000 00:00 0 
7f99c8031000-7f99c8036000 r-xp 00000000 08:01 530268                     /usr/lib/x86_64-linux-gnu/qt5/plugins/feedback/libqtfeedback_mmk.so
7f99c8036000-7f99c8037000 r--p 00004000 08:01 530268                     /usr/lib/x86_64-linux-gnu/qt5/plugins/feedback/libqtfeedback_mmk.so
7f99c8037000-7f99c8038000 rw-p 00005000 08:01 530268                     /usr/lib/x86_64-linux-gnu/qt5/plugins/feedback/libqtfeedback_mmk.so
7f99c8038000-7f99c8045000 r-xp 00000000 08:01 530314                     /usr/lib/x86_64-linux-gnu/qt5/qml/QtFeedback/libdeclarative_feedback.so
7f99c8045000-7f99c8046000 ---p 0000d000 08:01 530314                     /usr/lib/x86_64-linux-gnu/qt5/qml/QtFeedback/libdeclarative_feedback.so
7f99c8046000-7f99c8047000 r--p 0000d000 08:01 530314                     /usr/lib/x86_64-linux-gnu/qt5/qml/QtFeedback/libdeclarative_feedback.so
7f99c8047000-7f99c8048000 rw-p 0000e000 08:01 530314                     /usr/lib/x86_64-linux-gnu/qt5/qml/QtFeedback/libdeclarative_feedback.so
7f99c8048000-7f99c80c1000 r-xp 00000000 08:01 406276                     /usr/lib/x86_64-linux-gnu/libmng.so.2.0.2
7f99c80c1000-7f99c82c1000 ---p 00079000 08:01 406276                     /usr/lib/x86_64-linux-gnu/libmng.so.2.0.2
7f99c82c1000-7f99c82c3000 r--p 00079000 08:01 406276                     /usr/lib/x86_64-linux-gnu/libmng.so.2.0.2
7f99c82c3000-7f99c82c4000 rw-p 0007b000 08:01 406276                     /usr/lib/x86_64-linux-gnu/libmng.so.2.0.2
7f99c82c4000-7f99c82c5000 rwxp 00000000 00:00 0 
7f99c82c5000-7f99c82d1000 r-xp 00000000 08:01 405343                     /usr/lib/x86_64-linux-gnu/libQt5Feedback.so.5.0.0
7f99c82d1000-7f99c82d2000 r--p 0000b000 08:01 405343                     /usr/lib/x86_64-linux-gnu/libQt5Feedback.so.5.0.0
7f99c82d2000-7f99c82d3000 rw-p 0000c000 08:01 405343                     /usr/lib/x86_64-linux-gnu/libQt5Feedback.so.5.0.0
7f99c82d3000-7f99c82d8000 r-xp 00000000 08:01 550793                     /usr/lib/x86_64-linux-gnu/qt5/plugins/imageformats/libqwebp.so
7f99c82d8000-7f99c82d9000 r--p 00004000 08:01 550793                     /usr/lib/x86_64-linux-gnu/qt5/plugins/imageformats/libqwebp.so
7f99c82d9000-7f99c82da000 rw-p 00005000 08:01 550793                     /usr/lib/x86_64-linux-gnu/qt5/plugins/imageformats/libqwebp.so
7f99c82da000-7f99c82df000 r-xp 00000000 08:01 550794                     /usr/lib/x86_64-linux-gnu/qt5/plugins/imageformats/libqwbmp.so
7f99c82df000-7f99c82e0000 r--p 00004000 08:01 550794                     /usr/lib/x86_64-linux-gnu/qt5/plugins/imageformats/libqwbmp.so
7f99c82e0000-7f99c82e1000 rw-p 00005000 08:01 550794                     /usr/lib/x86_64-linux-gnu/qt5/plugins/imageformats/libqwbmp.so
7f99c82e1000-7f99c8338000 r-xp 00000000 08:01 406195                     /usr/lib/x86_64-linux-gnu/libjpeg.so.8.0.2
7f99c8338000-7f99c8538000 ---p 00057000 08:01 406195                     /usr/lib/x86_64-linux-gnu/libjpeg.so.8.0.2
7f99c8538000-7f99c8539000 r--p 00057000 08:01 406195                     /usr/lib/x86_64-linux-gnu/libjpeg.so.8.0.2
7f99c8539000-7f99c853a000 rw-p 00058000 08:01 406195                     /usr/lib/x86_64-linux-gnu/libjpeg.so.8.0.2
7f99c853e000-7f99c8545000 r-xp 00000000 08:01 550792                     /usr/lib/x86_64-linux-gnu/qt5/plugins/imageformats/libqtiff.so
7f99c8545000-7f99c8546000 ---p 00007000 08:01 550792                     /usr/lib/x86_64-linux-gnu/qt5/plugins/imageformats/libqtiff.so
7f99c8546000-7f99c8547000 r--p 00007000 08:01 550792                     /usr/lib/x86_64-linux-gnu/qt5/plugins/imageformats/libqtiff.so
7f99c8547000-7f99c8548000 rw-p 00008000 08:01 550792                     /usr/lib/x86_64-linux-gnu/qt5/plugins/imageformats/libqtiff.so
7f99c8548000-7f99c854d000 r-xp 00000000 08:01 550795                     /usr/lib/x86_64-linux-gnu/qt5/plugins/imageformats/libqtga.so
7f99c854d000-7f99c854e000 r--p 00004000 08:01 550795                     /usr/lib/x86_64-linux-gnu/qt5/plugins/imageformats/libqtga.so
7f99c854e000-7f99c854f000 rw-p 00005000 08:01 550795                     /usr/lib/x86_64-linux-gnu/qt5/plugins/imageformats/libqtga.so
7f99c854f000-7f99c8555000 r-xp 00000000 08:01 550790                     /usr/lib/x86_64-linux-gnu/qt5/plugins/imageformats/libqmng.so
7f99c8555000-7f99c8556000 r--p 00005000 08:01 550790                     /usr/lib/x86_64-linux-gnu/qt5/plugins/imageformats/libqmng.so
7f99c8556000-7f99c8557000 rw-p 00006000 08:01 550790                     /usr/lib/x86_64-linux-gnu/qt5/plugins/imageformats/libqmng.so
7f99c8557000-7f99c8564000 r-xp 00000000 08:01 532746                     /usr/lib/x86_64-linux-gnu/qt5/plugins/imageformats/libqjpeg.so
7f99c8564000-7f99c8565000 r--p 0000c000 08:01 532746                     /usr/lib/x86_64-linux-gnu/qt5/plugins/imageformats/libqjpeg.so
7f99c8565000-7f99c8566000 rw-p 0000d000 08:01 532746                     /usr/lib/x86_64-linux-gnu/qt5/plugins/imageformats/libqjpeg.so
7f99c8566000-7f99c856d000 r-xp 00000000 08:01 532747                     /usr/lib/x86_64-linux-gnu/qt5/plugins/imageformats/libqico.so
7f99c856d000-7f99c856e000 r--p 00006000 08:01 532747                     /usr/lib/x86_64-linux-gnu/qt5/plugins/imageformats/libqico.so
7f99c856e000-7f99c856f000 rw-p 00007000 08:01 532747                     /usr/lib/x86_64-linux-gnu/qt5/plugins/imageformats/libqico.so
7f99c856f000-7f99c8578000 r-xp 00000000 08:01 550789                     /usr/lib/x86_64-linux-gnu/qt5/plugins/imageformats/libqicns.so
7f99c8578000-7f99c8579000 r--p 00008000 08:01 550789                     /usr/lib/x86_64-linux-gnu/qt5/plugins/imageformats/libqicns.so
7f99c8579000-7f99c857a000 rw-p 00009000 08:01 550789                     /usr/lib/x86_64-linux-gnu/qt5/plugins/imageformats/libqicns.so
7f99c857a000-7f99c8580000 r-xp 00000000 08:01 532748                     /usr/lib/x86_64-linux-gnu/qt5/plugins/imageformats/libqgif.so
7f99c8580000-7f99c8581000 ---p 00006000 08:01 532748                     /usr/lib/x86_64-linux-gnu/qt5/plugins/imageformats/libqgif.so
7f99c8581000-7f99c8582000 r--p 00006000 08:01 532748                     /usr/lib/x86_64-linux-gnu/qt5/plugins/imageformats/libqgif.so
7f99c8582000-7f99c8583000 rw-p 00007000 08:01 532748                     /usr/lib/x86_64-linux-gnu/qt5/plugins/imageformats/libqgif.so
7f99c8583000-7f99c858e000 r-xp 00000000 08:01 550791                     /usr/lib/x86_64-linux-gnu/qt5/plugins/imageformats/libqdds.so
7f99c858e000-7f99c858f000 r--p 0000a000 08:01 550791                     /usr/lib/x86_64-linux-gnu/qt5/plugins/imageformats/libqdds.so
7f99c858f000-7f99c8590000 rw-p 0000b000 08:01 550791                     /usr/lib/x86_64-linux-gnu/qt5/plugins/imageformats/libqdds.so
7f99c8590000-7f99c8611000 rw-p 00000000 00:00 0 
7f99c8619000-7f99c863b000 rw-p 00000000 00:00 0 
7f99c8e58000-7f99c9858000 rwxp 00000000 00:00 0 
7f99c9c48000-7f99c9cd9000 rw-p 00000000 00:00 0 
7f99c9cd9000-7f99c9cea000 rwxp 00000000 00:00 0 
7f99c9cea000-7f99c9cf5000 r-xp 00000000 08:01 137069                     /lib/x86_64-linux-gnu/libnss_nis-2.23.so
7f99c9cf5000-7f99c9ef4000 ---p 0000b000 08:01 137069                     /lib/x86_64-linux-gnu/libnss_nis-2.23.so
7f99c9ef4000-7f99c9ef5000 r--p 0000a000 08:01 137069                     /lib/x86_64-linux-gnu/libnss_nis-2.23.so
7f99c9ef5000-7f99c9ef6000 rw-p 0000b000 08:01 137069                     /lib/x86_64-linux-gnu/libnss_nis-2.23.so
7f99c9ef6000-7f99c9f0c000 r-xp 00000000 08:01 137053                     /lib/x86_64-linux-gnu/libnsl-2.23.so
7f99c9f0c000-7f99ca10b000 ---p 00016000 08:01 137053                     /lib/x86_64-linux-gnu/libnsl-2.23.so
7f99ca10b000-7f99ca10c000 r--p 00015000 08:01 137053                     /lib/x86_64-linux-gnu/libnsl-2.23.so
7f99ca10c000-7f99ca10d000 rw-p 00016000 08:01 137053                     /lib/x86_64-linux-gnu/libnsl-2.23.so
7f99ca10d000-7f99ca10f000 rw-p 00000000 00:00 0 
7f99ca10f000-7f99ca117000 r-xp 00000000 08:01 137055                     /lib/x86_64-linux-gnu/libnss_compat-2.23.so
7f99ca117000-7f99ca316000 ---p 00008000 08:01 137055                     /lib/x86_64-linux-gnu/libnss_compat-2.23.so
7f99ca316000-7f99ca317000 r--p 00007000 08:01 137055                     /lib/x86_64-linux-gnu/libnss_compat-2.23.so
7f99ca317000-7f99ca318000 rw-p 00008000 08:01 137055                     /lib/x86_64-linux-gnu/libnss_compat-2.23.so
7f99ca318000-7f99ca358000 rw-p 00000000 00:00 0 
7f99ca358000-7f99ca3aa000 r-xp 00000000 08:01 405383                     /usr/lib/x86_64-linux-gnu/libQt5Svg.so.5.6.2
7f99ca3aa000-7f99ca3ab000 ---p 00052000 08:01 405383                     /usr/lib/x86_64-linux-gnu/libQt5Svg.so.5.6.2
7f99ca3ab000-7f99ca3ad000 r--p 00052000 08:01 405383                     /usr/lib/x86_64-linux-gnu/libQt5Svg.so.5.6.2
7f99ca3ad000-7f99ca3af000 rw-p 00054000 08:01 405383                     /usr/lib/x86_64-linux-gnu/libQt5Svg.so.5.6.2
7f99ca3b5000-7f99ca3c5000 rwxp 00000000 00:00 0 
7f99ca3c5000-7f99ca3cc000 r--s 00000000 08:01 527732                     /usr/lib/x86_64-linux-gnu/gconv/gconv-modules.cache
7f99ca3cc000-7f99ca3cf000 rwxp 00000000 00:00 0 
7f99ca3d3000-7f99ca3d4000 rw-p 00000000 00:00 0 
7f99ca3d4000-7f99ca3d9000 r-xp 00000000 08:01 528583                     /usr/lib/x86_64-linux-gnu/qt5/plugins/imageformats/libqsvg.so
7f99ca3d9000-7f99ca3da000 r--p 00004000 08:01 528583                     /usr/lib/x86_64-linux-gnu/qt5/plugins/imageformats/libqsvg.so
7f99ca3da000-7f99ca3db000 rw-p 00005000 08:01 528583                     /usr/lib/x86_64-linux-gnu/qt5/plugins/imageformats/libqsvg.so
7f99ca3db000-7f99ca3de000 rwxp 00000000 00:00 0 
7f99ca3de000-7f99ca3df000 ---p 00000000 00:00 0 
7f99ca3df000-7f99cabe1000 rw-p 00000000 00:00 0 
7f99cabe1000-7f99cabf0000 rwxp 00000000 00:00 0 
7f99cabf0000-7f99cabf1000 rw-p 00000000 00:00 0 
7f99cabf1000-7f99cac22000 rwxp 00000000 00:00 0 
7f99cac22000-7f99cac79000 r--p 00000000 08:01 8408                       /usr/share/fonts/truetype/ubuntu-font-family/Ubuntu-R.ttf
7f99cac79000-7f99cac80000 rwxp 00000000 00:00 0 
7f99cac80000-7f99cacc0000 rw-p 00000000 00:00 0 
7f99cacc0000-7f99cacc5000 rwxp 00000000 00:00 0 
7f99cacc5000-7f99cacc6000 rw-p 00000000 00:00 0 
7f99cacc6000-7f99cacd4000 rwxp 00000000 00:00 0 
7f99cacd4000-7f99cad3a000 r--p 00000000 08:01 8404                       /usr/share/fonts/truetype/ubuntu-font-family/Ubuntu-L.ttf
7f99cad3a000-7f99cad45000 r--s 00000000 08:01 432198                     /var/cache/fontconfig/945677eb7aeaf62f1d50efc3fb3ec7d8-le64.cache-6
7f99cad45000-7f99cad4b000 r--s 00000000 08:01 432180                     /var/cache/fontconfig/2cd17615ca594fa2959ae173292e504c-le64.cache-6
7f99cad4b000-7f99cad4c000 r--s 00000000 08:01 432177                     /var/cache/fontconfig/0d8c3b2ac0904cb8a57a757ad11a4a08-le64.cache-6
7f99cad4c000-7f99cad61000 r--s 00000000 08:01 432174                     /var/cache/fontconfig/04aabc0a78ac019cf9454389977116d2-le64.cache-6
7f99cad61000-7f99cad62000 r--s 00000000 08:01 432179                     /var/cache/fontconfig/1ac9eb803944fde146138c791f5cc56a-le64.cache-6
7f99cad62000-7f99cad66000 r--s 00000000 08:01 432184                     /var/cache/fontconfig/385c0604a188198f04d133e54aba7fe7-le64.cache-6
7f99cad66000-7f99cad67000 r--s 00000000 08:01 432211                     /var/cache/fontconfig/dc05db6664285cc2f12bf69c139ae4c3-le64.cache-6
7f99cad67000-7f99cad6a000 r--s 00000000 08:01 432194                     /var/cache/fontconfig/767a8244fc0220cfb567a839d0392e0b-le64.cache-6
7f99cad6a000-7f99cad6b000 r--s 00000000 08:01 432185                     /var/cache/fontconfig/4794a0821666d79190d59a36cb4f44b5-le64.cache-6
7f99cad6b000-7f99cad70000 r--s 00000000 08:01 432197                     /var/cache/fontconfig/8801497958630a81b71ace7c5f9b32a8-le64.cache-6
7f99cad70000-7f99cad71000 r--s 00000000 08:01 432204                     /var/cache/fontconfig/bab58bb527bb656aaa9f116d68a48d89-le64.cache-6
7f99cad71000-7f99cad78000 r--s 00000000 08:01 432181                     /var/cache/fontconfig/3047814df9a2f067bd2d96a2b9c36e5a-le64.cache-6
7f99cad78000-7f99cad79000 r--s 00000000 08:01 432188                     /var/cache/fontconfig/56cf4f4769d0f4abc89a4895d7bd3ae1-le64.cache-6
7f99cad79000-7f99cad7a000 r--s 00000000 08:01 432203                     /var/cache/fontconfig/b9d506c9ac06c20b433354fa67a72993-le64.cache-6
7f99cad7a000-7f99cad80000 r--s 00000000 08:01 432202                     /var/cache/fontconfig/b47c4e1ecd0709278f4910c18777a504-le64.cache-6
7f99cad80000-7f99cad93000 r--s 00000000 08:01 432208                     /var/cache/fontconfig/d52a8644073d54c13679302ca1180695-le64.cache-6
7f99cad93000-7f99cad94000 r--s 00000000 08:01 432187                     /var/cache/fontconfig/551ecf3b0e8b0bca0f25c0944f561853-le64.cache-6
7f99cad94000-7f99cad98000 r--s 00000000 08:01 432209                     /var/cache/fontconfig/d589a48862398ed80a3d6066f4f56f4c-le64.cache-6
7f99cad98000-7f99cad99000 r--s 00000000 08:01 432182                     /var/cache/fontconfig/30829fa25452a46451e813d634d7f916-le64.cache-6
7f99cad99000-7f99cad9a000 r--s 00000000 08:01 432176                     /var/cache/fontconfig/0c9eb80ebd1c36541ebe2852d3bb0c49-le64.cache-6
7f99cad9a000-7f99cad9d000 r--s 00000000 08:01 432193                     /var/cache/fontconfig/75114ca45c98e8a441da0ff356701271-le64.cache-6
7f99cad9d000-7f99cada8000 r--s 00000000 08:01 432196                     /var/cache/fontconfig/83bf95040141907cd45bb53cf7c1c148-le64.cache-6
7f99cada8000-7f99cadba000 r--s 00000000 08:01 432200                     /var/cache/fontconfig/9b89f8e3dae116d678bbf48e5f21f69b-le64.cache-6
7f99cadba000-7f99cadbd000 r--s 00000000 08:01 432212                     /var/cache/fontconfig/e13b20fdb08344e0e664864cc2ede53d-le64.cache-6
7f99cadbd000-7f99cadc1000 r--s 00000000 08:01 393230                     /var/cache/fontconfig/7ef2298fde41cc6eeb7af42e48b7d293-le64.cache-6
7f99cadc1000-7f99cade1000 rw-p 00000000 00:00 0 
7f99cade1000-7f99cadf7000 rwxp 00000000 00:00 0 
7f99cadf7000-7f99cadfc000 r-xp 00000000 08:01 137057                     /lib/x86_64-linux-gnu/libnss_dns-2.23.so
7f99cadfc000-7f99caffc000 ---p 00005000 08:01 137057                     /lib/x86_64-linux-gnu/libnss_dns-2.23.so
7f99caffc000-7f99caffd000 r--p 00005000 08:01 137057                     /lib/x86_64-linux-gnu/libnss_dns-2.23.so
7f99caffd000-7f99caffe000 rw-p 00006000 08:01 137057                     /lib/x86_64-linux-gnu/libnss_dns-2.23.so
7f99caffe000-7f99cafff000 ---p 00000000 00:00 0 
7f99cafff000-7f99cb7ff000 rw-p 00000000 00:00 0 
7f99cb7ff000-7f99cb800000 ---p 00000000 00:00 0 
7f99cb800000-7f99cc000000 rw-p 00000000 00:00 0 
7f99cc000000-7f99cc021000 rw-p 00000000 00:00 0 
7f99cc021000-7f99d0000000 ---p 00000000 00:00 0 
7f99d0000000-7f99d0006000 rwxp 00000000 00:00 0 
7f99d0006000-7f99d0008000 r-xp 00000000 08:01 137065                     /lib/x86_64-linux-gnu/libnss_mdns4_minimal.so.2
7f99d0008000-7f99d0207000 ---p 00002000 08:01 137065                     /lib/x86_64-linux-gnu/libnss_mdns4_minimal.so.2
7f99d0207000-7f99d0208000 r--p 00001000 08:01 137065                     /lib/x86_64-linux-gnu/libnss_mdns4_minimal.so.2
7f99d0208000-7f99d0209000 rw-p 00002000 08:01 137065                     /lib/x86_64-linux-gnu/libnss_mdns4_minimal.so.2
7f99d0209000-7f99d0219000 rwxp 00000000 00:00 0 
7f99d0219000-7f99d0239000 rw-p 00000000 00:00 0 
7f99d0239000-7f99d0244000 r-xp 00000000 08:01 137059                     /lib/x86_64-linux-gnu/libnss_files-2.23.so
7f99d0244000-7f99d0443000 ---p 0000b000 08:01 137059                     /lib/x86_64-linux-gnu/libnss_files-2.23.so
7f99d0443000-7f99d0444000 r--p 0000a000 08:01 137059                     /lib/x86_64-linux-gnu/libnss_files-2.23.so
7f99d0444000-7f99d0445000 rw-p 0000b000 08:01 137059                     /lib/x86_64-linux-gnu/libnss_files-2.23.so
7f99d0445000-7f99d044b000 rw-p 00000000 00:00 0 
7f99d044b000-7f99d0453000 rwxp 00000000 00:00 0 
7f99d0453000-7f99d0456000 r-xp 00000000 08:01 3815                       /usr/lib/x86_64-linux-gnu/qt5/qml/Ubuntu/Components/Styles/libUbuntuComponentsStyles.so
7f99d0456000-7f99d0457000 r--p 00002000 08:01 3815                       /usr/lib/x86_64-linux-gnu/qt5/qml/Ubuntu/Components/Styles/libUbuntuComponentsStyles.so
7f99d0457000-7f99d0458000 rw-p 00003000 08:01 3815                       /usr/lib/x86_64-linux-gnu/qt5/qml/Ubuntu/Components/Styles/libUbuntuComponentsStyles.so
7f99d0458000-7f99d0468000 rw-p 00000000 00:00 0 
7f99d0468000-7f99d0469000 ---p 00000000 00:00 0 
7f99d0469000-7f99d0c69000 rw-p 00000000 00:00 0 
7f99d0c69000-7f99d0c6a000 ---p 00000000 00:00 0 
7f99d0c6a000-7f99d146a000 rw-p 00000000 00:00 0 
7f99d146a000-7f99d146b000 ---p 00000000 00:00 0 
7f99d146b000-7f99d1c6b000 rw-p 00000000 00:00 0 
7f99d1c6b000-7f99d1c74000 r-xp 00000000 08:01 136970                     /lib/x86_64-linux-gnu/libcrypt-2.23.so
7f99d1c74000-7f99d1e73000 ---p 00009000 08:01 136970                     /lib/x86_64-linux-gnu/libcrypt-2.23.so
7f99d1e73000-7f99d1e74000 r--p 00008000 08:01 136970                     /lib/x86_64-linux-gnu/libcrypt-2.23.so
7f99d1e74000-7f99d1e75000 rw-p 00009000 08:01 136970                     /lib/x86_64-linux-gnu/libcrypt-2.23.so
7f99d1e75000-7f99d1ea3000 rw-p 00000000 00:00 0 
7f99d1ea3000-7f99d1eea000 r-xp 00000000 08:01 406118                     /usr/lib/x86_64-linux-gnu/libhx509.so.5.0.0
7f99d1eea000-7f99d20e9000 ---p 00047000 08:01 406118                     /usr/lib/x86_64-linux-gnu/libhx509.so.5.0.0
7f99d20e9000-7f99d20eb000 r--p 00046000 08:01 406118                     /usr/lib/x86_64-linux-gnu/libhx509.so.5.0.0
7f99d20eb000-7f99d20ed000 rw-p 00048000 08:01 406118                     /usr/lib/x86_64-linux-gnu/libhx509.so.5.0.0
7f99d20ed000-7f99d20ee000 rw-p 00000000 00:00 0 
7f99d20ee000-7f99d20fc000 r-xp 00000000 08:01 406100                     /usr/lib/x86_64-linux-gnu/libheimbase.so.1.0.0
7f99d20fc000-7f99d22fb000 ---p 0000e000 08:01 406100                     /usr/lib/x86_64-linux-gnu/libheimbase.so.1.0.0
7f99d22fb000-7f99d22fc000 r--p 0000d000 08:01 406100                     /usr/lib/x86_64-linux-gnu/libheimbase.so.1.0.0
7f99d22fc000-7f99d22fd000 rw-p 0000e000 08:01 406100                     /usr/lib/x86_64-linux-gnu/libheimbase.so.1.0.0
7f99d22fd000-7f99d2324000 r-xp 00000000 08:01 406775                     /usr/lib/x86_64-linux-gnu/libwind.so.0.0.0
7f99d2324000-7f99d2524000 ---p 00027000 08:01 406775                     /usr/lib/x86_64-linux-gnu/libwind.so.0.0.0
7f99d2524000-7f99d2525000 r--p 00027000 08:01 406775                     /usr/lib/x86_64-linux-gnu/libwind.so.0.0.0
7f99d2525000-7f99d2526000 rw-p 00028000 08:01 406775                     /usr/lib/x86_64-linux-gnu/libwind.so.0.0.0
7f99d2526000-7f99d253b000 r-xp 00000000 08:01 406516                     /usr/lib/x86_64-linux-gnu/libroken.so.18.1.0
7f99d253b000-7f99d273a000 ---p 00015000 08:01 406516                     /usr/lib/x86_64-linux-gnu/libroken.so.18.1.0
7f99d273a000-7f99d273b000 r--p 00014000 08:01 406516                     /usr/lib/x86_64-linux-gnu/libroken.so.18.1.0
7f99d273b000-7f99d273c000 rw-p 00015000 08:01 406516                     /usr/lib/x86_64-linux-gnu/libroken.so.18.1.0
7f99d273c000-7f99d276c000 r-xp 00000000 08:01 406098                     /usr/lib/x86_64-linux-gnu/libhcrypto.so.4.1.0
7f99d276c000-7f99d296c000 ---p 00030000 08:01 406098                     /usr/lib/x86_64-linux-gnu/libhcrypto.so.4.1.0
7f99d296c000-7f99d296d000 r--p 00030000 08:01 406098                     /usr/lib/x86_64-linux-gnu/libhcrypto.so.4.1.0
7f99d296d000-7f99d296e000 rw-p 00031000 08:01 406098                     /usr/lib/x86_64-linux-gnu/libhcrypto.so.4.1.0
7f99d296e000-7f99d296f000 rw-p 00000000 00:00 0 
7f99d296f000-7f99d2a0e000 r-xp 00000000 08:01 405535                     /usr/lib/x86_64-linux-gnu/libasn1.so.8.0.0
7f99d2a0e000-7f99d2c0d000 ---p 0009f000 08:01 405535                     /usr/lib/x86_64-linux-gnu/libasn1.so.8.0.0
7f99d2c0d000-7f99d2c0e000 r--p 0009e000 08:01 405535                     /usr/lib/x86_64-linux-gnu/libasn1.so.8.0.0
7f99d2c0e000-7f99d2c11000 rw-p 0009f000 08:01 405535                     /usr/lib/x86_64-linux-gnu/libasn1.so.8.0.0
7f99d2c11000-7f99d2c95000 r-xp 00000000 08:01 406205                     /usr/lib/x86_64-linux-gnu/libkrb5.so.26.0.0
7f99d2c95000-7f99d2e94000 ---p 00084000 08:01 406205                     /usr/lib/x86_64-linux-gnu/libkrb5.so.26.0.0
7f99d2e94000-7f99d2e97000 r--p 00083000 08:01 406205                     /usr/lib/x86_64-linux-gnu/libkrb5.so.26.0.0
7f99d2e97000-7f99d2e9a000 rw-p 00086000 08:01 406205                     /usr/lib/x86_64-linux-gnu/libkrb5.so.26.0.0
7f99d2e9a000-7f99d2e9b000 rw-p 00000000 00:00 0 
7f99d2e9b000-7f99d2ea3000 r-xp 00000000 08:01 406102                     /usr/lib/x86_64-linux-gnu/libheimntlm.so.0.1.0
7f99d2ea3000-7f99d30a2000 ---p 00008000 08:01 406102                     /usr/lib/x86_64-linux-gnu/libheimntlm.so.0.1.0
7f99d30a2000-7f99d30a3000 r--p 00007000 08:01 406102                     /usr/lib/x86_64-linux-gnu/libheimntlm.so.0.1.0
7f99d30a3000-7f99d30a4000 rw-p 00008000 08:01 406102                     /usr/lib/x86_64-linux-gnu/libheimntlm.so.0.1.0
7f99d30a4000-7f99d30a7000 r-xp 00000000 08:01 137021                     /lib/x86_64-linux-gnu/libkeyutils.so.1.5
7f99d30a7000-7f99d32a6000 ---p 00003000 08:01 137021                     /lib/x86_64-linux-gnu/libkeyutils.so.1.5
7f99d32a6000-7f99d32a7000 r--p 00002000 08:01 137021                     /lib/x86_64-linux-gnu/libkeyutils.so.1.5
7f99d32a7000-7f99d32a8000 rw-p 00003000 08:01 137021                     /lib/x86_64-linux-gnu/libkeyutils.so.1.5
7f99d32a8000-7f99d32b9000 r-xp 00000000 08:01 406621                     /usr/lib/x86_64-linux-gnu/libtasn1.so.6.5.1
7f99d32b9000-7f99d34b9000 ---p 00011000 08:01 406621                     /usr/lib/x86_64-linux-gnu/libtasn1.so.6.5.1
7f99d34b9000-7f99d34ba000 r--p 00011000 08:01 406621                     /usr/lib/x86_64-linux-gnu/libtasn1.so.6.5.1
7f99d34ba000-7f99d34bb000 rw-p 00012000 08:01 406621                     /usr/lib/x86_64-linux-gnu/libtasn1.so.6.5.1
7f99d34bb000-7f99d3514000 r-xp 00000000 08:01 406392                     /usr/lib/x86_64-linux-gnu/libp11-kit.so.0.1.0
7f99d3514000-7f99d3713000 ---p 00059000 08:01 406392                     /usr/lib/x86_64-linux-gnu/libp11-kit.so.0.1.0
7f99d3713000-7f99d371d000 r--p 00058000 08:01 406392                     /usr/lib/x86_64-linux-gnu/libp11-kit.so.0.1.0
7f99d371d000-7f99d371f000 rw-p 00062000 08:01 406392                     /usr/lib/x86_64-linux-gnu/libp11-kit.so.0.1.0
7f99d371f000-7f99d372b000 r-xp 00000000 08:01 406708                     /usr/lib/x86_64-linux-gnu/libunwind.so.8.0.1
7f99d372b000-7f99d392a000 ---p 0000c000 08:01 406708                     /usr/lib/x86_64-linux-gnu/libunwind.so.8.0.1
7f99d392a000-7f99d392b000 r--p 0000b000 08:01 406708                     /usr/lib/x86_64-linux-gnu/libunwind.so.8.0.1
7f99d392b000-7f99d392c000 rw-p 0000c000 08:01 406708                     /usr/lib/x86_64-linux-gnu/libunwind.so.8.0.1
7f99d392c000-7f99d393a000 rw-p 00000000 00:00 0 
7f99d393a000-7f99d395a000 r-xp 00000000 08:01 433227                     /usr/lib/x86_64-linux-gnu/libgflags.so.2.1.2
7f99d395a000-7f99d3b59000 ---p 00020000 08:01 433227                     /usr/lib/x86_64-linux-gnu/libgflags.so.2.1.2
7f99d3b59000-7f99d3b5a000 r--p 0001f000 08:01 433227                     /usr/lib/x86_64-linux-gnu/libgflags.so.2.1.2
7f99d3b5a000-7f99d3b5b000 rw-p 00020000 08:01 433227                     /usr/lib/x86_64-linux-gnu/libgflags.so.2.1.2
7f99d3b5b000-7f99d3b98000 r-xp 00000000 08:01 406021                     /usr/lib/x86_64-linux-gnu/libgssapi.so.3.0.0
7f99d3b98000-7f99d3d98000 ---p 0003d000 08:01 406021                     /usr/lib/x86_64-linux-gnu/libgssapi.so.3.0.0
7f99d3d98000-7f99d3d99000 r--p 0003d000 08:01 406021                     /usr/lib/x86_64-linux-gnu/libgssapi.so.3.0.0
7f99d3d99000-7f99d3d9b000 rw-p 0003e000 08:01 406021                     /usr/lib/x86_64-linux-gnu/libgssapi.so.3.0.0
7f99d3d9b000-7f99d3d9c000 rw-p 00000000 00:00 0 
7f99d3d9c000-7f99d3db5000 r-xp 00000000 08:01 406543                     /usr/lib/x86_64-linux-gnu/libsasl2.so.2.0.25
7f99d3db5000-7f99d3fb5000 ---p 00019000 08:01 406543                     /usr/lib/x86_64-linux-gnu/libsasl2.so.2.0.25
7f99d3fb5000-7f99d3fb6000 r--p 00019000 08:01 406543                     /usr/lib/x86_64-linux-gnu/libsasl2.so.2.0.25
7f99d3fb6000-7f99d3fb7000 rw-p 0001a000 08:01 406543                     /usr/lib/x86_64-linux-gnu/libsasl2.so.2.0.25
7f99d3fb7000-7f99d3fc1000 r-xp 00000000 08:01 406209                     /usr/lib/x86_64-linux-gnu/libkrb5support.so.0.1
7f99d3fc1000-7f99d41c0000 ---p 0000a000 08:01 406209                     /usr/lib/x86_64-linux-gnu/libkrb5support.so.0.1
7f99d41c0000-7f99d41c1000 r--p 00009000 08:01 406209                     /usr/lib/x86_64-linux-gnu/libkrb5support.so.0.1
7f99d41c1000-7f99d41c2000 rw-p 0000a000 08:01 406209                     /usr/lib/x86_64-linux-gnu/libkrb5support.so.0.1
7f99d41c2000-7f99d41c5000 r-xp 00000000 08:01 136969                     /lib/x86_64-linux-gnu/libcom_err.so.2.1
7f99d41c5000-7f99d43c4000 ---p 00003000 08:01 136969                     /lib/x86_64-linux-gnu/libcom_err.so.2.1
7f99d43c4000-7f99d43c5000 r--p 00002000 08:01 136969                     /lib/x86_64-linux-gnu/libcom_err.so.2.1
7f99d43c5000-7f99d43c6000 rw-p 00003000 08:01 136969                     /lib/x86_64-linux-gnu/libcom_err.so.2.1
7f99d43c6000-7f99d43f2000 r-xp 00000000 08:01 406199                     /usr/lib/x86_64-linux-gnu/libk5crypto.so.3.1
7f99d43f2000-7f99d45f1000 ---p 0002c000 08:01 406199                     /usr/lib/x86_64-linux-gnu/libk5crypto.so.3.1
7f99d45f1000-7f99d45f3000 r--p 0002b000 08:01 406199                     /usr/lib/x86_64-linux-gnu/libk5crypto.so.3.1
7f99d45f3000-7f99d45f4000 rw-p 0002d000 08:01 406199                     /usr/lib/x86_64-linux-gnu/libk5crypto.so.3.1
7f99d45f4000-7f99d45f5000 rw-p 00000000 00:00 0 
7f99d45f5000-7f99d46b8000 r-xp 00000000 08:01 406207                     /usr/lib/x86_64-linux-gnu/libkrb5.so.3.3
7f99d46b8000-7f99d48b8000 ---p 000c3000 08:01 406207                     /usr/lib/x86_64-linux-gnu/libkrb5.so.3.3
7f99d48b8000-7f99d48c5000 r--p 000c3000 08:01 406207                     /usr/lib/x86_64-linux-gnu/libkrb5.so.3.3
7f99d48c5000-7f99d48c7000 rw-p 000d0000 08:01 406207                     /usr/lib/x86_64-linux-gnu/libkrb5.so.3.3
7f99d48c7000-7f99d4946000 r-xp 00000000 08:01 405966                     /usr/lib/x86_64-linux-gnu/libgmp.so.10.3.0
7f99d4946000-7f99d4b45000 ---p 0007f000 08:01 405966                     /usr/lib/x86_64-linux-gnu/libgmp.so.10.3.0
7f99d4b45000-7f99d4b46000 r--p 0007e000 08:01 405966                     /usr/lib/x86_64-linux-gnu/libgmp.so.10.3.0
7f99d4b46000-7f99d4b47000 rw-p 0007f000 08:01 405966                     /usr/lib/x86_64-linux-gnu/libgmp.so.10.3.0
7f99d4b47000-7f99d4b7b000 r-xp 00000000 08:01 406329                     /usr/lib/x86_64-linux-gnu/libnettle.so.6.2
7f99d4b7b000-7f99d4d7a000 ---p 00034000 08:01 406329                     /usr/lib/x86_64-linux-gnu/libnettle.so.6.2
7f99d4d7a000-7f99d4d7c000 r--p 00033000 08:01 406329                     /usr/lib/x86_64-linux-gnu/libnettle.so.6.2
7f99d4d7c000-7f99d4d7d000 rw-p 00035000 08:01 406329                     /usr/lib/x86_64-linux-gnu/libnettle.so.6.2
7f99d4d7d000-7f99d4daf000 r-xp 00000000 08:01 406104                     /usr/lib/x86_64-linux-gnu/libhogweed.so.4.2
7f99d4daf000-7f99d4fae000 ---p 00032000 08:01 406104                     /usr/lib/x86_64-linux-gnu/libhogweed.so.4.2
7f99d4fae000-7f99d4faf000 r--p 00031000 08:01 406104                     /usr/lib/x86_64-linux-gnu/libhogweed.so.4.2
7f99d4faf000-7f99d4fb0000 rw-p 00032000 08:01 406104                     /usr/lib/x86_64-linux-gnu/libhogweed.so.4.2
7f99d4fb0000-7f99d50d3000 r-xp 00000000 08:01 405984                     /usr/lib/x86_64-linux-gnu/libgnutls.so.30.6.2
7f99d50d3000-7f99d52d2000 ---p 00123000 08:01 405984                     /usr/lib/x86_64-linux-gnu/libgnutls.so.30.6.2
7f99d52d2000-7f99d52dd000 r--p 00122000 08:01 405984                     /usr/lib/x86_64-linux-gnu/libgnutls.so.30.6.2
7f99d52dd000-7f99d52df000 rw-p 0012d000 08:01 405984                     /usr/lib/x86_64-linux-gnu/libgnutls.so.30.6.2
7f99d52df000-7f99d52e0000 rw-p 00000000 00:00 0 
7f99d52e0000-7f99d52fe000 r-xp 00000000 08:01 433231                     /usr/lib/x86_64-linux-gnu/libglog.so.0.0.0
7f99d52fe000-7f99d54fd000 ---p 0001e000 08:01 433231                     /usr/lib/x86_64-linux-gnu/libglog.so.0.0.0
7f99d54fd000-7f99d54fe000 r--p 0001d000 08:01 433231                     /usr/lib/x86_64-linux-gnu/libglog.so.0.0.0
7f99d54fe000-7f99d54ff000 rw-p 0001e000 08:01 433231                     /usr/lib/x86_64-linux-gnu/libglog.so.0.0.0
7f99d54ff000-7f99d550f000 rw-p 00000000 00:00 0 
7f99d550f000-7f99d555c000 r-xp 00000000 08:01 406220                     /usr/lib/x86_64-linux-gnu/libldap_r-2.4.so.2.10.5
7f99d555c000-7f99d575b000 ---p 0004d000 08:01 406220                     /usr/lib/x86_64-linux-gnu/libldap_r-2.4.so.2.10.5
7f99d575b000-7f99d575d000 r--p 0004c000 08:01 406220                     /usr/lib/x86_64-linux-gnu/libldap_r-2.4.so.2.10.5
7f99d575d000-7f99d575e000 rw-p 0004e000 08:01 406220                     /usr/lib/x86_64-linux-gnu/libldap_r-2.4.so.2.10.5
7f99d575e000-7f99d5760000 rw-p 00000000 00:00 0 
7f99d5760000-7f99d576d000 r-xp 00000000 08:01 406215                     /usr/lib/x86_64-linux-gnu/liblber-2.4.so.2.10.5
7f99d576d000-7f99d596d000 ---p 0000d000 08:01 406215                     /usr/lib/x86_64-linux-gnu/liblber-2.4.so.2.10.5
7f99d596d000-7f99d596e000 r--p 0000d000 08:01 406215                     /usr/lib/x86_64-linux-gnu/liblber-2.4.so.2.10.5
7f99d596e000-7f99d596f000 rw-p 0000e000 08:01 406215                     /usr/lib/x86_64-linux-gnu/liblber-2.4.so.2.10.5
7f99d596f000-7f99d59b6000 r-xp 00000000 08:01 406023                     /usr/lib/x86_64-linux-gnu/libgssapi_krb5.so.2.2
7f99d59b6000-7f99d5bb5000 ---p 00047000 08:01 406023                     /usr/lib/x86_64-linux-gnu/libgssapi_krb5.so.2.2
7f99d5bb5000-7f99d5bb7000 r--p 00046000 08:01 406023                     /usr/lib/x86_64-linux-gnu/libgssapi_krb5.so.2.2
7f99d5bb7000-7f99d5bb9000 rw-p 00048000 08:01 406023                     /usr/lib/x86_64-linux-gnu/libgssapi_krb5.so.2.2
7f99d5bb9000-7f99d5dd3000 r-xp 00000000 08:01 136972                     /lib/x86_64-linux-gnu/libcrypto.so.1.0.0
7f99d5dd3000-7f99d5fd2000 ---p 0021a000 08:01 136972                     /lib/x86_64-linux-gnu/libcrypto.so.1.0.0
7f99d5fd2000-7f99d5fee000 r--p 00219000 08:01 136972                     /lib/x86_64-linux-gnu/libcrypto.so.1.0.0
7f99d5fee000-7f99d5ffa000 rw-p 00235000 08:01 136972                     /lib/x86_64-linux-gnu/libcrypto.so.1.0.0
7f99d5ffa000-7f99d5ffd000 rw-p 00000000 00:00 0 
7f99d5ffd000-7f99d605b000 r-xp 00000000 08:01 137126                     /lib/x86_64-linux-gnu/libssl.so.1.0.0
7f99d605b000-7f99d625b000 ---p 0005e000 08:01 137126                     /lib/x86_64-linux-gnu/libssl.so.1.0.0
7f99d625b000-7f99d625f000 r--p 0005e000 08:01 137126                     /lib/x86_64-linux-gnu/libssl.so.1.0.0
7f99d625f000-7f99d6266000 rw-p 00062000 08:01 137126                     /lib/x86_64-linux-gnu/libssl.so.1.0.0^CAborted (core dumped)
yunit@yunit-VM:/lib/x86_64-linux-gnu/bin$ 

