ssh -p 3022 yunit@127.0.0.1
yunit@127.0.0.1's password: 
Welcome to Ubuntu 16.04.3 LTS (GNU/Linux 4.10.0-38-generic x86_64)

 * Documentation:  https://help.ubuntu.com
 * Management:     https://landscape.canonical.com
 * Support:        https://ubuntu.com/advantage

0 packages can be updated.
0 updates are security updates.


Last login: Fri Nov 17 12:34:34 2017 from 10.0.2.2
yunit@yunitvm:~$ apt-cache search mir
culmus - TrueType and Type1 Hebrew Fonts for X11
debootstrap - Bootstrap a basic Debian system
imagemagick - image manipulation programs -- binaries
imagemagick-6.q16 - image manipulation programs -- quantum depth Q16
lftp - Sophisticated command-line FTP/HTTP/BitTorrent client programs
liblqr-1-0 - converts plain array images into multi-size representation
liblqr-1-0-dev - converts plain array images into multi-size representation (developments files)
pax - Portable Archive Interchange (cpio, pax, tar)
pbuilder - personal package builder for Debian packages
python-openssl - Python 2 wrapper around the OpenSSL library
python-openssl-doc - Python wrapper around the OpenSSL library (documentation package)
python-urlgrabber - A high-level cross-protocol url-grabber
python3-openssl - Python 3 wrapper around the OpenSSL library
rsync - fast, versatile, remote (and local) file-copying tool
texlive-pstricks - TeX Live: PSTricks
wget - retrieves files from the web
fonts-deva-extra - Free fonts for Devanagari script
fonts-gargi - OpenType Devanagari font
fonts-lohit-deva - Lohit TrueType font for Devanagari script
fonts-samyak-deva - Samyak TrueType font for Devanagari script
liblqr-1-0-dbg - converts plain array images into multi-size representation (debug package)
libmirclient-debug-extension-dev - Display server for Ubuntu - client debug interface headers
libmirclient-debug-extension1 - Display server for Ubuntu - optional client debug interfaces
libmirclient-dev - Display server for Ubuntu - development headers
libmirclient9 - Display server for Ubuntu - client library
libmircommon-dev - Display server for Ubuntu - development headers
libmircommon5 - Display server for Ubuntu - shared library
libmircookie-dev - Produce and verify spoof-resistant timestamps - development headers
libmircookie2 - Produce and verify spoof-resistant timestamps - runtime library
libmirplatform-dev - Display server for Ubuntu - development headers
libmirplatform11 - Display server for Ubuntu - platform library
libmirprotobuf3 - Display server for Ubuntu - RPC definitions
libmirserver-dev - Display server for Ubuntu - development headers
libmirserver38 - Display server for Ubuntu - server library
mir-client-platform-mesa-dev - Display server for Ubuntu - client platform library for Mesa development files
mir-doc - API documentation for mir
mir-renderer-gl-dev - Display server for Ubuntu - GL Renderer development files
mirtest-dev - Display server for Ubuntu - test development headers and library
php-pear - PEAR Base System
rbd-mirror - Ceph daemon for mirroring RBD images
rbd-mirror-dbg - debugging symbols for rbd-mirror
apt-mirror - APT sources mirroring tool
apt-move - Maintain Debian packages in a package pool
apt-p2p - apt helper for peer-to-peer downloads of Debian packages
bindfs - mirrors or overlays a local directory with altered permissions
comix - GTK Comic Book Viewer
conservation-code - protein sequence conservation scoring tool
cyclist - Utility for converting Max/MSP binary patches to text
daemonlogger - simple network packet logger and soft tap daemon
debian-faq - Debian Frequently Asked Questions
debmirror - Debian partial mirror script, with ftp and package pool support
debpartial-mirror - tools to create partial Debian mirrors
dict-elements - Data regarding the Elements
doc-debian - Debian Project documentation and other documents
dsc-statistics-collector - DNS Statistics Collector - Collector component
firebird2.5-common-doc - copyright, licensing and changelogs of firebird2.5
font-hosny-amiri - Arabic Naskh style typographically oriented font (transitional package)
fonts-gfs-baskerville - ancient Greek font revival
fonts-hosny-amiri - Arabic Naskh style typographically oriented font
fonts-senamirmir-washra - collection of unicode fonts for the Ethiopic script
ftpcopy - FTP clients collection
ftpgrab - file mirroring utility
ftpmirror - Mirroring directory hierarchy using FTP protocol
fuse-convmvfs - mirrors a whole filesystem tree from one charset to another
gfpoken - Recreate a grid of mirrors from clues given by tests
gtk2hs-buildtools - Tools to build the Gtk2Hs suite of User Interface libraries
hscolour - Haskell program to colourise Haskell code
httrack - Copy websites to your computer (Offline browser)
ircii - Internet Relay Chat client
irssi-scripts - collection of scripts for irssi
isync - IMAP and MailDir mailbox synchronizer
jigdo-file - Download Debian CD images from any Debian mirror
libclass-prototyped-perl - module for fast prototype-based OO programming in Perl
libconsole-bridge0.2v5 - console bridge - library
libcpan-inject-perl - module for injecting distributions into CPAN sources
libcpan-mini-perl - module for creating a minimal mirror of CPAN
libcpanplus-perl - API & CLI access to the CPAN mirrors
libgfshare-dbg - library for multi-way secret-sharing (debug symbols)
libgfshare-dev - library for multi-way secret-sharing (headers)
libgfshare2 - library for multi-way secret-sharing
libghc-directory-tree-dev - simple directory-like tree datatype, with IO functions
libghc-directory-tree-doc - simple directory-like tree datatype, with IO functions; documentation
libghc-directory-tree-prof - simple directory-like tree datatype, with IO functions; profiling libraries
libghc-geniplate-mirror-dev - Use Template Haskell to generate Uniplate-like functions.
libghc-geniplate-mirror-doc - Use Template Haskell to generate Uniplate-like functions.; documentation
libghc-geniplate-mirror-prof - Use Template Haskell to generate Uniplate-like functions.; profiling libraries
libghc-hscolour-dev - GHC libraries for colourising Haskell code
libghc-hscolour-doc - Documentation for libghc-hscolour-dev; documentation
libghc-hscolour-prof - Profiling libraries for colourising Haskell code; profiling libraries
libghc-openglraw-dev - Raw binding for the OpenGL graphics system
libghc-openglraw-doc - Raw binding for the OpenGL graphics system; documentation
libghc-openglraw-prof - Raw binding for the OpenGL graphics system; profiling libraries
libghc-xcb-types-dev - Parses XML files used by the XCB project
libghc-xcb-types-doc - Parses XML files used by the XCB project; documentation
libghc-xcb-types-prof - Parses XML files used by the XCB project; profiling libraries
libhttrack2 - Httrack website copier library
libjs-codemirror - JavaScript editor interface for code-like content
libmeep-dev - development library for using meep
libmeep-lam4-8 - library for using parallel (OpenMPI) version of meep
libmeep-lam4-dev - development library for using parallel (OpenMPI) version of meep
libmeep-mpi-default-dev - development library for using parallel (OpenMPI) version of meep
libmeep-mpi-default8 - library for using parallel (OpenMPI) version of meep
libmeep-mpich2-8 - library for using parallel (OpenMPI) version of meep
libmeep-mpich2-dev - development library for using parallel (OpenMPI) version of meep
libmeep-openmpi-dev - development library for using parallel (OpenMPI) version of meep
libmeep-openmpi8 - library for using parallel (OpenMPI) version of meep
libmeep8 - library for using meep
libmirisdr-dev - Software defined radio support for Mirics hardware (library)
libmirisdr0 - Software defined radio support for Mirics hardware (development files)
libnet-smtp-tls-butmaintained-perl - Perl module for providing SMTP client supporting TLS and AUTH
libnet-smtp-tls-perl - Perl SMTP client library supporting TLS and AUTH
liboop-doc - Event loop management library - documentation
libopenslide-dev - Development files for the OpenSlide library
libopenslide0 - library for reading whole slide image files
liborlite-mirror-perl - ORLite extension to use remote SQLite databases
libstapler-adjunct-codemirror-java - Codemirror JS library for use with stapler
libunicode-map-perl - Perl module for mapping charsets from and to UTF16 Unicode
lptools - Tools for working with Launchpad
lsyncd - daemon to synchronize local directories using rsync
madison-lite - display versions of Debian packages in an archive
makefs - create a cd9660 or ffs file system image from a directory tree
meep - software package for FDTD simulation
meep-lam4 - software package for FDTD simulation, parallel (OpenMPI) version
meep-mpi-default - software package for FDTD simulation, parallel (OpenMPI) version
meep-mpich2 - software package for FDTD simulation, parallel (OpenMPI) version
meep-openmpi - software package for FDTD simulation, parallel (OpenMPI) version
mira-assembler - Whole Genome Shotgun and EST Sequence Assembler
mira-doc - documentation for the mira assembler
mira-examples - files to experiment with the mira assembler
mirage - fast and simple GTK+ image viewer
miredo - Teredo IPv6 tunneling through NATs
miredo-server - Teredo IPv6 tunneling server
mirmon - monitor the state of mirrors
mirrormagic - Shoot around obstacles to collect energy using your beam.
mirrormagic-data - Data files for mirrormagic
mrb - Manage incremental data snapshots with make/rsync
nautic - computation of observer position in astro-navigation
node-mirror - content aggregator for NodeJS
node-rbush - High-performance 2D spatial index for rectangles
openslide-tools - Manipulation and conversion tools for OpenSlide
optgeo - simulator for geometrical optics
pd-cyclone - Pd library of clones of Max/MSP 4.5 objects
puf - Parallel URL fetcher
python-openslide - Python 2 wrapper for reading whole slide image files
python-openslide-examples - Python examples for python-openslide and python3-openslide
python-pushy - Simple interface for connecting two python interpreters
python3-openslide - Python 3 wrapper for reading whole slide image files
qbzr - Graphical interface for Bazaar using the Qt toolkit
r-cran-genabel - GNU R package for genome-wide SNP association analysis
r-cran-genabel.data - data package for genome-wide SNP association analysis
r-recommended - GNU R collection of recommended packages [metapackage]
rdiff-backup - remote incremental backup
reprepro - Debian package repository producer
simba - next generation mirroring tool
similarity-tester - Find lexical similarities between files
ssss - Shamir's secret sharing scheme implementation
storymaps - Free story planning and writing application for children
texlive-lang-arabic - TeX Live: Arabic
ubuntu-dev-tools - useful tools for Ubuntu developers
unsort - reorders lines in a file in semirandom ways
vobcopy - Tool to copy DVD VOBs to hard disk
webhttrack - Copy websites to your computer, httrack with a Web interface
webhttrack-common - webhttrack common files
websimba - web interface for simba
xdrawchem - Chemical structures and reactions editor
xflip - programs to mirror-image or melt your display
xscreensaver-gl - GL(Mesa) screen saver modules for screensaver frontends
xzoom - magnify part of X display, with real-time updates
yorick-mira - optical interferometry image reconstruction within Yorick
yorick-yao - Yorick-based adaptive optics system simulator
zapping - television viewer for the GNOME environment
zapping-dbg - detached debugging symbols for zapping
aptly - Swiss army knife for Debian repository management
argonaut-fai-mirror - (Argonaut (scripts to manage Debian mirrors)
axel - light command line download accelerator
banshee-extension-mirage - Automatic Playlist Generation extension for Banshee
ben - toolbox for Debian maintainers
bosixnet-daemon - Build Own IPv6 Network (client utilities)
bosixnet-webui - Build Own IPv6 Network (server utilities)
cobbler - Install server
cobbler-common - Cobbler Install server - common files
cobbler-web - Cobbler Install server - web interface
cpl-plugin-hawki - ESO data reduction pipeline for HAWK-I
cpl-plugin-visir - ESO data reduction pipeline for the VISIR instrument
cpl-plugin-visir-calib - ESO data reduction pipeline calibration data downloader for VISIR
dep11-tools - Tools to generate and validate DEP-11 AppStream metadata
dokujclient - Command line tool to interact with an instance of Dokuwiki
glmark2-es2-mir - OpenGL ES 2.0 Mir benchmark
glmark2-mir - OpenGL 2.0 Mir benchmark
golang-godebiancontrol-dev - Go debian control file parser
gr-osmosdr - Gnuradio blocks from the OsmoSDR project
grokmirror - framework to smartly mirror git repositories
libconsole-bridge-dev - console bridge - development files
libconsole-bridge0.2v5-dbg - console bridge - debugging symbols
libcpan-mini-inject-perl - module to inject modules into a CPAN::Mini mirror
libcpan-reporter-smoker-perl - turnkey CPAN Testers smoking module
libdata-perl-perl - classes wrapping fundamental Perl data types
libdokujclient-java - Client library for Dokuwiki's xmlrpc interface
libdokujclient-java-doc - Client for Dokuwiki's xmlrpc interface -- documentation
libmoox-cmd-perl - easy Moo style way to make command organized CLI apps
libsvn-notify-mirror-perl - module to keep a mirrored working copy of a repository path
libtrilinos-xpetra-dev - conversion between Epetra and Teuchos objects - development files
libtrilinos-xpetra12 - conversion between Epetra and Teuchos objects - runtime files
mir-android-diagnostics - Display Server for Ubuntu - android platform diagnostics utility
mir-client-platform-android5 - Display server for Ubuntu - client platform library for Android
mir-client-platform-mesa5 - Display server for Ubuntu - client platform library for Mesa
mir-demos - Display server for Ubuntu - demonstration programs
mir-graphics-drivers-android - Display server for Ubuntu - android driver metapackage
mir-graphics-drivers-desktop - Display server for Ubuntu - desktop driver metapackage
mir-platform-graphics-android8 - Display server for Ubuntu - platform library for Android
mir-platform-graphics-mesa-kms8 - Display server for Ubuntu - platform library for KMS Mesa
mir-platform-graphics-mesa-x8 - Display server for Ubuntu - platform library for X11 Mesa
mir-platform-input-evdev5 - Display server for Ubuntu - input platform library
mir-test-tools - Display Server for Ubuntu - stress tests and other test tools
mir-utils - Display server for Ubuntu - utility programs
miri-sdr - Software defined radio support for Mirics hardware (tools)
mirrorkit - Python frontend to debmirror
mksh - MirBSD Korn Shell
mruby - lightweight implementation of the Ruby language
phototonic - image viewer and organizer
php-patchwork-utf8 - UTF-8 strings handling for PHP
plowshare-modules - plowshare drivers for various file sharing websites
python-cobbler - Install server - python libraries.
python-ricky - tool for rebuilding packages using the Debile infrastructure
python-schroot - set of Python bindings to schroot chroots
python-vm-builder - VM builder
python-vm-builder-ec2 - EC2 Ubuntu VM builder
python3-mir-perf-framework - Display server for Ubuntu - performance testing framework
python3-schroot - set of Python 3 bindings to schroot chroots
qtdeclarative5-qtmir-plugin - Qt plugin for Unity specific Mir APIs
qtmir-android - Qt platform abstraction (QPA) plugin for a Mir server (mobile) - OpenGLES
qtmir-desktop - Qt platform abstraction (QPA) plugin for a Mir server (desktop)
qtmir-tests - QtMir tests and demos
reposurgeon - Tool for editing version-control repository history
ubumirror - Ubuntu mirror scripts
ubuntu-desktop-mir - System compositor for Ubuntu Desktop
ubuntu-vm-builder - Ubuntu VM builder
uec-provisioning-mirror - the UEC Provisioning Mirror
unity-system-compositor - System compositor for Ubuntu
xmir - Xmir X server
xserver-xorg-xmir - Xmir X server (transitional package)
google-android-sdk-docs-installer - Android SDK Documentation from Google
libmircommon7 - Display server for Ubuntu - shared library
libmircore-dev - Display server for Ubuntu - development headers
libmircore1 - Display server for Ubuntu - shared library
libmirplatform15 - Display server for Ubuntu - platform library
libmirrenderer-dev - Display server for Ubuntu - Renderer development files
libmirserver43 - Display server for Ubuntu - server library
mir-platform-graphics-android12 - Display server for Ubuntu - platform library for Android
mir-platform-graphics-mesa-kms12 - Display server for Ubuntu - platform library for KMS Mesa
mir-platform-graphics-mesa-x12 - Display server for Ubuntu - platform library for X11 Mesa
mir-platform-input-evdev6 - Display server for Ubuntu - input platform library
xmir-hwe-16.04 - Xmir X server
unity8-desktop-session-mir - transitional dummy package
libwds-dev - Develoment files for the WDS library
libwds0 - Library implementing the Miracast / WiFi Display protocol
aethercast - Display casting service
aethercast-tools - Tools for the display casting service
libmirserver39 - Display server for Ubuntu - server library
aethercast-tests - Tests for the display casting service
mir-platform-graphics-mesa-kms9 - Display server for Ubuntu - platform library for KMS Mesa
mir-platform-graphics-mesa-x9 - Display server for Ubuntu - platform library for X11 Mesa
mir-platform-graphics-android9 - Display server for Ubuntu - platform library for Android
libmircommon6 - Display server for Ubuntu - shared library
libmirserver40 - Display server for Ubuntu - server library
unity8-desktop-session - Unity8 desktop session for Mir
libmirserver41 - Display server for Ubuntu - server library
libmirplatform13 - Display server for Ubuntu - platform library
mir-platform-graphics-mesa-x10 - Display server for Ubuntu - platform library for X11 Mesa
mir-platform-graphics-mesa-kms10 - Display server for Ubuntu - platform library for KMS Mesa
mir-platform-graphics-android10 - Display server for Ubuntu - platform library for Android
libmirplatform14 - Display server for Ubuntu - platform library
mir-platform-graphics-android11 - Display server for Ubuntu - platform library for Android
mir-platform-graphics-mesa-kms11 - Display server for Ubuntu - platform library for KMS Mesa
mir-platform-graphics-mesa-x11 - Display server for Ubuntu - platform library for X11 Mesa
libmirserver42 - Display server for Ubuntu - server library
libmiral-dev - Developer files for the Mir ABI-stable abstraction layer
libmiral1 - Display server for Ubuntu - ABI preserving abstraction layer
miral-doc - API documentation for MirAL
miral-examples - Display server for Ubuntu - demonstration programs
libertine-xmir-tools - helper apps for using and interacting with Xmir
libmiral2 - Display server for Ubuntu - ABI preserving abstraction layer
libmirclientcpp-dev - A C++ wrapper for libmirclient-dev
yunit@yunitvm:~$ dpkg -s qtmir-desktop
Package: qtmir-desktop
Status: install ok installed
Priority: optional
Section: libs
Installed-Size: 933
Maintainer: Ubuntu Developers <ubuntu-devel-discuss@lists.ubuntu.com>
Architecture: amd64
Multi-Arch: same
Source: qtmir
Version: 0.5.1+17.04.20170404-0yunit1+ubuntu+16.04
Replaces: libqtmir, qtmir-android, qtubuntu-android
Provides: qtmir
Depends: libc6 (>= 2.14), libcontent-hub0, libegl1-mesa (>= 7.8.1) | libegl1-x11, libfontconfig1 (>= 2.11.94), libfreetype6 (>= 2.6), libgcc1 (>= 1:3.0), libgles2-mesa (>= 7.8.1) | libgles2, libglib2.0-0 (>= 2.12.0), liblttng-ust0 (>= 2.5.0), libmiral2 (>= 1.3.1), libmirclient9 (>= 0.26.3+16.04.20170605), libmircommon7 (>= 0.26.3+16.04.20170605), libmircore1 (>= 0.26.3+16.04.20170605), libmirserver43 (>= 0.26.3+16.04.20170605), libqt5core5a (>= 5.9.0~beta), libqt5dbus5 (>= 5.0.2), libqt5gui5 (>= 5.9.0), libqt5quick5 (>= 5.1.0), libqt5sensors5 (>= 5.6.0), libstdc++6 (>= 5.2), liburl-dispatcher1 (>= 0.1), libxkbcommon0 (>= 0.5.0), qtbase-abi-5-9-0, qtdeclarative-abi-5-9-0
Conflicts: qtmir-android, qtubuntu-android
Description: Qt platform abstraction (QPA) plugin for a Mir server (desktop)
 QtMir is a set of Qt5 components to enable one to write a Mir server with Qt.
 It contains a QPA (Qt Platform Abstraction) plugin which creates and manages
 a Mir server. It also exposes some internal Mir functionality.
 .
 This variant of the package is for GNU-based desktops.
Homepage: https://launchpad.net/qtmir
yunit@yunitvm:~$ qmlscene --help
QXcbConnection: Could not connect to display 
Aborted (core dumped)
yunit@yunitvm:~$ QT_QPA_PLATFORM=qtubuntu /Timer/
Colores/  Imitatio/ Standard/ 
yunit@yunitvm:~$ QT_QPA_PLATFORM=qtubuntu qmlscene /Timer/Main.qml 
This application failed to start because it could not find or load the Qt platform plugin "qtubuntu"
in "".

Available platform plugins are: eglfs, linuxfb, minimal, minimalegl, offscreen, mirserver, ubuntumirclient, vnc, xcb.

Reinstalling the application may fix this problem.
Aborted (core dumped)
yunit@yunitvm:~$ dpkg -s qtubuntu
dpkg-query: package 'qtubuntu' is not installed and no information is available
Use dpkg --info (= dpkg-deb --info) to examine archive files,
and dpkg --contents (= dpkg-deb --contents) to list their contents.
yunit@yunitvm:~$ apt-cache search qtubuntu
qthybris - transitional dummy package
libqtubuntu-media-signals-dev - Development headers and libraries for qtubuntu-media-signals
libqtubuntu-media-signals1 - Library that coordinates media libraries across thread contexts
qtubuntu-android - Qt plugins for Ubuntu Platform API (mobile) - OpenGLES
qtubuntu-desktop - Qt plugins for Ubuntu Platform API (desktop)
qtubuntu-media - QtMultimedia plugin for AAL+
qtubuntu-sensors - QtSensors plugins for Android sensors
qtubuntu-appmenutheme - Qt platform theme for exported application menus
qtubuntu-print - Print plugin for Qt sending PDFs over content-hub
yunit@yunitvm:~$ dpkg -s qtubuntu-desktop
Package: qtubuntu-desktop
Status: install ok installed
Priority: optional
Section: libs
Installed-Size: 840
Maintainer: Ubuntu Developers <ubuntu-devel-discuss@lists.ubuntu.com>
Architecture: amd64
Multi-Arch: same
Source: qtubuntu
Version: 0.64+17.04.20170404-0yunit1+ubuntu+16.04
Replaces: qtubuntu (<< 0.52), qtubuntu-android
Provides: qtubuntu
Depends: ubuntu-application-api3-desktop, libc6 (>= 2.14), libcontent-hub0, libegl1-mesa (>= 7.8.1) | libegl1-x11, libfontconfig1 (>= 2.11.94), libfreetype6 (>= 2.6), libgcc1 (>= 1:3.0), libgl1-mesa-glx | libgl1, libglib2.0-0 (>= 2.12.0), libmirclient9 (>= 0.26.3+16.04.20170605), libqt5core5a (>= 5.9.1+dfsg), libqt5dbus5 (>= 5.9.1+dfsg), libqt5gui5 (>= 5.9.1+dfsg), libstdc++6 (>= 5), libubuntu-application-api3 (>= 2.9.0+15.04.20150318-0ubuntu1), libxkbcommon0 (>= 0.5.0)
Breaks: unity8 (<< 7.85)
Conflicts: qtubuntu-android
Description: Qt plugins for Ubuntu Platform API (desktop)
 QtUbuntu is a set of Qt5 components for the Ubuntu Platform API. It contains a
 QPA (Qt Platform Abstraction) plugin based on the Ubuntu Platform API and a
 legacy QPA plugin based on the compatibility layers. It also provides Qt
 bindings for Ubuntu Platform API features that are not exposed through the QPA
 plugins.
 .
 This variant of the package is for GNU-based desktops.
yunit@yunitvm:~$ QT_QPA_PLATFORM=ubuntumirclient qmlscene /Timer/Main.qml 
Loading module: 'libubuntu_application_api_desktop_mirclient.so.3.0.0'
[QPA] QMirClientClientIntegration: connection to Mir server failed.

Mir returned: "Failed to connect: not accepted by server"
[2017-11-17 13:14:00.620329] <ERROR> MirConnectionAPI: Caught exception at client library boundary (in mir_connection_release): /build/mir-O8_xaj/mir-0.26.3+16.04.20170605/src/client/rpc/stream_socket_transport.cpp(168): Throw in function virtual void mir::client::rpc::StreamSocketTransport::send_message(const std::vector<unsigned char>&, const std::vector<mir::Fd>&)
Dynamic exception type: boost::exception_detail::clone_impl<boost::exception_detail::error_info_injector<mir::socket_disconnected_error> >
std::exception::what: Failed to send message to server: Broken pipe
32, "Broken pipe"
yunit@yunitvm:~$ QT_QPA_PLATFORM=ubuntumirclient MIR_SOCKET=/run/mir_socket qmlscene /Timer/Main.qml 
Loading module: 'libubuntu_application_api_desktop_mirclient.so.3.0.0'
pci id for fd 10: 80ee:beef, driver (null)
WARNING: alarm manager "eds" not installed, using "memory"
file:///Timer/Storage.js:184: Error: no such table: favs Unable to execute statement
file:///Timer/Storage.js:259: Error: no such table: timers Unable to execute statement
Segmentation fault (core dumped)
yunit@yunitvm:~$ QT_QPA_PLATFORM=ubuntumirclient MIR_SOCKET=/run/mir_socket beru
Loading module: 'libubuntu_application_api_desktop_mirclient.so.3.0.0'
pci id for fd 10: 80ee:beef, driver (null)
[1117/132335.635673:ERROR:child_thread_impl.cc(762)] Request for unknown Channel-associated interface: ui::mojom::GpuMain
APP_ID isn't set, the handler can not be registered
Cannot find EGLConfig, returning null config
file:///usr/lib/x86_64-linux-gnu/qt5/qml/Ubuntu/Content/ContentPeerPicker11.qml:205: TypeError: Cannot read property 'peers' of null
/usr/share/beru/beru: line 3:  3845 Segmentation fault      (core dumped) QT_SELECT=5 qmlscene -I "$DIR" "$DIR/ui/main.qml" --appargs="$*"
yunit@yunitvm:~$ QT_QPA_PLATFORM=ubuntumirclient MIR_SOCKET=/run/mir_socket qmlscene /qml/Main.qml 
Loading module: 'libubuntu_application_api_desktop_mirclient.so.3.0.0'
pci id for fd 10: 80ee:beef, driver (null)
Segmentation fault (core dumped)
yunit@yunitvm:~$ ls /usr/bin/
[                                   editor                       lp                            pnmfile                showkey
2to3                                eject                        lpoptions                     pnmflip                shred
2to3-2.7                            elfedit                      lpstat                        pnmgamma               shuf
2to3-3.5                            enc2xs                       lrelease                      pnmhisteq              signond
411toppm                            encguess                     lsattr                        pnmhistmap             signonpluginprocess
aa-clickhook                        enchant                      lsb_release                   pnmindex               signon-ui
aa-clickquery                       enchant-lsmod                lscpu                         pnminterp              sirtopnm
aa-clicktool                        env                          lshw                          pnminterp-gen          size
aa-easyprof                         env.fakechroot               lsinitramfs                   pnminvert              skill
aa-enabled                          envsubst                     lsipc                         pnmmargin              slabtop
aa-exec                             eps2eps                      lslocks                       pnmmontage             sldtoppm
aa-exec-click                       eqn                          lslogins                      pnmnlfilt              slogin
account-console                     ex                           lsof                          pnmnoraw               snap
aclocal                             expand                       lspci                         pnmnorm                snapctl
aclocal-1.15                        expiry                       lspgpot                       pnmpad                 snappy-xmir
acpi_listen                         expr                         lsusb                         pnmpaste               snappy-xmir-envvars
add-apt-repository                  eyuvtoppm                    ltrace                        pnmpsnr                snice
addpart                             factor                       lupdate                       pnmquant               soelim
addr2line                           faillog                      lwp-download                  pnmremap               sort
animate                             fakechroot                   lwp-dump                      pnmrotate              sosreport
animate-im6                         faked-sysv                   lwp-mirror                    pnmscale               sotruss
anytopnm                            faked-tcp                    lwp-request                   pnmscalefixed          spctoppm
apg                                 fakeroot                     lxc                           pnmshear               splain
apgbfm                              fakeroot-sysv                lxcfs                         pnmsmooth              split
apport-bug                          fakeroot-tcp                 lxd                           pnmsplit               splitfont
apport-cli                          fallocate                    lzcat                         pnmtile                sprof
apport-collect                      fc-cache                     lzcmp                         pnmtoddif              sputoppm
apport-unpack                       fc-cat                       lzdiff                        pnmtofiasco            sqldiff
apropos                             fc-list                      lzegrep                       pnmtofits              sqlite3
apt                                 fc-match                     lzfgrep                       pnmtojpeg              ssh
apt-add-repository                  fc-pattern                   lzgrep                        pnmtopalm              ssh-add
apt-cache                           fc-query                     lzless                        pnmtoplainpnm          ssh-agent
apt-cdrom                           fc-scan                      lzma                          pnmtopng               ssh-argv0
apt-config                          fc-validate                  lzmainfo                      pnmtops                ssh-copy-id
apt-extracttemplates                fiascotopnm                  lzmore                        pnmtorast              ssh-import-id
apt-ftparchive                      file                         m4                            pnmtorle               ssh-import-id-gh
apt-get                             file2brl                     macptopbm                     pnmtosgi               ssh-import-id-lp
apt-key                             file-rename                  make                          pnmtosir               ssh-keygen
apt-mark                            find                         make-first-existing-target    pnmtotiff              ssh-keyscan
apt-sortpkgs                        fitstopnm                    maliit-server                 pnmtotiffcmyk          st4topgm
ar                                  fix-qdf                      man                           pnmtoxwd               start-pulseaudio-x11
arch                                flock                        mandb                         pod2html               stat
arping                              fmt                          manifest                      pod2man                stdbuf
as                                  fold                         manpath                       pod2text               strace
asciitopgm                          font2c                       mapscrn                       pod2usage              stream
aspell                              fonttosfnt                   mawk                          podchecker             stream-im6
aspell-import                       foomatic-rip                 mcookie                       podselect              strings
assistant                           free                         mc-tool                       poff                   strip
at                                  from                         mc-wait-for-name              pon                    sudo
atktopbm                            fstopgm                      md5sum                        POST                   sudoedit
atq                                 ftp                          md5sum.textutils              ppdc                   sudoreplay
atrm                                funzip                       mdatopbm                      ppdhtml                sum
autoconf                            g++                          mediaplayer-app               ppdi                   symcryptrun
autoheader                          g3topbm                      mediascanner-service-2.0      ppdmerge               synclient
autom4te                            g++-5                        mesg                          ppdpo                  syndaemon
automake                            gapplication                 mgrtopbm                      pphs                   system-config-printer
automake-1.15                       gatttool                     mkfifo                        ppm3d                  system-config-printer-applet
autoreconf                          gawk                         mkfontdir                     ppmbrighten            systemd-analyze
autoscan                            gcc                          mkfontscale                   ppmchange              systemd-cat
autoupdate                          gcc-5                        mk_modmap                     ppmcie                 systemd-cgls
avahi-browse                        gcc-ar                       mksquashfs                    ppmcolormask           systemd-cgtop
avahi-browse-domains                gcc-ar-5                     mlocate                       ppmcolors              systemd-delta
avahi-publish                       gcc-nm                       mmcli                         ppmdim                 systemd-detect-virt
avahi-publish-address               gcc-nm-5                     moc                           ppmdist                systemd-path
avahi-publish-service               gcc-ranlib                   mogrify                       ppmdither              systemd-resolve
avahi-resolve                       gcc-ranlib-5                 mogrify-im6                   ppmfade                systemd-run
avahi-resolve-address               gcov                         monitor-sensor                ppmflash               systemd-stdio-bridge
avahi-resolve-host-name             gcov-5                       montage                       ppmforge               system-settings
avahi-set-host-name                 gcov-tool                    montage-im6                   ppmhist                tabs
awk                                 gcov-tool-5                  mousetweaks                   ppmlabel               tac
base32                              gcr-viewer                   msgattrib                     ppmmake                tail
base64                              gdbus                        msgcat                        ppmmix                 tasksel
basename                            gdbus-codegen                msgcmp                        ppmnorm                taskset
bashbug                             gdebi                        msgcomm                       ppmntsc                tbl
batch                               gemtopbm                     msgconv                       ppmpat                 tee
bc                                  gemtopnm                     msgen                         ppmquant               telephony-service-approver
bccmd                               gencat                       msgexec                       ppmquantall            telephony-service-handler
bdftopcf                            gen-preseed                  msgfilter                     ppmqvga                telephony-service-indicator
bdftruncate                         geqn                         msgfmt                        ppmrainbow             telnet
beru                                GET                          msggrep                       ppmrelief              telnet.netkit
biometryd                           getconf                      msginit                       ppmshadow              terminal
bioradtopgm                         getent                       msgmerge                      ppmshift               test
bluemoon                            getfacl                      msgunfmt                      ppmspread              text2ngram
bluetoothctl                        getkeycodes                  msguniq                       ppmtoacad              tgatoppm
bluetooth-wizard                    getopt                       msyncd                        ppmtobmp               thinkjettopbm
bmptopnm                            gettext                      mtr                           ppmtoeyuv              thumbnailer-admin
bmptoppm                            gettextize                   mtrace                        ppmtogif               tic
bootctl                             gettext.sh                   mtvtoppm                      ppmtoicr               tifftopnm
broadwayd                           ghostscript                  namei                         ppmtoilbm              time
brushtopbm                          giftopnm                     nawk                          ppmtojpeg              timedatectl
bsd-from                            ginstall-info                ncal                          ppmtoleaf              timeout
bsd-write                           gio-querymodules             ndg_httpclient                ppmtolj                tload
btattach                            git                          neotoppm                      ppmtomap               tmux
btmgmt                              git-receive-pack             neqn                          ppmtomitsu             toe
btmon                               git-shell                    netkit-ftp                    ppmtompeg              tonegend
busctl                              git-upload-archive           newgidmap                     ppmtoneo               top
byobu                               git-upload-pack              newgrp                        ppmtopcx               touch
byobu-config                        gkbd-keyboard-display        newuidmap                     ppmtopgm               tput
byobu-ctrl-a                        glib-compile-resources       NF                            ppmtopi1               tr
byobu-disable                       glib-compile-schemas         ngettext                      ppmtopict              tracepath
byobu-disable-prompt                glib-genmarshal              nice                          ppmtopj                tracepath6
byobu-enable                        glib-gettextize              nl                            ppmtopuzz              traceroute6
byobu-enable-prompt                 glib-mkenums                 nm                            ppmtorgb3              traceroute6.iputils
byobu-export                        gnome-help                   nm-applet                     ppmtosixel             troff
byobu-janitor                       gnome-keyring                nmcli                         ppmtotga               truncate
byobu-keybindings                   gnome-keyring-3              nm-connection-editor          ppmtouil               trust
byobu-launch                        gnome-keyring-daemon         nm-online                     ppmtowinicon           tset
byobu-launcher                      gnome-power-statistics       nmtui                         ppmtoxpm               tsort
byobu-launcher-install              gnome-screensaver            nmtui-connect                 ppmtoyuv               ttfread
byobu-launcher-uninstall            gnome-screensaver-command    nmtui-edit                    ppmtoyuvsplit          tty
byobu-layout                        gnome-session                nmtui-hostname                ppmtv                  tzselect
byobu-prompt                        gnome-session-inhibit        nohup                         pr                     ubuntu-bug
byobu-quiet                         gnome-session-properties     nproc                         precat                 ubuntu-calculator-app
byobu-reconnect-sockets             gnome-session-quit           nroff                         preconv                ubuntu-core-launcher
byobu-screen                        gobject-query                nsenter                       prename                ubuntu-download-manager
byobu-select-backend                gold                         nslookup                      presage_demo           ubuntu-support-status
byobu-select-profile                gouldtoppm                   nstat                         presage_demo_text      ubuntu-upload-manager
byobu-select-session                gpasswd                      nsupdate                      presage_simulator      ucf
byobu-shell                         gpg                          ntfsdecrypt                   preunzip               ucfq
byobu-silent                        gpg2                         numfmt                        prezip                 ucfr
byobu-status                        gpg-agent                    obexctl                       prezip-bin             ucs2any
byobu-status-detail                 gpgconf                      objcopy                       print                  uic
byobu-tmux                          gpg-connect-agent            objdump                       printafm               uic3
byobu-ugraph                        gpgparsemail                 od                            printenv               ul
byobu-ulevel                        gpgsplit                     ofono-setup                   printerbanner          unattended-upgrade
bzr                                 gpgv                         on_ac_power                   printf                 unattended-upgrades
c++                                 gpg-zip                      online-accounts-hooks         prlimit                unexpand
c2ph                                gpic                         online-accounts-hooks2        proot                  unicode_stop
c89                                 gprof                        online-accounts-preferences   prove                  uniq
c89-gcc                             gresource                    online-accounts-service       prtstat                unity8
c99                                 groff                        online-accounts-ui            ps2ascii               unity8-dash
c99-gcc                             grog                         openssl                       ps2epsi                unity8-greeter-wrapper
cal                                 grops                        os-prober                     ps2pdf                 unity-control-center
calendar                            grotty                       p11-kit                       ps2pdf12               unity-settings-daemon
camera-app                          groups                       pacat                         ps2pdf13               unity-system-compositor-spinner
cancel                              growpart                     pacmd                         ps2pdf14               unlink
captoinfo                           grub-editenv                 pactl                         ps2pdfwr               unlzma
catchsegv                           grub-file                    padsp                         ps2ps                  unshare
catman                              grub-fstest                  pager                         ps2ps2                 unsquashfs
cautious-launcher                   grub-glue-efi                palmtopnm                     ps2txt                 unxz
cc                                  grub-kbdcomp                 pamcut                        psfaddtable            unzip
cd-create-profile                   grub-menulst2cfg             pamdeinterlace                psfgettable            unzipsfx
cd-fix-profile                      grub-mkfont                  pamdice                       psfstriptable          uoa-create
cd-iccdump                          grub-mkimage                 pamfile                       psfxtable              update-alternatives
cd-it8                              grub-mklayout                pamoil                        psidtopgm              updatedb
c++filt                             grub-mknetdir                pamon                         pstopnm                updatedb.mlocate
chacl                               grub-mkpasswd-pbkdf2         pamstack                      pstree                 update-desktop-database
chage                               grub-mkrelpath               pamstretch                    pstree.x11             update-mime-database
chardet                             grub-mkrescue                pamstretch-gen                pstruct                update-mime-database.real
chardet3                            grub-mkstandalone            paperconf                     ptar                   upower
chardetect                          grub-mount                   paplay                        ptardiff               uptime
chardetect3                         grub-ntldr-img               parec                         ptargrep               url-dispatcher
chattr                              grub-render-label            parecord                      ptx                    url-dispatcher-dump
chcon                               grub-script-check            partx                         pulseaudio             usb-devices
check-language-support              grub-syslinux2cfg            passwd                        purge-old-kernels      usbhid-dump
chfn                                gs                           paste                         pwdx                   users
chrt                                gsbj                         pastebinit                    py3clean               utmpdump
chsh                                gsdj                         pasted                        py3compile             uuidgen
ciptool                             gsdj500                      pasuspender                   py3versions            vcs-run
ckbcomp                             gsettings                    patch                         pybabel                vi
cksum                               gslj                         pathchk                       pybabel-python3        view
clear                               gslp                         pax11publish                  pybuild                vigpg
clear_console                       gsnd                         pbget                         pyclean                vim
click                               gtbl                         pbmclean                      pycompile              vim.basic
cmake                               gtester                      pbmlife                       pydoc                  vimdiff
cmp                                 gtester-report               pbmmake                       pydoc2.7               vim.tiny
cmuwmtopbm                          gtf                          pbmmask                       pydoc3                 vimtutor
codepage                            gtk-builder-tool             pbmpage                       pydoc3.5               vmhgfs-fuse
col                                 gtk-launch                   pbmpscale                     pygettext              vmstat
col1                                gtk-update-icon-cache        pbmreduce                     pygettext2.7           vmtoolsd
col2                                gtk-update-icon-cache-3.0    pbmtext                       pygettext3             vmware-checkvm
col3                                h2ph                         pbmtextps                     pygettext3.5           vmwarectrl
col4                                h2xs                         pbmto10x                      python                 vmware-guestproxycerttool
col5                                hciattach                    pbmtoascii                    python2                vmware-hgfsclient
col6                                hcitool                      pbmtoatk                      python2.7              vmware-namespace-cmd
col7                                hd                           pbmtobbnbg                    python3                vmware-rpctool
col8                                head                         pbmtocmuwm                    python3.5              vmware-toolbox-cmd
col9                                HEAD                         pbmtoepsi                     python3.5m             vmware-vmblock-fuse
colcrt                              helpztags                    pbmtoepson                    python3m               vmware-xferlogs
colormgr                            hex2hcd                      pbmtog3                       python3-pbr            volname
colrm                               hexdump                      pbmtogem                      pyversions             w
column                              hipstopgm                    pbmtogo                       qcollectiongenerator   wall
comm                                history-daemon               pbmtoicon                     qdbus                  watch
compare                             history-maketextevents       pbmtolj                       qdbuscpp2xml           watchgnupg
compare-im6                         history-makevoiceevents      pbmtomacp                     qdbusviewer            wayland-scanner
compose                             host                         pbmtomda                      qdbusxml2cpp           wbmptopbm
composite                           hostid                       pbmtomgr                      qdoc                   wc
composite-im6                       hostnamectl                  pbmtonokia                    qdoc3                  webbrowser-app
conjure                             i386                         pbmtopgm                      qhelpconverter         wftopfa
conjure-im6                         i686-linux-gnu-pkg-config    pbmtopi3                      qhelpgenerator         wget
content-hub-clipboard               ibus                         pbmtoplot                     qlalr                  whatis
content-hub-peer-picker             ibus-daemon                  pbmtoppa                      qmake                  whereis
content-hub-send                    ibus-setup                   pbmtopsg3                     qml                    which
content-hub-service                 icontopbm                    pbmtoptx                      qml1plugindump         who
convert                             iconv                        pbmtowbmp                     qmlbundle              whoami
convert-im6                         id                           pbmtox10bm                    qmleasing              whoopsie-preferences
corelist                            identify                     pbmtoxbm                      qmlimportscanner       wifi-status
cpack                               identify-im6                 pbmtoybm                      qmllint                winicontoppm
cpan                                ifnames                      pbmtozinc                     qmlmin                 word-list-compress
cpan5.22-x86_64-linux-gnu           igawk                        pbmupc                        qmlplugindump          wpa_passphrase
cpp                                 ilbmtoppm                    pbput                         qmlprofiler            w.procps
cpp-5                               imagetops                    pbputs                        qmlscene               write
credentials-preferences             im-config                    pbr                           qmltestrunner          X
c_rehash                            imgtoppm                     pcimodules                    qmlviewer              X11
crontab                             im-launch                    pcre-config                   qpdf                   x86_64
csplit                              import                       pcxtoppm                      qrttoppm               x86_64-linux-gnu-addr2line
ctail                               import-im6                   pdb                           qtchooser              x86_64-linux-gnu-ar
ctest                               info                         pdb2.7                        qtconfig               x86_64-linux-gnu-as
ctstat                              infobrowser                  pdb3                          qtdiag                 x86_64-linux-gnu-c++filt
cups-calibrate                      infocmp                      pdb3.5                        qtpaths                x86_64-linux-gnu-cpp
cupstestdsc                         infotocap                    pdf2dsc                       qtplugininfo           x86_64-linux-gnu-cpp-5
cupstestppd                         init-checkconf               pdf2ps                        ranlib                 x86_64-linux-gnu-dwp
curl                                initctl2dot                  pdfdetach                     rasttopnm              x86_64-linux-gnu-elfedit
cut                                 install                      pdffonts                      rawtopgm               x86_64-linux-gnu-g++
cvt                                 install-info                 pdfimages                     rawtoppm               x86_64-linux-gnu-g++-5
dbus-cleanup-sockets                install-printerdriver        pdfinfo                       rcc                    x86_64-linux-gnu-gcc
dbus-daemon                         instantfx                    pdfseparate                   rcp                    x86_64-linux-gnu-gcc-5
dbus-launch                         instmodsh                    pdftocairo                    rctest                 x86_64-linux-gnu-gcc-ar
dbus-monitor                        intel-virtual-output         pdftohtml                     readelf                x86_64-linux-gnu-gcc-ar-5
dbus-run-session                    intltool-extract             pdftoppm                      realpath               x86_64-linux-gnu-gcc-nm
dbus-send                           intltoolize                  pdftops                       recode-sr-latin        x86_64-linux-gnu-gcc-nm-5
dbus-update-activation-environment  intltool-merge               pdftotext                     rename                 x86_64-linux-gnu-gcc-ranlib
dbus-uuidgen                        intltool-prepare             pdfunite                      rename.ul              x86_64-linux-gnu-gcc-ranlib-5
dconf                               intltool-update              peekfd                        renice                 x86_64-linux-gnu-gcov
deallocvt                           ionice                       perl                          report-hw              x86_64-linux-gnu-gcov-5
debconf                             ipcmk                        perl5.22.1                    reset                  x86_64-linux-gnu-gcov-tool
debconf-apt-progress                ipcrm                        perl5.22-x86_64-linux-gnu     resizecons             x86_64-linux-gnu-gcov-tool-5
debconf-communicate                 ipcs                         perlbug                       resizepart             x86_64-linux-gnu-gprof
debconf-copydb                      iptables-xml                 perldoc                       rev                    x86_64-linux-gnu-ld
debconf-escape                      ischroot                     perlivp                       rfcomm                 x86_64-linux-gnu-ld.bfd
debconf-set-selections              iscsiadm                     perlthanks                    rgb3toppm              x86_64-linux-gnu-ld.gold
debconf-show                        isdv4-serial-debugger        pf2afm                        rgrep                  x86_64-linux-gnu-nm
deb-systemd-helper                  isdv4-serial-inputattach     pfbtopfa                      rletopnm               x86_64-linux-gnu-objcopy
deb-systemd-invoke                  ispell-wrapper               pftp                          rlogin                 x86_64-linux-gnu-objdump
delpart                             join                         pg                            routef                 x86_64-linux-gnu-pkg-config
designer                            jpegtopnm                    pgmbentley                    routel                 x86_64-linux-gnu-ranlib
desktop-file-edit                   json_pp                      pgmcrater                     rpcgen                 x86_64-linux-gnu-readelf
desktop-file-install                kbdinfo                      pgmedge                       rsh                    x86_64-linux-gnu-size
desktop-file-validate               kbxutil                      pgmenhance                    rsync                  x86_64-linux-gnu-strings
dh_autotools-dev_restoreconfig      keep-one-running             pgmhist                       rtstat                 x86_64-linux-gnu-strip
dh_autotools-dev_updateconfig       killall                      pgmkernel                     runcon                 x86_64-pc-linux-gnu-pkg-config
dh_bash-completion                  l2ping                       pgmnoise                      run-mailcap            xargs
dh_installxmlcatalogs               l2test                       pgmnorm                       run-one                xauth
dh_pypy                             last                         pgmoil                        run-one-constantly     xbmtopbm
dh_python2                          lastb                        pgmramp                       run-one-until-failure  xdg-user-dir
dh_python3                          lastlog                      pgmslice                      run-one-until-success  xdg-user-dirs-update
dialer-app                          lcf                          pgmtexture                    run-this-one           xgettext
diff                                lconvert                     pgmtofs                       run-with-aspell        ximtoppm
diff3                               ld                           pgmtolispm                    rview                  xkbbell
dig                                 ld.bfd                       pgmtopbm                      rvim                   xkbcomp
dircolors                           ldd                          pgmtoppm                      savelog                xkbevd
dirmngr                             ldd.fakechroot               pgrep                         sbigtopgm              xkbprint
dirmngr-client                      ld.gold                      phone-gsettings-migration.py  scp                    xkbvleds
dirname                             leaftoppm                    pi1toppm                      scp-dbus-service       xkbwatch
display                             less                         pi3topbm                      screen                 Xmir
display-im6                         lessecho                     pic                           screendump             xmlpatterns
dm-tool                             lessfile                     pico                          script                 xmlpatternsvalidator
do-release-upgrade                  lesskey                      piconv                        scriptreplay           Xorg
dpkg                                lesspipe                     pinentry                      sdiff                  xpmtoppm
dpkg-architecture                   lexgrog                      pinentry-gnome3               sdptool                x-session-manager
dpkg-buildflags                     libertine-container-manager  pinentry-x11                  see                    xsetwacom
dpkg-buildpackage                   libertined                   pinky                         select-default-iwrap   xsubpp
dpkg-checkbuilddeps                 libertine-launch             pixeltool                     select-editor          Xvfb
dpkg-deb                            libertine-lxd-setup          pjtoppm                       sensible-browser       xvfb-run
dpkg-distaddfile                    libertine-manager-app        pkaction                      sensible-editor        xvminitoppm
dpkg-divert                         libertine-xmir               pkcheck                       sensible-pager         xwdtopnm
dpkg-genchanges                     libnetcfg                    pkcon                         seq                    xxd
dpkg-gencontrol                     libwacom-list-local-devices  pk-debuginfo-install          session-migration      xz
dpkg-gensymbols                     lightdm-unity8-session       pkexec                        setarch                xzcat
dpkg-maintscript-helper             line                         pkg-config                    setfacl                xzcmp
dpkg-mergechangelogs                linguist                     pkill                         setkeycodes            xzdiff
dpkg-name                           link                         pkmon                         setleds                xzegrep
dpkg-parsechangelog                 linux32                      pkttyagent                    setlogcons             xzfgrep
dpkg-query                          linux64                      pl2pm                         setmetamode            xzgrep
dpkg-scanpackages                   linux-boot-prober            pldd                          setpci                 xzless
dpkg-scansources                    linux-version                plog                          setsid                 xzmore
dpkg-shlibdeps                      lispmtopgm                   pmap                          setterm                ybmtopbm
dpkg-source                         lnstat                       pngtopnm                      setxkbmap              yelp
dpkg-split                          loadkeys                     pnmalias                      sftp                   yes
dpkg-statoverride                   loadunimap                   pnmarith                      sg                     yuvsplittoppm
dpkg-trigger                        locale                       pnmcat                        sgitopnm               yuvtoppm
dpkg-vendor                         localectl                    pnmcolormap                   sha1sum                zdump
du                                  localedef                    pnmcomp                       sha224sum              zeisstopnm
dumpkeys                            locate                       pnmconvol                     sha256sum              zeitgeist-daemon
dvipdf                              logger                       pnmcrop                       sha384sum              zipdetails
dwp                                 logname                      pnmcut                        sha512sum              zipgrep
ec2metadata                         look                         pnmdepth                      shasum                 zipinfo
edit                                lorder                       pnmenlarge                    showconsolefont        zlib-flate
yunit@yunitvm:~$ find /usr/bin/ -mmin -120
/usr/bin/
/usr/bin/dialer-app
/usr/bin/mediaplayer-app
/usr/bin/ubuntu-calculator-app
yunit@yunitvm:~$ find /usr/bin/ -mmin -240
/usr/bin/
/usr/bin/camera-app
/usr/bin/instantfx
/usr/bin/dialer-app
/usr/bin/mediaplayer-app
/usr/bin/ubuntu-calculator-app
yunit@yunitvm:~$ less /usr/bin/camera-app 
yunit@yunitvm:~$ ls ~/.local/share/applications/
libertine-scope.ubuntu_libertine-scope.desktop  mediascanner-video.desktop                      videoaggregator.desktop
mediascanner-music.desktop                      musicaggregator.desktop                         
yunit@yunitvm:~$ ls ~/.local/share/applications/
libertine-scope.ubuntu_libertine-scope.desktop  mediascanner-music.desktop  mediascanner-video.desktop  musicaggregator.desktop  videoaggregator.desktop
yunit@yunitvm:~$ ls ~/.local/share/
accounts/                 instantfx.sverzegnassi/   mediascanner-video/       session_migration-unity8  unity-scopes/
applications/             keyrings/                 musicaggregator/          telepathy/                videoaggregator/
evolution/                libertine/                qtposition-geoclue        ubuntu-download-manager/  webbrowser-app/
folks/                    mediascanner-music/       QtProject/                ubuntu-push-client/       
yunit@yunitvm:~$ ls ~/.local/share/instantfx.sverzegnassi/
Pictures
yunit@yunitvm:~$ ls ~/.local/share/instantfx.sverzegnassi/Pictures/
yunit@yunitvm:~$ ps -ef
UID        PID  PPID  C STIME TTY          TIME CMD
root         1     0  0 12:32 ?        00:00:01 /sbin/init
root         2     0  0 12:32 ?        00:00:00 [kthreadd]
root         4     2  0 12:32 ?        00:00:00 [kworker/0:0H]
root         6     2  0 12:32 ?        00:00:00 [ksoftirqd/0]
root         7     2  0 12:32 ?        00:00:00 [rcu_sched]
root         8     2  0 12:32 ?        00:00:00 [rcu_bh]
root         9     2  0 12:32 ?        00:00:00 [migration/0]
root        10     2  0 12:32 ?        00:00:00 [lru-add-drain]
root        11     2  0 12:32 ?        00:00:00 [watchdog/0]
root        12     2  0 12:32 ?        00:00:00 [cpuhp/0]
root        13     2  0 12:32 ?        00:00:00 [kdevtmpfs]
root        14     2  0 12:32 ?        00:00:00 [netns]
root        15     2  0 12:32 ?        00:00:00 [khungtaskd]
root        16     2  0 12:32 ?        00:00:00 [oom_reaper]
root        17     2  0 12:32 ?        00:00:00 [writeback]
root        18     2  0 12:32 ?        00:00:00 [kcompactd0]
root        19     2  0 12:32 ?        00:00:00 [ksmd]
root        20     2  0 12:32 ?        00:00:00 [khugepaged]
root        21     2  0 12:32 ?        00:00:00 [crypto]
root        22     2  0 12:32 ?        00:00:00 [kintegrityd]
root        23     2  0 12:32 ?        00:00:00 [bioset]
root        24     2  0 12:32 ?        00:00:00 [kblockd]
root        25     2  0 12:32 ?        00:00:00 [ata_sff]
root        26     2  0 12:32 ?        00:00:00 [md]
root        27     2  0 12:32 ?        00:00:00 [devfreq_wq]
root        28     2  0 12:32 ?        00:00:00 [watchdogd]
root        32     2  0 12:32 ?        00:00:00 [kauditd]
root        33     2  0 12:32 ?        00:00:00 [kswapd0]
root        34     2  0 12:32 ?        00:00:00 [vmstat]
root        35     2  0 12:32 ?        00:00:00 [bioset]
root        36     2  0 12:32 ?        00:00:00 [ecryptfs-kthrea]
root        76     2  0 12:32 ?        00:00:00 [kthrotld]
root        77     2  0 12:32 ?        00:00:00 [acpi_thermal_pm]
root        78     2  0 12:32 ?        00:00:00 [bioset]
root        79     2  0 12:32 ?        00:00:00 [bioset]
root        80     2  0 12:32 ?        00:00:00 [bioset]
root        81     2  0 12:32 ?        00:00:00 [bioset]
root        82     2  0 12:32 ?        00:00:00 [bioset]
root        83     2  0 12:32 ?        00:00:00 [bioset]
root        84     2  0 12:32 ?        00:00:00 [bioset]
root        85     2  0 12:32 ?        00:00:00 [bioset]
root        86     2  0 12:32 ?        00:00:00 [scsi_eh_0]
root        87     2  0 12:32 ?        00:00:00 [scsi_tmf_0]
root        88     2  0 12:32 ?        00:00:00 [scsi_eh_1]
root        89     2  0 12:32 ?        00:00:00 [scsi_tmf_1]
root        95     2  0 12:32 ?        00:00:00 [ipv6_addrconf]
root       116     2  0 12:32 ?        00:00:00 [charger_manager]
root       117     2  0 12:32 ?        00:00:00 [bioset]
root       184     2  0 12:32 ?        00:00:00 [kworker/0:1H]
root       203     2  0 12:32 ?        00:00:00 [scsi_eh_2]
root       204     2  0 12:32 ?        00:00:00 [scsi_tmf_2]
root       205     2  0 12:32 ?        00:00:00 [bioset]
root       280     2  0 12:32 ?        00:00:00 [raid5wq]
root       311     2  0 12:32 ?        00:00:00 [bioset]
root       337     2  0 12:32 ?        00:00:00 [jbd2/sda1-8]
root       338     2  0 12:32 ?        00:00:00 [ext4-rsv-conver]
root       392     1  0 12:32 ?        00:00:00 /lib/systemd/systemd-journald
root       410     1  0 12:32 ?        00:00:00 /lib/systemd/systemd-udevd
root       412     1  0 12:32 ?        00:00:00 /sbin/lvmetad -f
root       418     2  0 12:32 ?        00:00:00 [iscsi_eh]
root       419     2  0 12:32 ?        00:00:00 [kworker/u3:0]
root       420     2  0 12:32 ?        00:00:00 [ib-comp-wq]
root       421     2  0 12:32 ?        00:00:00 [ib_addr]
root       422     2  0 12:32 ?        00:00:00 [ib_mcast]
root       423     2  0 12:32 ?        00:00:00 [ib_nl_sa_wq]
root       424     2  0 12:32 ?        00:00:00 [ib_cm]
root       425     2  0 12:32 ?        00:00:00 [iw_cm_wq]
root       426     2  0 12:32 ?        00:00:00 [rdma_cm]
root       481     2  0 12:32 ?        00:00:00 [iprt-VBoxWQueue]
root       483     2  0 12:32 ?        00:00:00 [ttm_swap]
systemd+   531     1  0 12:32 ?        00:00:00 /lib/systemd/systemd-timesyncd
daemon     858     1  0 12:32 ?        00:00:00 /usr/sbin/atd -f
root       859     1  0 12:32 ?        00:00:00 /sbin/dhclient -1 -v -pf /run/dhclient.enp0s3.pid -lf /var/lib/dhcp/dhclient.enp0s3.leases -I -df /var/li
message+   860     1  0 12:32 ?        00:00:00 /usr/bin/dbus-daemon --system --address=systemd: --nofork --nopidfile --systemd-activation
avahi      867     1  0 12:32 ?        00:00:00 avahi-daemon: running [yunitvm.local]
root       868     1  0 12:32 ?        00:00:00 /usr/sbin/repowerd
avahi      878   867  0 12:32 ?        00:00:00 avahi-daemon: chroot helper
root       882     1  0 12:32 ?        00:00:00 /lib/systemd/systemd-logind
syslog     885     1  0 12:32 ?        00:00:00 /usr/sbin/rsyslogd -n
root       891     1  0 12:32 ?        00:00:00 /usr/bin/lxcfs /var/lib/lxcfs/
root       923     1  0 12:32 ?        00:00:00 /usr/sbin/acpid
root       939     1  0 12:32 ?        00:00:00 /usr/sbin/cron -f
root       941     1  0 12:32 ?        00:00:00 /usr/lib/accountsservice/accounts-daemon
root       942     1  0 12:32 ?        00:00:00 /usr/sbin/cupsd -l
root       945     1  0 12:32 ?        00:00:00 /usr/sbin/NetworkManager --no-daemon
root       946     1  0 12:32 ?        00:00:00 /usr/sbin/ModemManager
root       953     1  0 12:32 ?        00:00:00 /usr/lib/snapd/snapd
root       975     1  0 12:32 ?        00:00:00 /sbin/mdadm --monitor --pid-file /run/mdadm/monitor.pid --daemonise --scan --syslog
root       991     1  0 12:32 ?        00:00:01 /usr/lib/upower/upowerd
root       992     1  0 12:32 ?        00:00:00 /usr/lib/policykit-1/polkitd --no-debug
root       993     1  0 12:32 ?        00:00:00 /usr/sbin/cups-browsed
root      1101     1  0 12:32 ?        00:00:00 /usr/sbin/sshd -D
root      1117     1  0 12:32 ?        00:00:00 /sbin/iscsid
root      1118     1  0 12:32 ?        00:00:01 /sbin/iscsid
root      1154     1  0 12:32 tty1     00:00:00 /sbin/agetty --noclear tty1 linux
root      1162     1  0 12:32 ?        00:00:00 /usr/sbin/lightdm
root      1185  1162  0 12:32 tty7     00:00:04 /usr/sbin/unity-system-compositor --disable-inactivity-policy=true --on-fatal-error-abort --file /run/mir
lightdm   1240     1  0 12:32 ?        00:00:00 /lib/systemd/systemd --user
lightdm   1241  1240  0 12:32 ?        00:00:00 (sd-pam)
lightdm   1262  1240  0 12:32 ?        00:00:00 /usr/bin/dbus-daemon --session --address=systemd: --nofork --nopidfile --systemd-activation
lightdm   1339     1  0 12:32 ?        00:00:00 /usr/bin/telephony-service-handler
root      1412     1  0 12:32 ?        00:00:00 /usr/lib/x86_64-linux-gnu/unity-greeter-session-broadcast/unity-greeter-session-broadcast-service
root      1445  1162  0 12:33 ?        00:00:00 lightdm --session-child 11 20
usermet+  1451     1  0 12:33 ?        00:00:00 /usr/lib/x86_64-linux-gnu/libusermetrics/usermetricsservice
rtkit     1577     1  0 12:33 ?        00:00:00 /usr/lib/rtkit/rtkit-daemon
yunit     1606     1  0 12:33 ?        00:00:00 /lib/systemd/systemd --user
yunit     1607  1606  0 12:33 ?        00:00:00 (sd-pam)
yunit     1615  1606  0 12:33 ?        00:00:00 /usr/bin/dbus-daemon --session --address=systemd: --nofork --nopidfile --systemd-activation
yunit     1640     1  0 12:33 ?        00:00:00 /usr/bin/gnome-keyring-daemon --daemonize --login
yunit     1641  1445  0 12:33 ?        00:00:01 upstart --user
yunit     1655  1641  0 12:33 ?        00:00:00 upstart-udev-bridge --daemon --user
yunit     1658  1641  0 12:33 ?        00:00:00 dbus-daemon --fork --session --address=unix:abstract=/tmp/dbus-lsrk6yiUde
yunit     1669  1641  0 12:33 ?        00:00:00 /usr/bin/mediascanner-service-2.0
yunit     1702  1641  0 12:33 ?        00:00:00 upstart-dbus-bridge --daemon --session --user --bus-name session
yunit     1703  1641  0 12:33 ?        00:00:00 upstart-dbus-bridge --daemon --system --user --bus-name system
yunit     1704  1641  0 12:33 ?        00:00:00 upstart-file-bridge --daemon --user
yunit     1735  1641  0 12:33 ?        00:00:00 gpg-agent --homedir /home/yunit/.gnupg --use-standard-socket --daemon
yunit     1761  1641  4 12:33 ?        00:03:02 unity8 --mode=full-shell
yunit     1778  1641  0 12:33 ?        00:00:00 /usr/lib/dconf/dconf-service
yunit     1782  1641  0 12:33 ?        00:00:00 /usr/bin/telephony-service-handler
yunit     1785  1641  0 12:33 ?        00:00:00 /usr/lib/telepathy/mission-control-5
yunit     1791  1641  0 12:33 ?        00:00:00 /usr/lib/x86_64-linux-gnu/thumbnailer/thumbnailer-service
yunit     1805  1641  0 12:33 ?        00:00:01 /usr/lib/x86_64-linux-gnu/indicator-display/indicator-display-service
yunit     1806  1641  0 12:33 ?        00:00:00 /usr/lib/x86_64-linux-gnu/indicator-messages/indicator-messages-service
yunit     1807  1641  0 12:33 ?        00:00:00 /usr/lib/x86_64-linux-gnu/indicator-bluetooth/indicator-bluetooth-service
yunit     1808  1641  0 12:33 ?        00:00:00 /usr/lib/x86_64-linux-gnu/indicator-location/indicator-location-service
yunit     1809  1641  0 12:33 ?        00:00:00 /usr/lib/x86_64-linux-gnu/indicator-power/indicator-power-service
yunit     1810  1641  0 12:33 ?        00:00:00 /usr/lib/x86_64-linux-gnu/indicator-datetime/indicator-datetime-service
yunit     1811  1641  0 12:33 ?        00:00:00 /usr/lib/x86_64-linux-gnu/indicator-keyboard/indicator-keyboard-service --use-gtk
yunit     1813  1641  0 12:33 ?        00:00:00 /usr/lib/x86_64-linux-gnu/address-book-service/address-book-service
yunit     1839  1641  0 12:33 ?        00:00:00 /usr/lib/x86_64-linux-gnu/indicator-sound/indicator-sound-service
yunit     1841  1641  0 12:33 ?        00:00:00 /usr/lib/x86_64-linux-gnu/indicator-session/indicator-session-service
yunit     1872  1641  0 12:33 ?        00:00:00 /bin/sh -e /proc/self/fd/9
yunit     1875  1641  0 12:33 ?        00:00:00 /usr/lib/evolution/evolution-source-registry
yunit     1876  1641  0 12:33 ?        00:00:01 //usr/lib/x86_64-linux-gnu/unity-scopes/smartscopesproxy upstart
yunit     1877  1641  0 12:33 ?        00:00:00 /usr/lib/x86_64-linux-gnu/policykit-unity8/policykit-agent
yunit     1880  1641  0 12:33 ?        00:00:02 maliit-server
yunit     1884  1641  0 12:33 ?        00:00:00 /usr/bin/pulseaudio --start --log-target=syslog
yunit     1898  1641  0 12:33 ?        00:00:00 /usr/lib/x86_64-linux-gnu/indicator-application/indicator-application-service
yunit     1901  1641  0 12:33 ?        00:00:00 /usr/lib/x86_64-linux-gnu/indicator-transfer/indicator-transfer-service
yunit     1914  1641  0 12:33 ?        00:00:00 /usr/bin/python3 /usr/bin/libertined --cache-output
yunit     1915  1872  0 12:33 ?        00:00:00 /usr/lib/x86_64-linux-gnu/url-dispatcher/url-dispatcher
yunit     1916  1641  0 12:33 ?        00:00:00 /usr/lib/x86_64-linux-gnu/indicator-network/indicator-network-secret-agent
yunit     1963  1641  0 12:33 ?        00:00:00 /usr/lib/x86_64-linux-gnu/indicator-network/indicator-network-service
yunit     2018  1641  0 12:33 ?        00:00:00 //usr/lib/x86_64-linux-gnu/unity-scopes/scoperegistry
yunit     2032  1641  0 12:33 ?        00:00:00 /usr/lib/evolution/evolution-addressbook-factory
yunit     2089  2032  0 12:33 ?        00:00:00 /usr/lib/evolution/evolution-addressbook-factory-subprocess --factory local --bus-name org.gnome.evolutio
yunit     2131  1641  0 12:33 ?        00:00:00 /usr/lib/evolution/evolution-calendar-factory
yunit     2139  1641  0 12:33 ?        00:00:00 /usr/bin/content-hub-service
yunit     2204  2131  0 12:33 ?        00:00:00 /usr/lib/evolution/evolution-calendar-factory-subprocess --factory contacts --bus-name org.gnome.evolutio
yunit     2228  2131  0 12:33 ?        00:00:00 /usr/lib/evolution/evolution-calendar-factory-subprocess --factory local --bus-name org.gnome.evolution.d
root      3176     2  0 12:47 ?        00:00:00 [kworker/0:0]
root      3425     2  0 13:02 ?        00:00:01 [kworker/0:2]
root      3429  1101  0 13:02 ?        00:00:00 sshd: yunit [priv]
yunit     3459  3429  0 13:02 ?        00:00:00 sshd: yunit@pts/2
yunit     3460  3459  0 13:02 pts/2    00:00:00 -bash
yunit     3785  1606  0 13:21 ?        00:00:00 /usr/bin/python3 /usr/bin/libertined --cache-output
yunit     3790  1606  0 13:21 ?        00:00:00 /usr/bin/content-hub-service
yunit     3802  1606  0 13:21 ?        00:00:00 /usr/lib/dconf/dconf-service
root      3935     2  0 13:26 ?        00:00:00 [kworker/u2:2]
root      4082     2  0 13:35 ?        00:00:00 [kworker/u2:1]
root      4171     2  0 13:42 ?        00:00:00 [kworker/u2:0]
yunit     4174  3460  0 13:42 pts/2    00:00:00 ps -ef
yunit@yunitvm:~$ ps -ef
UID        PID  PPID  C STIME TTY          TIME CMD
root         1     0  0 12:32 ?        00:00:01 /sbin/init
root         2     0  0 12:32 ?        00:00:00 [kthreadd]
root         4     2  0 12:32 ?        00:00:00 [kworker/0:0H]
root         6     2  0 12:32 ?        00:00:00 [ksoftirqd/0]
root         7     2  0 12:32 ?        00:00:00 [rcu_sched]
root         8     2  0 12:32 ?        00:00:00 [rcu_bh]
root         9     2  0 12:32 ?        00:00:00 [migration/0]
root        10     2  0 12:32 ?        00:00:00 [lru-add-drain]
root        11     2  0 12:32 ?        00:00:00 [watchdog/0]
root        12     2  0 12:32 ?        00:00:00 [cpuhp/0]
root        13     2  0 12:32 ?        00:00:00 [kdevtmpfs]
root        14     2  0 12:32 ?        00:00:00 [netns]
root        15     2  0 12:32 ?        00:00:00 [khungtaskd]
root        16     2  0 12:32 ?        00:00:00 [oom_reaper]
root        17     2  0 12:32 ?        00:00:00 [writeback]
root        18     2  0 12:32 ?        00:00:00 [kcompactd0]
root        19     2  0 12:32 ?        00:00:00 [ksmd]
root        20     2  0 12:32 ?        00:00:00 [khugepaged]
root        21     2  0 12:32 ?        00:00:00 [crypto]
root        22     2  0 12:32 ?        00:00:00 [kintegrityd]
root        23     2  0 12:32 ?        00:00:00 [bioset]
root        24     2  0 12:32 ?        00:00:00 [kblockd]
root        25     2  0 12:32 ?        00:00:00 [ata_sff]
root        26     2  0 12:32 ?        00:00:00 [md]
root        27     2  0 12:32 ?        00:00:00 [devfreq_wq]
root        28     2  0 12:32 ?        00:00:00 [watchdogd]
root        32     2  0 12:32 ?        00:00:00 [kauditd]
root        33     2  0 12:32 ?        00:00:00 [kswapd0]
root        34     2  0 12:32 ?        00:00:00 [vmstat]
root        35     2  0 12:32 ?        00:00:00 [bioset]
root        36     2  0 12:32 ?        00:00:00 [ecryptfs-kthrea]
root        76     2  0 12:32 ?        00:00:00 [kthrotld]
root        77     2  0 12:32 ?        00:00:00 [acpi_thermal_pm]
root        78     2  0 12:32 ?        00:00:00 [bioset]
root        79     2  0 12:32 ?        00:00:00 [bioset]
root        80     2  0 12:32 ?        00:00:00 [bioset]
root        81     2  0 12:32 ?        00:00:00 [bioset]
root        82     2  0 12:32 ?        00:00:00 [bioset]
root        83     2  0 12:32 ?        00:00:00 [bioset]
root        84     2  0 12:32 ?        00:00:00 [bioset]
root        85     2  0 12:32 ?        00:00:00 [bioset]
root        86     2  0 12:32 ?        00:00:00 [scsi_eh_0]
root        87     2  0 12:32 ?        00:00:00 [scsi_tmf_0]
root        88     2  0 12:32 ?        00:00:00 [scsi_eh_1]
root        89     2  0 12:32 ?        00:00:00 [scsi_tmf_1]
root        95     2  0 12:32 ?        00:00:00 [ipv6_addrconf]
root       116     2  0 12:32 ?        00:00:00 [charger_manager]
root       117     2  0 12:32 ?        00:00:00 [bioset]
root       184     2  0 12:32 ?        00:00:00 [kworker/0:1H]
root       203     2  0 12:32 ?        00:00:00 [scsi_eh_2]
root       204     2  0 12:32 ?        00:00:00 [scsi_tmf_2]
root       205     2  0 12:32 ?        00:00:00 [bioset]
root       280     2  0 12:32 ?        00:00:00 [raid5wq]
root       311     2  0 12:32 ?        00:00:00 [bioset]
root       337     2  0 12:32 ?        00:00:00 [jbd2/sda1-8]
root       338     2  0 12:32 ?        00:00:00 [ext4-rsv-conver]
root       392     1  0 12:32 ?        00:00:00 /lib/systemd/systemd-journald
root       410     1  0 12:32 ?        00:00:00 /lib/systemd/systemd-udevd
root       412     1  0 12:32 ?        00:00:00 /sbin/lvmetad -f
root       418     2  0 12:32 ?        00:00:00 [iscsi_eh]
root       419     2  0 12:32 ?        00:00:00 [kworker/u3:0]
root       420     2  0 12:32 ?        00:00:00 [ib-comp-wq]
root       421     2  0 12:32 ?        00:00:00 [ib_addr]
root       422     2  0 12:32 ?        00:00:00 [ib_mcast]
root       423     2  0 12:32 ?        00:00:00 [ib_nl_sa_wq]
root       424     2  0 12:32 ?        00:00:00 [ib_cm]
root       425     2  0 12:32 ?        00:00:00 [iw_cm_wq]
root       426     2  0 12:32 ?        00:00:00 [rdma_cm]
root       481     2  0 12:32 ?        00:00:00 [iprt-VBoxWQueue]
root       483     2  0 12:32 ?        00:00:00 [ttm_swap]
systemd+   531     1  0 12:32 ?        00:00:00 /lib/systemd/systemd-timesyncd
daemon     858     1  0 12:32 ?        00:00:00 /usr/sbin/atd -f
root       859     1  0 12:32 ?        00:00:00 /sbin/dhclient -1 -v -pf /run/dhclient.enp0s3.pid -lf /var/lib/dhcp/dhclient.enp0s3.leases -I -df /var/li
message+   860     1  0 12:32 ?        00:00:00 /usr/bin/dbus-daemon --system --address=systemd: --nofork --nopidfile --systemd-activation
avahi      867     1  0 12:32 ?        00:00:00 avahi-daemon: running [yunitvm.local]
root       868     1  0 12:32 ?        00:00:00 /usr/sbin/repowerd
avahi      878   867  0 12:32 ?        00:00:00 avahi-daemon: chroot helper
root       882     1  0 12:32 ?        00:00:00 /lib/systemd/systemd-logind
syslog     885     1  0 12:32 ?        00:00:00 /usr/sbin/rsyslogd -n
root       891     1  0 12:32 ?        00:00:00 /usr/bin/lxcfs /var/lib/lxcfs/
root       923     1  0 12:32 ?        00:00:00 /usr/sbin/acpid
root       939     1  0 12:32 ?        00:00:00 /usr/sbin/cron -f
root       941     1  0 12:32 ?        00:00:00 /usr/lib/accountsservice/accounts-daemon
root       942     1  0 12:32 ?        00:00:00 /usr/sbin/cupsd -l
root       945     1  0 12:32 ?        00:00:00 /usr/sbin/NetworkManager --no-daemon
root       946     1  0 12:32 ?        00:00:00 /usr/sbin/ModemManager
root       953     1  0 12:32 ?        00:00:00 /usr/lib/snapd/snapd
root       975     1  0 12:32 ?        00:00:00 /sbin/mdadm --monitor --pid-file /run/mdadm/monitor.pid --daemonise --scan --syslog
root       991     1  0 12:32 ?        00:00:01 /usr/lib/upower/upowerd
root       992     1  0 12:32 ?        00:00:00 /usr/lib/policykit-1/polkitd --no-debug
root       993     1  0 12:32 ?        00:00:00 /usr/sbin/cups-browsed
root      1101     1  0 12:32 ?        00:00:00 /usr/sbin/sshd -D
root      1117     1  0 12:32 ?        00:00:00 /sbin/iscsid
root      1118     1  0 12:32 ?        00:00:01 /sbin/iscsid
root      1154     1  0 12:32 tty1     00:00:00 /sbin/agetty --noclear tty1 linux
root      1162     1  0 12:32 ?        00:00:00 /usr/sbin/lightdm
root      1185  1162  0 12:32 tty7     00:00:05 /usr/sbin/unity-system-compositor --disable-inactivity-policy=true --on-fatal-error-abort --file /run/mir
lightdm   1240     1  0 12:32 ?        00:00:00 /lib/systemd/systemd --user
lightdm   1241  1240  0 12:32 ?        00:00:00 (sd-pam)
lightdm   1262  1240  0 12:32 ?        00:00:00 /usr/bin/dbus-daemon --session --address=systemd: --nofork --nopidfile --systemd-activation
lightdm   1339     1  0 12:32 ?        00:00:00 /usr/bin/telephony-service-handler
root      1412     1  0 12:32 ?        00:00:00 /usr/lib/x86_64-linux-gnu/unity-greeter-session-broadcast/unity-greeter-session-broadcast-service
root      1445  1162  0 12:33 ?        00:00:00 lightdm --session-child 11 20
usermet+  1451     1  0 12:33 ?        00:00:00 /usr/lib/x86_64-linux-gnu/libusermetrics/usermetricsservice
rtkit     1577     1  0 12:33 ?        00:00:00 /usr/lib/rtkit/rtkit-daemon
yunit     1606     1  0 12:33 ?        00:00:00 /lib/systemd/systemd --user
yunit     1607  1606  0 12:33 ?        00:00:00 (sd-pam)
yunit     1615  1606  0 12:33 ?        00:00:00 /usr/bin/dbus-daemon --session --address=systemd: --nofork --nopidfile --systemd-activation
yunit     1640     1  0 12:33 ?        00:00:00 /usr/bin/gnome-keyring-daemon --daemonize --login
yunit     1641  1445  0 12:33 ?        00:00:01 upstart --user
yunit     1655  1641  0 12:33 ?        00:00:00 upstart-udev-bridge --daemon --user
yunit     1658  1641  0 12:33 ?        00:00:00 dbus-daemon --fork --session --address=unix:abstract=/tmp/dbus-lsrk6yiUde
yunit     1669  1641  0 12:33 ?        00:00:00 /usr/bin/mediascanner-service-2.0
yunit     1702  1641  0 12:33 ?        00:00:00 upstart-dbus-bridge --daemon --session --user --bus-name session
yunit     1703  1641  0 12:33 ?        00:00:00 upstart-dbus-bridge --daemon --system --user --bus-name system
yunit     1704  1641  0 12:33 ?        00:00:00 upstart-file-bridge --daemon --user
yunit     1735  1641  0 12:33 ?        00:00:00 gpg-agent --homedir /home/yunit/.gnupg --use-standard-socket --daemon
yunit     1761  1641  4 12:33 ?        00:03:13 unity8 --mode=full-shell
yunit     1778  1641  0 12:33 ?        00:00:00 /usr/lib/dconf/dconf-service
yunit     1782  1641  0 12:33 ?        00:00:00 /usr/bin/telephony-service-handler
yunit     1785  1641  0 12:33 ?        00:00:00 /usr/lib/telepathy/mission-control-5
yunit     1791  1641  0 12:33 ?        00:00:00 /usr/lib/x86_64-linux-gnu/thumbnailer/thumbnailer-service
yunit     1805  1641  0 12:33 ?        00:00:01 /usr/lib/x86_64-linux-gnu/indicator-display/indicator-display-service
yunit     1806  1641  0 12:33 ?        00:00:00 /usr/lib/x86_64-linux-gnu/indicator-messages/indicator-messages-service
yunit     1807  1641  0 12:33 ?        00:00:00 /usr/lib/x86_64-linux-gnu/indicator-bluetooth/indicator-bluetooth-service
yunit     1808  1641  0 12:33 ?        00:00:00 /usr/lib/x86_64-linux-gnu/indicator-location/indicator-location-service
yunit     1809  1641  0 12:33 ?        00:00:00 /usr/lib/x86_64-linux-gnu/indicator-power/indicator-power-service
yunit     1810  1641  0 12:33 ?        00:00:00 /usr/lib/x86_64-linux-gnu/indicator-datetime/indicator-datetime-service
yunit     1811  1641  0 12:33 ?        00:00:00 /usr/lib/x86_64-linux-gnu/indicator-keyboard/indicator-keyboard-service --use-gtk
yunit     1813  1641  0 12:33 ?        00:00:00 /usr/lib/x86_64-linux-gnu/address-book-service/address-book-service
yunit     1839  1641  0 12:33 ?        00:00:00 /usr/lib/x86_64-linux-gnu/indicator-sound/indicator-sound-service
yunit     1841  1641  0 12:33 ?        00:00:00 /usr/lib/x86_64-linux-gnu/indicator-session/indicator-session-service
yunit     1872  1641  0 12:33 ?        00:00:00 /bin/sh -e /proc/self/fd/9
yunit     1875  1641  0 12:33 ?        00:00:00 /usr/lib/evolution/evolution-source-registry
yunit     1876  1641  0 12:33 ?        00:00:01 //usr/lib/x86_64-linux-gnu/unity-scopes/smartscopesproxy upstart
yunit     1877  1641  0 12:33 ?        00:00:00 /usr/lib/x86_64-linux-gnu/policykit-unity8/policykit-agent
yunit     1880  1641  0 12:33 ?        00:00:02 maliit-server
yunit     1884  1641  0 12:33 ?        00:00:00 /usr/bin/pulseaudio --start --log-target=syslog
yunit     1898  1641  0 12:33 ?        00:00:00 /usr/lib/x86_64-linux-gnu/indicator-application/indicator-application-service
yunit     1901  1641  0 12:33 ?        00:00:00 /usr/lib/x86_64-linux-gnu/indicator-transfer/indicator-transfer-service
yunit     1914  1641  0 12:33 ?        00:00:00 /usr/bin/python3 /usr/bin/libertined --cache-output
yunit     1915  1872  0 12:33 ?        00:00:00 /usr/lib/x86_64-linux-gnu/url-dispatcher/url-dispatcher
yunit     1916  1641  0 12:33 ?        00:00:00 /usr/lib/x86_64-linux-gnu/indicator-network/indicator-network-secret-agent
yunit     1963  1641  0 12:33 ?        00:00:00 /usr/lib/x86_64-linux-gnu/indicator-network/indicator-network-service
yunit     2018  1641  0 12:33 ?        00:00:00 //usr/lib/x86_64-linux-gnu/unity-scopes/scoperegistry
yunit     2032  1641  0 12:33 ?        00:00:00 /usr/lib/evolution/evolution-addressbook-factory
yunit     2089  2032  0 12:33 ?        00:00:00 /usr/lib/evolution/evolution-addressbook-factory-subprocess --factory local --bus-name org.gnome.evolutio
yunit     2131  1641  0 12:33 ?        00:00:00 /usr/lib/evolution/evolution-calendar-factory
yunit     2139  1641  0 12:33 ?        00:00:00 /usr/bin/content-hub-service
yunit     2204  2131  0 12:33 ?        00:00:00 /usr/lib/evolution/evolution-calendar-factory-subprocess --factory contacts --bus-name org.gnome.evolutio
yunit     2228  2131  0 12:33 ?        00:00:00 /usr/lib/evolution/evolution-calendar-factory-subprocess --factory local --bus-name org.gnome.evolution.d
root      3176     2  0 12:47 ?        00:00:00 [kworker/0:0]
root      3425     2  0 13:02 ?        00:00:01 [kworker/0:2]
root      3429  1101  0 13:02 ?        00:00:00 sshd: yunit [priv]
yunit     3459  3429  0 13:02 ?        00:00:00 sshd: yunit@pts/2
yunit     3460  3459  0 13:02 pts/2    00:00:00 -bash
yunit     3785  1606  0 13:21 ?        00:00:00 /usr/bin/python3 /usr/bin/libertined --cache-output
yunit     3790  1606  0 13:21 ?        00:00:00 /usr/bin/content-hub-service
yunit     3802  1606  0 13:21 ?        00:00:00 /usr/lib/dconf/dconf-service
root      3935     2  0 13:26 ?        00:00:00 [kworker/u2:2]
root      4082     2  0 13:35 ?        00:00:00 [kworker/u2:1]
root      4171     2  0 13:42 ?        00:00:00 [kworker/u2:0]
yunit     4195  1606  0 13:43 ?        00:00:00 /bin/bash /usr/share/beru/beru
yunit     4199  4195 53 13:43 ?        00:00:04 /usr/lib/x86_64-linux-gnu/qt5/bin/qmlscene -I /usr/share/beru /usr/share/beru/ui/main.qml --appargs=
yunit     4205  4199  0 13:43 ?        00:00:00 /usr/lib/x86_64-linux-gnu/oxide-qt/chrome-sandbox /usr/lib/x86_64-linux-gnu/oxide-qt/oxide-renderer --typ
yunit     4206  4205  0 13:43 ?        00:00:00 /usr/lib/x86_64-linux-gnu/oxide-qt/oxide-renderer --type=zygote --shared-memory-override-path=/dev/shm/be
yunit     4208  4206  0 13:43 ?        00:00:00 /usr/lib/x86_64-linux-gnu/oxide-qt/oxide-renderer --type=zygote --shared-memory-override-path=/dev/shm/be
yunit     4241  3460  0 13:43 pts/2    00:00:00 ps -ef
yunit@yunitvm:~$ ps -ef
UID        PID  PPID  C STIME TTY          TIME CMD
root         1     0  0 12:32 ?        00:00:01 /sbin/init
root         2     0  0 12:32 ?        00:00:00 [kthreadd]
root         4     2  0 12:32 ?        00:00:00 [kworker/0:0H]
root         6     2  0 12:32 ?        00:00:00 [ksoftirqd/0]
root         7     2  0 12:32 ?        00:00:00 [rcu_sched]
root         8     2  0 12:32 ?        00:00:00 [rcu_bh]
root         9     2  0 12:32 ?        00:00:00 [migration/0]
root        10     2  0 12:32 ?        00:00:00 [lru-add-drain]
root        11     2  0 12:32 ?        00:00:00 [watchdog/0]
root        12     2  0 12:32 ?        00:00:00 [cpuhp/0]
root        13     2  0 12:32 ?        00:00:00 [kdevtmpfs]
root        14     2  0 12:32 ?        00:00:00 [netns]
root        15     2  0 12:32 ?        00:00:00 [khungtaskd]
root        16     2  0 12:32 ?        00:00:00 [oom_reaper]
root        17     2  0 12:32 ?        00:00:00 [writeback]
root        18     2  0 12:32 ?        00:00:00 [kcompactd0]
root        19     2  0 12:32 ?        00:00:00 [ksmd]
root        20     2  0 12:32 ?        00:00:00 [khugepaged]
root        21     2  0 12:32 ?        00:00:00 [crypto]
root        22     2  0 12:32 ?        00:00:00 [kintegrityd]
root        23     2  0 12:32 ?        00:00:00 [bioset]
root        24     2  0 12:32 ?        00:00:00 [kblockd]
root        25     2  0 12:32 ?        00:00:00 [ata_sff]
root        26     2  0 12:32 ?        00:00:00 [md]
root        27     2  0 12:32 ?        00:00:00 [devfreq_wq]
root        28     2  0 12:32 ?        00:00:00 [watchdogd]
root        32     2  0 12:32 ?        00:00:00 [kauditd]
root        33     2  0 12:32 ?        00:00:00 [kswapd0]
root        34     2  0 12:32 ?        00:00:00 [vmstat]
root        35     2  0 12:32 ?        00:00:00 [bioset]
root        36     2  0 12:32 ?        00:00:00 [ecryptfs-kthrea]
root        76     2  0 12:32 ?        00:00:00 [kthrotld]
root        77     2  0 12:32 ?        00:00:00 [acpi_thermal_pm]
root        78     2  0 12:32 ?        00:00:00 [bioset]
root        79     2  0 12:32 ?        00:00:00 [bioset]
root        80     2  0 12:32 ?        00:00:00 [bioset]
root        81     2  0 12:32 ?        00:00:00 [bioset]
root        82     2  0 12:32 ?        00:00:00 [bioset]
root        83     2  0 12:32 ?        00:00:00 [bioset]
root        84     2  0 12:32 ?        00:00:00 [bioset]
root        85     2  0 12:32 ?        00:00:00 [bioset]
root        86     2  0 12:32 ?        00:00:00 [scsi_eh_0]
root        87     2  0 12:32 ?        00:00:00 [scsi_tmf_0]
root        88     2  0 12:32 ?        00:00:00 [scsi_eh_1]
root        89     2  0 12:32 ?        00:00:00 [scsi_tmf_1]
root        95     2  0 12:32 ?        00:00:00 [ipv6_addrconf]
root       116     2  0 12:32 ?        00:00:00 [charger_manager]
root       117     2  0 12:32 ?        00:00:00 [bioset]
root       184     2  0 12:32 ?        00:00:00 [kworker/0:1H]
root       203     2  0 12:32 ?        00:00:00 [scsi_eh_2]
root       204     2  0 12:32 ?        00:00:00 [scsi_tmf_2]
root       205     2  0 12:32 ?        00:00:00 [bioset]
root       280     2  0 12:32 ?        00:00:00 [raid5wq]
root       311     2  0 12:32 ?        00:00:00 [bioset]
root       337     2  0 12:32 ?        00:00:00 [jbd2/sda1-8]
root       338     2  0 12:32 ?        00:00:00 [ext4-rsv-conver]
root       392     1  0 12:32 ?        00:00:00 /lib/systemd/systemd-journald
root       410     1  0 12:32 ?        00:00:00 /lib/systemd/systemd-udevd
root       412     1  0 12:32 ?        00:00:00 /sbin/lvmetad -f
root       418     2  0 12:32 ?        00:00:00 [iscsi_eh]
root       419     2  0 12:32 ?        00:00:00 [kworker/u3:0]
root       420     2  0 12:32 ?        00:00:00 [ib-comp-wq]
root       421     2  0 12:32 ?        00:00:00 [ib_addr]
root       422     2  0 12:32 ?        00:00:00 [ib_mcast]
root       423     2  0 12:32 ?        00:00:00 [ib_nl_sa_wq]
root       424     2  0 12:32 ?        00:00:00 [ib_cm]
root       425     2  0 12:32 ?        00:00:00 [iw_cm_wq]
root       426     2  0 12:32 ?        00:00:00 [rdma_cm]
root       481     2  0 12:32 ?        00:00:00 [iprt-VBoxWQueue]
root       483     2  0 12:32 ?        00:00:00 [ttm_swap]
systemd+   531     1  0 12:32 ?        00:00:00 /lib/systemd/systemd-timesyncd
daemon     858     1  0 12:32 ?        00:00:00 /usr/sbin/atd -f
root       859     1  0 12:32 ?        00:00:00 /sbin/dhclient -1 -v -pf /run/dhclient.enp0s3.pid -lf /var/lib/dhcp/dhclient.enp0s3.leases -I -df /var/lib/dhcp/dhclient6.enp0s3.leases enp0s3
message+   860     1  0 12:32 ?        00:00:00 /usr/bin/dbus-daemon --system --address=systemd: --nofork --nopidfile --systemd-activation
avahi      867     1  0 12:32 ?        00:00:00 avahi-daemon: running [yunitvm.local]
root       868     1  0 12:32 ?        00:00:00 /usr/sbin/repowerd
avahi      878   867  0 12:32 ?        00:00:00 avahi-daemon: chroot helper
root       882     1  0 12:32 ?        00:00:00 /lib/systemd/systemd-logind
syslog     885     1  0 12:32 ?        00:00:00 /usr/sbin/rsyslogd -n
root       891     1  0 12:32 ?        00:00:00 /usr/bin/lxcfs /var/lib/lxcfs/
root       923     1  0 12:32 ?        00:00:00 /usr/sbin/acpid
root       939     1  0 12:32 ?        00:00:00 /usr/sbin/cron -f
root       941     1  0 12:32 ?        00:00:00 /usr/lib/accountsservice/accounts-daemon
root       942     1  0 12:32 ?        00:00:00 /usr/sbin/cupsd -l
root       945     1  0 12:32 ?        00:00:00 /usr/sbin/NetworkManager --no-daemon
root       946     1  0 12:32 ?        00:00:00 /usr/sbin/ModemManager
root       953     1  0 12:32 ?        00:00:00 /usr/lib/snapd/snapd
root       975     1  0 12:32 ?        00:00:00 /sbin/mdadm --monitor --pid-file /run/mdadm/monitor.pid --daemonise --scan --syslog
root       991     1  0 12:32 ?        00:00:01 /usr/lib/upower/upowerd
root       992     1  0 12:32 ?        00:00:00 /usr/lib/policykit-1/polkitd --no-debug
root       993     1  0 12:32 ?        00:00:00 /usr/sbin/cups-browsed
root      1101     1  0 12:32 ?        00:00:00 /usr/sbin/sshd -D
root      1117     1  0 12:32 ?        00:00:00 /sbin/iscsid
root      1118     1  0 12:32 ?        00:00:01 /sbin/iscsid
root      1154     1  0 12:32 tty1     00:00:00 /sbin/agetty --noclear tty1 linux
root      1162     1  0 12:32 ?        00:00:00 /usr/sbin/lightdm
root      1185  1162  0 12:32 tty7     00:00:06 /usr/sbin/unity-system-compositor --disable-inactivity-policy=true --on-fatal-error-abort --file /run/mir_socket --from-dm-fd 11 --to-dm-fd 14 --vt 7
lightdm   1240     1  0 12:32 ?        00:00:00 /lib/systemd/systemd --user
lightdm   1241  1240  0 12:32 ?        00:00:00 (sd-pam)
lightdm   1262  1240  0 12:32 ?        00:00:00 /usr/bin/dbus-daemon --session --address=systemd: --nofork --nopidfile --systemd-activation
lightdm   1339     1  0 12:32 ?        00:00:00 /usr/bin/telephony-service-handler
root      1412     1  0 12:32 ?        00:00:00 /usr/lib/x86_64-linux-gnu/unity-greeter-session-broadcast/unity-greeter-session-broadcast-service
root      1445  1162  0 12:33 ?        00:00:00 lightdm --session-child 11 20
usermet+  1451     1  0 12:33 ?        00:00:00 /usr/lib/x86_64-linux-gnu/libusermetrics/usermetricsservice
rtkit     1577     1  0 12:33 ?        00:00:00 /usr/lib/rtkit/rtkit-daemon
yunit     1606     1  0 12:33 ?        00:00:00 /lib/systemd/systemd --user
yunit     1607  1606  0 12:33 ?        00:00:00 (sd-pam)
yunit     1615  1606  0 12:33 ?        00:00:00 /usr/bin/dbus-daemon --session --address=systemd: --nofork --nopidfile --systemd-activation
yunit     1640     1  0 12:33 ?        00:00:00 /usr/bin/gnome-keyring-daemon --daemonize --login
yunit     1641  1445  0 12:33 ?        00:00:01 upstart --user
yunit     1655  1641  0 12:33 ?        00:00:00 upstart-udev-bridge --daemon --user
yunit     1658  1641  0 12:33 ?        00:00:00 dbus-daemon --fork --session --address=unix:abstract=/tmp/dbus-lsrk6yiUde
yunit     1669  1641  0 12:33 ?        00:00:00 /usr/bin/mediascanner-service-2.0
yunit     1702  1641  0 12:33 ?        00:00:00 upstart-dbus-bridge --daemon --session --user --bus-name session
yunit     1703  1641  0 12:33 ?        00:00:00 upstart-dbus-bridge --daemon --system --user --bus-name system
yunit     1704  1641  0 12:33 ?        00:00:00 upstart-file-bridge --daemon --user
yunit     1735  1641  0 12:33 ?        00:00:00 gpg-agent --homedir /home/yunit/.gnupg --use-standard-socket --daemon
yunit     1761  1641  5 12:33 ?        00:03:45 unity8 --mode=full-shell
yunit     1778  1641  0 12:33 ?        00:00:00 /usr/lib/dconf/dconf-service
yunit     1782  1641  0 12:33 ?        00:00:00 /usr/bin/telephony-service-handler
yunit     1785  1641  0 12:33 ?        00:00:00 /usr/lib/telepathy/mission-control-5
yunit     1791  1641  0 12:33 ?        00:00:00 /usr/lib/x86_64-linux-gnu/thumbnailer/thumbnailer-service
yunit     1805  1641  0 12:33 ?        00:00:01 /usr/lib/x86_64-linux-gnu/indicator-display/indicator-display-service
yunit     1806  1641  0 12:33 ?        00:00:00 /usr/lib/x86_64-linux-gnu/indicator-messages/indicator-messages-service
yunit     1807  1641  0 12:33 ?        00:00:00 /usr/lib/x86_64-linux-gnu/indicator-bluetooth/indicator-bluetooth-service
yunit     1808  1641  0 12:33 ?        00:00:00 /usr/lib/x86_64-linux-gnu/indicator-location/indicator-location-service
yunit     1809  1641  0 12:33 ?        00:00:00 /usr/lib/x86_64-linux-gnu/indicator-power/indicator-power-service
yunit     1810  1641  0 12:33 ?        00:00:00 /usr/lib/x86_64-linux-gnu/indicator-datetime/indicator-datetime-service
yunit     1811  1641  0 12:33 ?        00:00:00 /usr/lib/x86_64-linux-gnu/indicator-keyboard/indicator-keyboard-service --use-gtk
yunit     1813  1641  0 12:33 ?        00:00:00 /usr/lib/x86_64-linux-gnu/address-book-service/address-book-service
yunit     1839  1641  0 12:33 ?        00:00:00 /usr/lib/x86_64-linux-gnu/indicator-sound/indicator-sound-service
yunit     1841  1641  0 12:33 ?        00:00:00 /usr/lib/x86_64-linux-gnu/indicator-session/indicator-session-service
yunit     1872  1641  0 12:33 ?        00:00:00 /bin/sh -e /proc/self/fd/9
yunit     1875  1641  0 12:33 ?        00:00:00 /usr/lib/evolution/evolution-source-registry
yunit     1876  1641  0 12:33 ?        00:00:01 //usr/lib/x86_64-linux-gnu/unity-scopes/smartscopesproxy upstart
yunit     1877  1641  0 12:33 ?        00:00:00 /usr/lib/x86_64-linux-gnu/policykit-unity8/policykit-agent
yunit     1880  1641  0 12:33 ?        00:00:02 maliit-server
yunit     1884  1641  0 12:33 ?        00:00:00 /usr/bin/pulseaudio --start --log-target=syslog
yunit     1898  1641  0 12:33 ?        00:00:00 /usr/lib/x86_64-linux-gnu/indicator-application/indicator-application-service
yunit     1901  1641  0 12:33 ?        00:00:00 /usr/lib/x86_64-linux-gnu/indicator-transfer/indicator-transfer-service
yunit     1914  1641  0 12:33 ?        00:00:00 /usr/bin/python3 /usr/bin/libertined --cache-output
yunit     1915  1872  0 12:33 ?        00:00:00 /usr/lib/x86_64-linux-gnu/url-dispatcher/url-dispatcher
yunit     1916  1641  0 12:33 ?        00:00:00 /usr/lib/x86_64-linux-gnu/indicator-network/indicator-network-secret-agent
yunit     1963  1641  0 12:33 ?        00:00:00 /usr/lib/x86_64-linux-gnu/indicator-network/indicator-network-service
yunit     2018  1641  0 12:33 ?        00:00:00 //usr/lib/x86_64-linux-gnu/unity-scopes/scoperegistry
yunit     2032  1641  0 12:33 ?        00:00:00 /usr/lib/evolution/evolution-addressbook-factory
yunit     2089  2032  0 12:33 ?        00:00:00 /usr/lib/evolution/evolution-addressbook-factory-subprocess --factory local --bus-name org.gnome.evolution.dataserver.Subprocess.Backend.AddressBookx203
yunit     2131  1641  0 12:33 ?        00:00:00 /usr/lib/evolution/evolution-calendar-factory
yunit     2139  1641  0 12:33 ?        00:00:00 /usr/bin/content-hub-service
yunit     2204  2131  0 12:33 ?        00:00:00 /usr/lib/evolution/evolution-calendar-factory-subprocess --factory contacts --bus-name org.gnome.evolution.dataserver.Subprocess.Backend.Calendarx2131x2
yunit     2228  2131  0 12:33 ?        00:00:00 /usr/lib/evolution/evolution-calendar-factory-subprocess --factory local --bus-name org.gnome.evolution.dataserver.Subprocess.Backend.Calendarx2131x3 --
root      3176     2  0 12:47 ?        00:00:00 [kworker/0:0]
root      3425     2  0 13:02 ?        00:00:01 [kworker/0:2]
root      3429  1101  0 13:02 ?        00:00:00 sshd: yunit [priv]
yunit     3459  3429  0 13:02 ?        00:00:00 sshd: yunit@pts/2
yunit     3460  3459  0 13:02 pts/2    00:00:00 -bash
yunit     3785  1606  0 13:21 ?        00:00:00 /usr/bin/python3 /usr/bin/libertined --cache-output
yunit     3790  1606  0 13:21 ?        00:00:00 /usr/bin/content-hub-service
yunit     3802  1606  0 13:21 ?        00:00:00 /usr/lib/dconf/dconf-service
root      3935     2  0 13:26 ?        00:00:00 [kworker/u2:2]
root      4082     2  0 13:35 ?        00:00:00 [kworker/u2:1]
root      4171     2  0 13:42 ?        00:00:00 [kworker/u2:0]
yunit     4195  1606  0 13:43 ?        00:00:00 /bin/bash /usr/share/beru/beru
yunit     4199  4195 21 13:43 ?        00:00:36 /usr/lib/x86_64-linux-gnu/qt5/bin/qmlscene -I /usr/share/beru /usr/share/beru/ui/main.qml --appargs=
yunit     4205  4199  0 13:43 ?        00:00:00 /usr/lib/x86_64-linux-gnu/oxide-qt/chrome-sandbox /usr/lib/x86_64-linux-gnu/oxide-qt/oxide-renderer --type=zygote --shared-memory-override-path=/dev/shm
yunit     4206  4205  0 13:43 ?        00:00:00 /usr/lib/x86_64-linux-gnu/oxide-qt/oxide-renderer --type=zygote --shared-memory-override-path=/dev/shm/beru.oxide --disable-gpu-compositing
yunit     4208  4206  0 13:43 ?        00:00:00 /usr/lib/x86_64-linux-gnu/oxide-qt/oxide-renderer --type=zygote --shared-memory-override-path=/dev/shm/beru.oxide --disable-gpu-compositing
yunit     4269  3460  0 13:46 pts/2    00:00:00 ps -ef
yunit@yunitvm:~$ ls /usr/share/
account-plugins  cmake-3.5            evolution-data-server        gutenprint             libgweather                     notify-osd               qt4                      unattended-upgrades
accounts         cogl                 file                         hal                    liblouis                        open-vm-tools            qt5                      unity
accountsservice  color                fonts                        help                   liblouisutdml                   openvpn                  qtchooser                unity8
aclocal          colord               fonts-droid-fallback         hunspell               libnma                          os-prober                readline                 unity8-desktop-session
aclocal-1.15     columbus1            gcc-5                        hwdata                 libnm-gtk                       p11-kit                  repowerd                 unity-control-center
adduser          command-not-found    GConf                        i18n                   libsensors4                     package-data-downloads   resolvconf               unity-greeter
adium            common-licenses      gcr-3                        ibus                   libthai                         PackageKit               rsyslog                  unity-settings-daemon
alsa             consolefonts         gdb                          icons                  libtimezonemap                  pam                      screen                   update-notifier
apparmor         console-setup        gdebi                        ImageMagick-6          libusermetrics                  pam-configs              session-migration        upstart
appdata          consoletrans         geoclue-providers            im-config              libwacom                        pastebin.d               sgml                     url-dispatcher
applications     content-hub          GeoIP                        indicator-application  lightdm                         payui                    sgml-base                usb_modeswitch
apport           cups                 gettext                      indicator-power        lintian                         perl                     sosreport                vala
apps             dbus-1               gettext-0.19.7               info                   locale                          perl5                    sounds                   vim
aspell           debconf              ghostscript                  initramfs-tools        locale-langpack                 pixmaps                  ssl-cert                 wayland
autoconf         debhelper            gir-1.0                      insserv                locales                         pkgconfig                system-config-printer    webbrowser-app
automake-1.15    debianutils          git-core                     installation-report    lxc                             pkg-config-crosswrapper  systemd                  X11
avahi            debootstrap          gitweb                       instantfx              lxcfs                           pkg-config-dpkghook      sysv-rc                  xgreeters
awk              desktop-directories  glib-2.0                     intltool               maliit                          plymouth                 tabset                   xml
backgrounds      dh-python            gnome                        iptables               man                             polkit-1                 tasksel                  xml-core
base-files       dialer-app           gnome-background-properties  java                   man-db                          poppler                  telepathy                yelp
base-passwd      dict                 gnome-online-accounts        javascript             mdadm                           popularity-contest       telephony-service        yelp-xsl
bash-completion  dictionaries-common  gnome-session                keeper                 mediaplayer-app                 powerd                   terminal                 zeitgeist
beru             distro-info          gnome-shell                  keyrings               menu                            ppd                      terminfo                 zoneinfo
binfmts          djvu                 gnupg                        language-selector      mime                            ppp                      themes                   zsh
bug              dns                  gnupg2                       language-support       misc                            presage                  ubuntu
build-essential  dnsmasq-base         groff                        language-tools         mobile-broadband-provider-info  pulseaudio               ubuntu-calculator-app
byobu            doc                  grub                         libaudio2              mousetweaks                     pyshared                 ubuntu-clock-app
ca-certificates  doc-base             grub-gfxpayload-lists        libc-bin               mysql-common                    python                   ubuntu-html5-theme
calendar         dpkg                 gst-plugins-base             libertine              nano                            python3                  ubuntu-html5-ui-toolkit
camera-app       emacs                gstreamer-1.0                libgnomekbd            netpbm                          python-apt               ubuntu-release-upgrader
click            enchant              gtk-engines                  libgphoto2             nm-applet                       python-babel-localedata  ufw
yunit@yunitvm:~$ cd /usr/share/beru/
yunit@yunitvm:/usr/share/beru$ ls
beru  beru.svg  Epub  File  FontList  html  HttpServer  ui
yunit@yunitvm:/usr/share/beru$ ./beru 
QXcbConnection: Could not connect to display 
./beru: line 3:  4307 Aborted                 (core dumped) QT_SELECT=5 qmlscene -I "$DIR" "$DIR/ui/main.qml" --appargs="$*"
yunit@yunitvm:/usr/share/beru$ QT_QPA_PLATFORM=ubuntumirclient MIR_SOCKET=/run/mir_socket ./beru 
Loading module: 'libubuntu_application_api_desktop_mirclient.so.3.0.0'
pci id for fd 10: 80ee:beef, driver (null)
[1117/134926.341032:ERROR:child_thread_impl.cc(762)] Request for unknown Channel-associated interface: ui::mojom::GpuMain
APP_ID isn't set, the handler can not be registered
Cannot find EGLConfig, returning null config
file:///usr/lib/x86_64-linux-gnu/qt5/qml/Ubuntu/Content/ContentPeerPicker11.qml:205: TypeError: Cannot read property 'peers' of null
./beru: line 3:  4320 Segmentation fault      (core dumped) QT_SELECT=5 qmlscene -I "$DIR" "$DIR/ui/main.qml" --appargs="$*"
yunit@yunitvm:/usr/share/beru$ sudo QT_QPA_PLATFORM=ubuntumirclient MIR_SOCKET=/run/mir_socket ./beru 
[sudo] password for yunit: 
QStandardPaths: XDG_RUNTIME_DIR not set, defaulting to '/tmp/runtime-root'
Loading module: 'libubuntu_application_api_desktop_mirclient.so.3.0.0'
pci id for fd 10: 80ee:beef, driver (null)
QStandardPaths: XDG_RUNTIME_DIR not set, defaulting to '/tmp/runtime-root'
Home directory not accessible: Permission denied
[1117/134948.843176:WARNING:audio_manager.cc(321)] Multiple instances of AudioManager detected
[1117/134948.843622:WARNING:audio_manager.cc(278)] Multiple instances of AudioManager detected
[1117/134948.851218:ERROR:child_thread_impl.cc(762)] Request for unknown Channel-associated interface: ui::mojom::GpuMain
error calling result "Not connected to D-Bus server"
error calling result "Not connected to D-Bus server"
lastError - no arguments?
error calling result "Not connected to D-Bus server"
lastError - no arguments?
error calling result "Not connected to D-Bus server"
lastError - no arguments?
APP_ID isn't set, the handler can not be registered
Cannot find EGLConfig, returning null config
file:///usr/lib/x86_64-linux-gnu/qt5/qml/Ubuntu/Content/ContentPeerPicker11.qml:205: TypeError: Cannot read property 'peers' of null
./beru: line 3:  4372 Segmentation fault      (core dumped) QT_SELECT=5 qmlscene -I "$DIR" "$DIR/ui/main.qml" --appargs="$*"
yunit@yunitvm:/usr/share/beru$ sudo QT_QPA_PLATFORM=ubuntumirclient MIR_SOCKET=/run/mir_socket ./beru 
QStandardPaths: XDG_RUNTIME_DIR not set, defaulting to '/tmp/runtime-root'
Loading module: 'libubuntu_application_api_desktop_mirclient.so.3.0.0'
pci id for fd 10: 80ee:beef, driver (null)
QStandardPaths: XDG_RUNTIME_DIR not set, defaulting to '/tmp/runtime-root'
Home directory not accessible: Permission denied
[1117/135008.686489:WARNING:audio_manager.cc(321)] Multiple instances of AudioManager detected
[1117/135008.686817:WARNING:audio_manager.cc(278)] Multiple instances of AudioManager detected
[1117/135008.694012:ERROR:child_thread_impl.cc(762)] Request for unknown Channel-associated interface: ui::mojom::GpuMain
error calling result "Not connected to D-Bus server"
error calling result "Not connected to D-Bus server"
lastError - no arguments?
error calling result "Not connected to D-Bus server"
lastError - no arguments?
error calling result "Not connected to D-Bus server"
lastError - no arguments?
APP_ID isn't set, the handler can not be registered
Cannot find EGLConfig, returning null config
file:///usr/lib/x86_64-linux-gnu/qt5/qml/Ubuntu/Content/ContentPeerPicker11.qml:205: TypeError: Cannot read property 'peers' of null
./beru: line 3:  4427 Segmentation fault      (core dumped) QT_SELECT=5 qmlscene -I "$DIR" "$DIR/ui/main.qml" --appargs="$*"
yunit@yunitvm:/usr/share/beru$ sudo QT_QPA_PLATFORM=ubuntumirclient MIR_SOCKET=/run/mir_socket qmlscene /Timer/Main.qml 
QStandardPaths: XDG_RUNTIME_DIR not set, defaulting to '/tmp/runtime-root'
Loading module: 'libubuntu_application_api_desktop_mirclient.so.3.0.0'
pci id for fd 10: 80ee:beef, driver (null)
QStandardPaths: XDG_RUNTIME_DIR not set, defaulting to '/tmp/runtime-root'
WARNING: alarm manager "eds" not installed, using "memory"
error calling result "Not connected to D-Bus server"
error calling result "Not connected to D-Bus server"
lastError - no arguments?
error calling result "Not connected to D-Bus server"
lastError - no arguments?
error calling result "Not connected to D-Bus server"
lastError - no arguments?
Segmentation fault (core dumped)
yunit@yunitvm:/usr/share/beru$ cd ~
yunit@yunitvm:~$ ps -ef
UID        PID  PPID  C STIME TTY          TIME CMD
root         1     0  0 12:32 ?        00:00:01 /sbin/init
root         2     0  0 12:32 ?        00:00:00 [kthreadd]
root         4     2  0 12:32 ?        00:00:00 [kworker/0:0H]
root         6     2  0 12:32 ?        00:00:00 [ksoftirqd/0]
root         7     2  0 12:32 ?        00:00:00 [rcu_sched]
root         8     2  0 12:32 ?        00:00:00 [rcu_bh]
root         9     2  0 12:32 ?        00:00:00 [migration/0]
root        10     2  0 12:32 ?        00:00:00 [lru-add-drain]
root        11     2  0 12:32 ?        00:00:00 [watchdog/0]
root        12     2  0 12:32 ?        00:00:00 [cpuhp/0]
root        13     2  0 12:32 ?        00:00:00 [kdevtmpfs]
root        14     2  0 12:32 ?        00:00:00 [netns]
root        15     2  0 12:32 ?        00:00:00 [khungtaskd]
root        16     2  0 12:32 ?        00:00:00 [oom_reaper]
root        17     2  0 12:32 ?        00:00:00 [writeback]
root        18     2  0 12:32 ?        00:00:00 [kcompactd0]
root        19     2  0 12:32 ?        00:00:00 [ksmd]
root        20     2  0 12:32 ?        00:00:00 [khugepaged]
root        21     2  0 12:32 ?        00:00:00 [crypto]
root        22     2  0 12:32 ?        00:00:00 [kintegrityd]
root        23     2  0 12:32 ?        00:00:00 [bioset]
root        24     2  0 12:32 ?        00:00:00 [kblockd]
root        25     2  0 12:32 ?        00:00:00 [ata_sff]
root        26     2  0 12:32 ?        00:00:00 [md]
root        27     2  0 12:32 ?        00:00:00 [devfreq_wq]
root        28     2  0 12:32 ?        00:00:00 [watchdogd]
root        32     2  0 12:32 ?        00:00:00 [kauditd]
root        33     2  0 12:32 ?        00:00:00 [kswapd0]
root        34     2  0 12:32 ?        00:00:00 [vmstat]
root        35     2  0 12:32 ?        00:00:00 [bioset]
root        36     2  0 12:32 ?        00:00:00 [ecryptfs-kthrea]
root        76     2  0 12:32 ?        00:00:00 [kthrotld]
root        77     2  0 12:32 ?        00:00:00 [acpi_thermal_pm]
root        78     2  0 12:32 ?        00:00:00 [bioset]
root        79     2  0 12:32 ?        00:00:00 [bioset]
root        80     2  0 12:32 ?        00:00:00 [bioset]
root        81     2  0 12:32 ?        00:00:00 [bioset]
root        82     2  0 12:32 ?        00:00:00 [bioset]
root        83     2  0 12:32 ?        00:00:00 [bioset]
root        84     2  0 12:32 ?        00:00:00 [bioset]
root        85     2  0 12:32 ?        00:00:00 [bioset]
root        86     2  0 12:32 ?        00:00:00 [scsi_eh_0]
root        87     2  0 12:32 ?        00:00:00 [scsi_tmf_0]
root        88     2  0 12:32 ?        00:00:00 [scsi_eh_1]
root        89     2  0 12:32 ?        00:00:00 [scsi_tmf_1]
root        95     2  0 12:32 ?        00:00:00 [ipv6_addrconf]
root       116     2  0 12:32 ?        00:00:00 [charger_manager]
root       117     2  0 12:32 ?        00:00:00 [bioset]
root       184     2  0 12:32 ?        00:00:00 [kworker/0:1H]
root       203     2  0 12:32 ?        00:00:00 [scsi_eh_2]
root       204     2  0 12:32 ?        00:00:00 [scsi_tmf_2]
root       205     2  0 12:32 ?        00:00:00 [bioset]
root       280     2  0 12:32 ?        00:00:00 [raid5wq]
root       311     2  0 12:32 ?        00:00:00 [bioset]
root       337     2  0 12:32 ?        00:00:00 [jbd2/sda1-8]
root       338     2  0 12:32 ?        00:00:00 [ext4-rsv-conver]
root       392     1  0 12:32 ?        00:00:00 /lib/systemd/systemd-journald
root       410     1  0 12:32 ?        00:00:00 /lib/systemd/systemd-udevd
root       412     1  0 12:32 ?        00:00:00 /sbin/lvmetad -f
root       418     2  0 12:32 ?        00:00:00 [iscsi_eh]
root       419     2  0 12:32 ?        00:00:00 [kworker/u3:0]
root       420     2  0 12:32 ?        00:00:00 [ib-comp-wq]
root       421     2  0 12:32 ?        00:00:00 [ib_addr]
root       422     2  0 12:32 ?        00:00:00 [ib_mcast]
root       423     2  0 12:32 ?        00:00:00 [ib_nl_sa_wq]
root       424     2  0 12:32 ?        00:00:00 [ib_cm]
root       425     2  0 12:32 ?        00:00:00 [iw_cm_wq]
root       426     2  0 12:32 ?        00:00:00 [rdma_cm]
root       481     2  0 12:32 ?        00:00:00 [iprt-VBoxWQueue]
root       483     2  0 12:32 ?        00:00:00 [ttm_swap]
systemd+   531     1  0 12:32 ?        00:00:00 /lib/systemd/systemd-timesyncd
daemon     858     1  0 12:32 ?        00:00:00 /usr/sbin/atd -f
root       859     1  0 12:32 ?        00:00:00 /sbin/dhclient -1 -v -pf /run/dhclient.enp0s3.pid -lf /var/lib/dhcp/dhclient.enp0s3.leases -I -df /var/lib/dhcp/dhclient6.enp0s3.leases enp0s3
message+   860     1  0 12:32 ?        00:00:00 /usr/bin/dbus-daemon --system --address=systemd: --nofork --nopidfile --systemd-activation
avahi      867     1  0 12:32 ?        00:00:00 avahi-daemon: running [yunitvm.local]
root       868     1  0 12:32 ?        00:00:00 /usr/sbin/repowerd
avahi      878   867  0 12:32 ?        00:00:00 avahi-daemon: chroot helper
root       882     1  0 12:32 ?        00:00:00 /lib/systemd/systemd-logind
syslog     885     1  0 12:32 ?        00:00:00 /usr/sbin/rsyslogd -n
root       891     1  0 12:32 ?        00:00:00 /usr/bin/lxcfs /var/lib/lxcfs/
root       923     1  0 12:32 ?        00:00:00 /usr/sbin/acpid
root       939     1  0 12:32 ?        00:00:00 /usr/sbin/cron -f
root       941     1  0 12:32 ?        00:00:00 /usr/lib/accountsservice/accounts-daemon
root       942     1  0 12:32 ?        00:00:00 /usr/sbin/cupsd -l
root       945     1  0 12:32 ?        00:00:00 /usr/sbin/NetworkManager --no-daemon
root       946     1  0 12:32 ?        00:00:00 /usr/sbin/ModemManager
root       953     1  0 12:32 ?        00:00:00 /usr/lib/snapd/snapd
root       975     1  0 12:32 ?        00:00:00 /sbin/mdadm --monitor --pid-file /run/mdadm/monitor.pid --daemonise --scan --syslog
root       991     1  0 12:32 ?        00:00:01 /usr/lib/upower/upowerd
root       992     1  0 12:32 ?        00:00:00 /usr/lib/policykit-1/polkitd --no-debug
root       993     1  0 12:32 ?        00:00:00 /usr/sbin/cups-browsed
root      1101     1  0 12:32 ?        00:00:00 /usr/sbin/sshd -D
root      1117     1  0 12:32 ?        00:00:00 /sbin/iscsid
root      1118     1  0 12:32 ?        00:00:01 /sbin/iscsid
root      1154     1  0 12:32 tty1     00:00:00 /sbin/agetty --noclear tty1 linux
root      1162     1  0 12:32 ?        00:00:00 /usr/sbin/lightdm
root      1185  1162  0 12:32 tty7     00:00:06 /usr/sbin/unity-system-compositor --disable-inactivity-policy=true --on-fatal-error-abort --file /run/mir_socket --from-dm-fd 11 --to-dm-fd 14 --vt 7
lightdm   1240     1  0 12:32 ?        00:00:00 /lib/systemd/systemd --user
lightdm   1241  1240  0 12:32 ?        00:00:00 (sd-pam)
lightdm   1262  1240  0 12:32 ?        00:00:00 /usr/bin/dbus-daemon --session --address=systemd: --nofork --nopidfile --systemd-activation
lightdm   1339     1  0 12:32 ?        00:00:00 /usr/bin/telephony-service-handler
root      1412     1  0 12:32 ?        00:00:00 /usr/lib/x86_64-linux-gnu/unity-greeter-session-broadcast/unity-greeter-session-broadcast-service
root      1445  1162  0 12:33 ?        00:00:00 lightdm --session-child 11 20
usermet+  1451     1  0 12:33 ?        00:00:00 /usr/lib/x86_64-linux-gnu/libusermetrics/usermetricsservice
rtkit     1577     1  0 12:33 ?        00:00:00 /usr/lib/rtkit/rtkit-daemon
yunit     1606     1  0 12:33 ?        00:00:00 /lib/systemd/systemd --user
yunit     1607  1606  0 12:33 ?        00:00:00 (sd-pam)
yunit     1615  1606  0 12:33 ?        00:00:00 /usr/bin/dbus-daemon --session --address=systemd: --nofork --nopidfile --systemd-activation
yunit     1640     1  0 12:33 ?        00:00:00 /usr/bin/gnome-keyring-daemon --daemonize --login
yunit     1641  1445  0 12:33 ?        00:00:01 upstart --user
yunit     1655  1641  0 12:33 ?        00:00:00 upstart-udev-bridge --daemon --user
yunit     1658  1641  0 12:33 ?        00:00:00 dbus-daemon --fork --session --address=unix:abstract=/tmp/dbus-lsrk6yiUde
yunit     1669  1641  0 12:33 ?        00:00:00 /usr/bin/mediascanner-service-2.0
yunit     1702  1641  0 12:33 ?        00:00:00 upstart-dbus-bridge --daemon --session --user --bus-name session
yunit     1703  1641  0 12:33 ?        00:00:00 upstart-dbus-bridge --daemon --system --user --bus-name system
yunit     1704  1641  0 12:33 ?        00:00:00 upstart-file-bridge --daemon --user
yunit     1735  1641  0 12:33 ?        00:00:00 gpg-agent --homedir /home/yunit/.gnupg --use-standard-socket --daemon
yunit     1761  1641  5 12:33 ?        00:04:03 unity8 --mode=full-shell
yunit     1778  1641  0 12:33 ?        00:00:00 /usr/lib/dconf/dconf-service
yunit     1782  1641  0 12:33 ?        00:00:00 /usr/bin/telephony-service-handler
yunit     1785  1641  0 12:33 ?        00:00:00 /usr/lib/telepathy/mission-control-5
yunit     1791  1641  0 12:33 ?        00:00:00 /usr/lib/x86_64-linux-gnu/thumbnailer/thumbnailer-service
yunit     1805  1641  0 12:33 ?        00:00:01 /usr/lib/x86_64-linux-gnu/indicator-display/indicator-display-service
yunit     1806  1641  0 12:33 ?        00:00:00 /usr/lib/x86_64-linux-gnu/indicator-messages/indicator-messages-service
yunit     1807  1641  0 12:33 ?        00:00:00 /usr/lib/x86_64-linux-gnu/indicator-bluetooth/indicator-bluetooth-service
yunit     1808  1641  0 12:33 ?        00:00:00 /usr/lib/x86_64-linux-gnu/indicator-location/indicator-location-service
yunit     1809  1641  0 12:33 ?        00:00:00 /usr/lib/x86_64-linux-gnu/indicator-power/indicator-power-service
yunit     1810  1641  0 12:33 ?        00:00:00 /usr/lib/x86_64-linux-gnu/indicator-datetime/indicator-datetime-service
yunit     1811  1641  0 12:33 ?        00:00:00 /usr/lib/x86_64-linux-gnu/indicator-keyboard/indicator-keyboard-service --use-gtk
yunit     1813  1641  0 12:33 ?        00:00:00 /usr/lib/x86_64-linux-gnu/address-book-service/address-book-service
yunit     1839  1641  0 12:33 ?        00:00:00 /usr/lib/x86_64-linux-gnu/indicator-sound/indicator-sound-service
yunit     1841  1641  0 12:33 ?        00:00:00 /usr/lib/x86_64-linux-gnu/indicator-session/indicator-session-service
yunit     1872  1641  0 12:33 ?        00:00:00 /bin/sh -e /proc/self/fd/9
yunit     1875  1641  0 12:33 ?        00:00:00 /usr/lib/evolution/evolution-source-registry
yunit     1876  1641  0 12:33 ?        00:00:01 //usr/lib/x86_64-linux-gnu/unity-scopes/smartscopesproxy upstart
yunit     1877  1641  0 12:33 ?        00:00:00 /usr/lib/x86_64-linux-gnu/policykit-unity8/policykit-agent
yunit     1880  1641  0 12:33 ?        00:00:02 maliit-server
yunit     1884  1641  0 12:33 ?        00:00:00 /usr/bin/pulseaudio --start --log-target=syslog
yunit     1898  1641  0 12:33 ?        00:00:00 /usr/lib/x86_64-linux-gnu/indicator-application/indicator-application-service
yunit     1901  1641  0 12:33 ?        00:00:00 /usr/lib/x86_64-linux-gnu/indicator-transfer/indicator-transfer-service
yunit     1914  1641  0 12:33 ?        00:00:00 /usr/bin/python3 /usr/bin/libertined --cache-output
yunit     1915  1872  0 12:33 ?        00:00:00 /usr/lib/x86_64-linux-gnu/url-dispatcher/url-dispatcher
yunit     1916  1641  0 12:33 ?        00:00:00 /usr/lib/x86_64-linux-gnu/indicator-network/indicator-network-secret-agent
yunit     1963  1641  0 12:33 ?        00:00:00 /usr/lib/x86_64-linux-gnu/indicator-network/indicator-network-service
yunit     2018  1641  0 12:33 ?        00:00:00 //usr/lib/x86_64-linux-gnu/unity-scopes/scoperegistry
yunit     2032  1641  0 12:33 ?        00:00:00 /usr/lib/evolution/evolution-addressbook-factory
yunit     2089  2032  0 12:33 ?        00:00:00 /usr/lib/evolution/evolution-addressbook-factory-subprocess --factory local --bus-name org.gnome.evolution.dataserver.Subprocess.Backend.AddressBookx203
yunit     2131  1641  0 12:33 ?        00:00:00 /usr/lib/evolution/evolution-calendar-factory
yunit     2139  1641  0 12:33 ?        00:00:00 /usr/bin/content-hub-service
yunit     2204  2131  0 12:33 ?        00:00:00 /usr/lib/evolution/evolution-calendar-factory-subprocess --factory contacts --bus-name org.gnome.evolution.dataserver.Subprocess.Backend.Calendarx2131x2
yunit     2228  2131  0 12:33 ?        00:00:00 /usr/lib/evolution/evolution-calendar-factory-subprocess --factory local --bus-name org.gnome.evolution.dataserver.Subprocess.Backend.Calendarx2131x3 --
root      3176     2  0 12:47 ?        00:00:00 [kworker/0:0]
root      3425     2  0 13:02 ?        00:00:01 [kworker/0:2]
root      3429  1101  0 13:02 ?        00:00:00 sshd: yunit [priv]
yunit     3459  3429  0 13:02 ?        00:00:01 sshd: yunit@pts/2
yunit     3460  3459  0 13:02 pts/2    00:00:00 -bash
yunit     3785  1606  0 13:21 ?        00:00:00 /usr/bin/python3 /usr/bin/libertined --cache-output
yunit     3790  1606  0 13:21 ?        00:00:00 /usr/bin/content-hub-service
yunit     3802  1606  0 13:21 ?        00:00:00 /usr/lib/dconf/dconf-service
root      3935     2  0 13:26 ?        00:00:00 [kworker/u2:2]
root      4171     2  0 13:42 ?        00:00:00 [kworker/u2:0]
root      4362     2  0 13:49 ?        00:00:00 [kworker/u2:1]
root      4420     2  0 13:50 ?        00:00:00 [kworker/0:1]
yunit     4492  3460  0 13:51 pts/2    00:00:00 ps -ef
yunit@yunitvm:~$ ps -ef
UID        PID  PPID  C STIME TTY          TIME CMD
root         1     0  0 12:32 ?        00:00:01 /sbin/init
root         2     0  0 12:32 ?        00:00:00 [kthreadd]
root         4     2  0 12:32 ?        00:00:00 [kworker/0:0H]
root         6     2  0 12:32 ?        00:00:00 [ksoftirqd/0]
root         7     2  0 12:32 ?        00:00:00 [rcu_sched]
root         8     2  0 12:32 ?        00:00:00 [rcu_bh]
root         9     2  0 12:32 ?        00:00:00 [migration/0]
root        10     2  0 12:32 ?        00:00:00 [lru-add-drain]
root        11     2  0 12:32 ?        00:00:00 [watchdog/0]
root        12     2  0 12:32 ?        00:00:00 [cpuhp/0]
root        13     2  0 12:32 ?        00:00:00 [kdevtmpfs]
root        14     2  0 12:32 ?        00:00:00 [netns]
root        15     2  0 12:32 ?        00:00:00 [khungtaskd]
root        16     2  0 12:32 ?        00:00:00 [oom_reaper]
root        17     2  0 12:32 ?        00:00:00 [writeback]
root        18     2  0 12:32 ?        00:00:00 [kcompactd0]
root        19     2  0 12:32 ?        00:00:00 [ksmd]
root        20     2  0 12:32 ?        00:00:00 [khugepaged]
root        21     2  0 12:32 ?        00:00:00 [crypto]
root        22     2  0 12:32 ?        00:00:00 [kintegrityd]
root        23     2  0 12:32 ?        00:00:00 [bioset]
root        24     2  0 12:32 ?        00:00:00 [kblockd]
root        25     2  0 12:32 ?        00:00:00 [ata_sff]
root        26     2  0 12:32 ?        00:00:00 [md]
root        27     2  0 12:32 ?        00:00:00 [devfreq_wq]
root        28     2  0 12:32 ?        00:00:00 [watchdogd]
root        32     2  0 12:32 ?        00:00:00 [kauditd]
root        33     2  0 12:32 ?        00:00:00 [kswapd0]
root        34     2  0 12:32 ?        00:00:00 [vmstat]
root        35     2  0 12:32 ?        00:00:00 [bioset]
root        36     2  0 12:32 ?        00:00:00 [ecryptfs-kthrea]
root        76     2  0 12:32 ?        00:00:00 [kthrotld]
root        77     2  0 12:32 ?        00:00:00 [acpi_thermal_pm]
root        78     2  0 12:32 ?        00:00:00 [bioset]
root        79     2  0 12:32 ?        00:00:00 [bioset]
root        80     2  0 12:32 ?        00:00:00 [bioset]
root        81     2  0 12:32 ?        00:00:00 [bioset]
root        82     2  0 12:32 ?        00:00:00 [bioset]
root        83     2  0 12:32 ?        00:00:00 [bioset]
root        84     2  0 12:32 ?        00:00:00 [bioset]
root        85     2  0 12:32 ?        00:00:00 [bioset]
root        86     2  0 12:32 ?        00:00:00 [scsi_eh_0]
root        87     2  0 12:32 ?        00:00:00 [scsi_tmf_0]
root        88     2  0 12:32 ?        00:00:00 [scsi_eh_1]
root        89     2  0 12:32 ?        00:00:00 [scsi_tmf_1]
root        95     2  0 12:32 ?        00:00:00 [ipv6_addrconf]
root       116     2  0 12:32 ?        00:00:00 [charger_manager]
root       117     2  0 12:32 ?        00:00:00 [bioset]
root       184     2  0 12:32 ?        00:00:00 [kworker/0:1H]
root       203     2  0 12:32 ?        00:00:00 [scsi_eh_2]
root       204     2  0 12:32 ?        00:00:00 [scsi_tmf_2]
root       205     2  0 12:32 ?        00:00:00 [bioset]
root       280     2  0 12:32 ?        00:00:00 [raid5wq]
root       311     2  0 12:32 ?        00:00:00 [bioset]
root       337     2  0 12:32 ?        00:00:00 [jbd2/sda1-8]
root       338     2  0 12:32 ?        00:00:00 [ext4-rsv-conver]
root       392     1  0 12:32 ?        00:00:00 /lib/systemd/systemd-journald
root       410     1  0 12:32 ?        00:00:00 /lib/systemd/systemd-udevd
root       412     1  0 12:32 ?        00:00:00 /sbin/lvmetad -f
root       418     2  0 12:32 ?        00:00:00 [iscsi_eh]
root       419     2  0 12:32 ?        00:00:00 [kworker/u3:0]
root       420     2  0 12:32 ?        00:00:00 [ib-comp-wq]
root       421     2  0 12:32 ?        00:00:00 [ib_addr]
root       422     2  0 12:32 ?        00:00:00 [ib_mcast]
root       423     2  0 12:32 ?        00:00:00 [ib_nl_sa_wq]
root       424     2  0 12:32 ?        00:00:00 [ib_cm]
root       425     2  0 12:32 ?        00:00:00 [iw_cm_wq]
root       426     2  0 12:32 ?        00:00:00 [rdma_cm]
root       481     2  0 12:32 ?        00:00:00 [iprt-VBoxWQueue]
root       483     2  0 12:32 ?        00:00:00 [ttm_swap]
systemd+   531     1  0 12:32 ?        00:00:00 /lib/systemd/systemd-timesyncd
daemon     858     1  0 12:32 ?        00:00:00 /usr/sbin/atd -f
root       859     1  0 12:32 ?        00:00:00 /sbin/dhclient -1 -v -pf /run/dhclient.enp0s3.pid -lf /var/lib/dhcp/dhclient.enp0s3.leases -I -df /var/lib/dhcp/dhclient6.enp0s3.leases enp0s3
message+   860     1  0 12:32 ?        00:00:00 /usr/bin/dbus-daemon --system --address=systemd: --nofork --nopidfile --systemd-activation
avahi      867     1  0 12:32 ?        00:00:00 avahi-daemon: running [yunitvm.local]
root       868     1  0 12:32 ?        00:00:00 /usr/sbin/repowerd
avahi      878   867  0 12:32 ?        00:00:00 avahi-daemon: chroot helper
root       882     1  0 12:32 ?        00:00:00 /lib/systemd/systemd-logind
syslog     885     1  0 12:32 ?        00:00:00 /usr/sbin/rsyslogd -n
root       891     1  0 12:32 ?        00:00:00 /usr/bin/lxcfs /var/lib/lxcfs/
root       923     1  0 12:32 ?        00:00:00 /usr/sbin/acpid
root       939     1  0 12:32 ?        00:00:00 /usr/sbin/cron -f
root       941     1  0 12:32 ?        00:00:00 /usr/lib/accountsservice/accounts-daemon
root       942     1  0 12:32 ?        00:00:00 /usr/sbin/cupsd -l
root       945     1  0 12:32 ?        00:00:00 /usr/sbin/NetworkManager --no-daemon
root       946     1  0 12:32 ?        00:00:00 /usr/sbin/ModemManager
root       953     1  0 12:32 ?        00:00:00 /usr/lib/snapd/snapd
root       975     1  0 12:32 ?        00:00:00 /sbin/mdadm --monitor --pid-file /run/mdadm/monitor.pid --daemonise --scan --syslog
root       991     1  0 12:32 ?        00:00:01 /usr/lib/upower/upowerd
root       992     1  0 12:32 ?        00:00:00 /usr/lib/policykit-1/polkitd --no-debug
root       993     1  0 12:32 ?        00:00:00 /usr/sbin/cups-browsed
root      1101     1  0 12:32 ?        00:00:00 /usr/sbin/sshd -D
root      1117     1  0 12:32 ?        00:00:00 /sbin/iscsid
root      1118     1  0 12:32 ?        00:00:01 /sbin/iscsid
root      1154     1  0 12:32 tty1     00:00:00 /sbin/agetty --noclear tty1 linux
root      1162     1  0 12:32 ?        00:00:00 /usr/sbin/lightdm
root      1185  1162  0 12:32 tty7     00:00:06 /usr/sbin/unity-system-compositor --disable-inactivity-policy=true --on-fatal-error-abort --file /run/mir_socket --from-dm-fd 11 --to-dm-fd 14 --vt 7
lightdm   1240     1  0 12:32 ?        00:00:00 /lib/systemd/systemd --user
lightdm   1241  1240  0 12:32 ?        00:00:00 (sd-pam)
lightdm   1262  1240  0 12:32 ?        00:00:00 /usr/bin/dbus-daemon --session --address=systemd: --nofork --nopidfile --systemd-activation
lightdm   1339     1  0 12:32 ?        00:00:00 /usr/bin/telephony-service-handler
root      1412     1  0 12:32 ?        00:00:00 /usr/lib/x86_64-linux-gnu/unity-greeter-session-broadcast/unity-greeter-session-broadcast-service
root      1445  1162  0 12:33 ?        00:00:00 lightdm --session-child 11 20
usermet+  1451     1  0 12:33 ?        00:00:00 /usr/lib/x86_64-linux-gnu/libusermetrics/usermetricsservice
rtkit     1577     1  0 12:33 ?        00:00:00 /usr/lib/rtkit/rtkit-daemon
yunit     1606     1  0 12:33 ?        00:00:00 /lib/systemd/systemd --user
yunit     1607  1606  0 12:33 ?        00:00:00 (sd-pam)
yunit     1615  1606  0 12:33 ?        00:00:00 /usr/bin/dbus-daemon --session --address=systemd: --nofork --nopidfile --systemd-activation
yunit     1640     1  0 12:33 ?        00:00:00 /usr/bin/gnome-keyring-daemon --daemonize --login
yunit     1641  1445  0 12:33 ?        00:00:01 upstart --user
yunit     1655  1641  0 12:33 ?        00:00:00 upstart-udev-bridge --daemon --user
yunit     1658  1641  0 12:33 ?        00:00:00 dbus-daemon --fork --session --address=unix:abstract=/tmp/dbus-lsrk6yiUde
yunit     1669  1641  0 12:33 ?        00:00:00 /usr/bin/mediascanner-service-2.0
yunit     1702  1641  0 12:33 ?        00:00:00 upstart-dbus-bridge --daemon --session --user --bus-name session
yunit     1703  1641  0 12:33 ?        00:00:00 upstart-dbus-bridge --daemon --system --user --bus-name system
yunit     1704  1641  0 12:33 ?        00:00:00 upstart-file-bridge --daemon --user
yunit     1735  1641  0 12:33 ?        00:00:00 gpg-agent --homedir /home/yunit/.gnupg --use-standard-socket --daemon
yunit     1761  1641  5 12:33 ?        00:04:08 unity8 --mode=full-shell
yunit     1778  1641  0 12:33 ?        00:00:00 /usr/lib/dconf/dconf-service
yunit     1782  1641  0 12:33 ?        00:00:00 /usr/bin/telephony-service-handler
yunit     1785  1641  0 12:33 ?        00:00:00 /usr/lib/telepathy/mission-control-5
yunit     1791  1641  0 12:33 ?        00:00:00 /usr/lib/x86_64-linux-gnu/thumbnailer/thumbnailer-service
yunit     1805  1641  0 12:33 ?        00:00:01 /usr/lib/x86_64-linux-gnu/indicator-display/indicator-display-service
yunit     1806  1641  0 12:33 ?        00:00:00 /usr/lib/x86_64-linux-gnu/indicator-messages/indicator-messages-service
yunit     1807  1641  0 12:33 ?        00:00:00 /usr/lib/x86_64-linux-gnu/indicator-bluetooth/indicator-bluetooth-service
yunit     1808  1641  0 12:33 ?        00:00:00 /usr/lib/x86_64-linux-gnu/indicator-location/indicator-location-service
yunit     1809  1641  0 12:33 ?        00:00:00 /usr/lib/x86_64-linux-gnu/indicator-power/indicator-power-service
yunit     1810  1641  0 12:33 ?        00:00:00 /usr/lib/x86_64-linux-gnu/indicator-datetime/indicator-datetime-service
yunit     1811  1641  0 12:33 ?        00:00:00 /usr/lib/x86_64-linux-gnu/indicator-keyboard/indicator-keyboard-service --use-gtk
yunit     1813  1641  0 12:33 ?        00:00:00 /usr/lib/x86_64-linux-gnu/address-book-service/address-book-service
yunit     1839  1641  0 12:33 ?        00:00:00 /usr/lib/x86_64-linux-gnu/indicator-sound/indicator-sound-service
yunit     1841  1641  0 12:33 ?        00:00:00 /usr/lib/x86_64-linux-gnu/indicator-session/indicator-session-service
yunit     1872  1641  0 12:33 ?        00:00:00 /bin/sh -e /proc/self/fd/9
yunit     1875  1641  0 12:33 ?        00:00:00 /usr/lib/evolution/evolution-source-registry
yunit     1876  1641  0 12:33 ?        00:00:01 //usr/lib/x86_64-linux-gnu/unity-scopes/smartscopesproxy upstart
yunit     1877  1641  0 12:33 ?        00:00:00 /usr/lib/x86_64-linux-gnu/policykit-unity8/policykit-agent
yunit     1880  1641  0 12:33 ?        00:00:02 maliit-server
yunit     1884  1641  0 12:33 ?        00:00:00 /usr/bin/pulseaudio --start --log-target=syslog
yunit     1898  1641  0 12:33 ?        00:00:00 /usr/lib/x86_64-linux-gnu/indicator-application/indicator-application-service
yunit     1901  1641  0 12:33 ?        00:00:00 /usr/lib/x86_64-linux-gnu/indicator-transfer/indicator-transfer-service
yunit     1914  1641  0 12:33 ?        00:00:00 /usr/bin/python3 /usr/bin/libertined --cache-output
yunit     1915  1872  0 12:33 ?        00:00:00 /usr/lib/x86_64-linux-gnu/url-dispatcher/url-dispatcher
yunit     1916  1641  0 12:33 ?        00:00:00 /usr/lib/x86_64-linux-gnu/indicator-network/indicator-network-secret-agent
yunit     1963  1641  0 12:33 ?        00:00:00 /usr/lib/x86_64-linux-gnu/indicator-network/indicator-network-service
yunit     2018  1641  0 12:33 ?        00:00:00 //usr/lib/x86_64-linux-gnu/unity-scopes/scoperegistry
yunit     2032  1641  0 12:33 ?        00:00:00 /usr/lib/evolution/evolution-addressbook-factory
yunit     2089  2032  0 12:33 ?        00:00:00 /usr/lib/evolution/evolution-addressbook-factory-subprocess --factory local --bus-name org.gnome.evolution.dataserver.Subprocess.Backend.AddressBookx203
yunit     2131  1641  0 12:33 ?        00:00:00 /usr/lib/evolution/evolution-calendar-factory
yunit     2139  1641  0 12:33 ?        00:00:00 /usr/bin/content-hub-service
yunit     2204  2131  0 12:33 ?        00:00:00 /usr/lib/evolution/evolution-calendar-factory-subprocess --factory contacts --bus-name org.gnome.evolution.dataserver.Subprocess.Backend.Calendarx2131x2
yunit     2228  2131  0 12:33 ?        00:00:00 /usr/lib/evolution/evolution-calendar-factory-subprocess --factory local --bus-name org.gnome.evolution.dataserver.Subprocess.Backend.Calendarx2131x3 --
root      3176     2  0 12:47 ?        00:00:00 [kworker/0:0]
root      3425     2  0 13:02 ?        00:00:01 [kworker/0:2]
root      3429  1101  0 13:02 ?        00:00:00 sshd: yunit [priv]
yunit     3459  3429  0 13:02 ?        00:00:01 sshd: yunit@pts/2
yunit     3460  3459  0 13:02 pts/2    00:00:00 -bash
yunit     3785  1606  0 13:21 ?        00:00:00 /usr/bin/python3 /usr/bin/libertined --cache-output
yunit     3790  1606  0 13:21 ?        00:00:00 /usr/bin/content-hub-service
yunit     3802  1606  0 13:21 ?        00:00:00 /usr/lib/dconf/dconf-service
root      3935     2  0 13:26 ?        00:00:00 [kworker/u2:2]
root      4171     2  0 13:42 ?        00:00:00 [kworker/u2:0]
root      4362     2  0 13:49 ?        00:00:00 [kworker/u2:1]
root      4420     2  0 13:50 ?        00:00:00 [kworker/0:1]
yunit     4496  1606  9 13:51 ?        00:00:00 /usr/lib/x86_64-linux-gnu/qt5/bin/qmlscene /usr/share/ubuntu-calculator-app/ubuntu-calculator-app.qml
yunit     4510  3460  0 13:51 pts/2    00:00:00 ps -ef
yunit@yunitvm:~$ dmesg tail
[    0.000000] Linux version 4.10.0-38-generic (buildd@lgw01-amd64-059) (gcc version 5.4.0 20160609 (Ubuntu 5.4.0-6ubuntu1~16.04.4) ) #42~16.04.1-Ubuntu SMP Tue Oct 10 16:32:20 UTC 2017 (Ubuntu 4.10.0-38.42~16.04.1-generic 4.10.17)
[    0.000000] Command line: BOOT_IMAGE=/boot/vmlinuz-4.10.0-38-generic root=UUID=8423048d-50c8-4474-b381-c3049768e04e ro
[    0.000000] KERNEL supported cpus:
[    0.000000]   Intel GenuineIntel
[    0.000000]   AMD AuthenticAMD
[    0.000000]   Centaur CentaurHauls
[    0.000000] ------------[ cut here ]------------
[    0.000000] WARNING: CPU: 0 PID: 0 at /build/linux-hwe-lyR8gz/linux-hwe-4.10.0/arch/x86/kernel/fpu/xstate.c:595 fpu__init_system_xstate+0x36d/0x99e
[    0.000000] XSAVE consistency problem, dumping leaves
[    0.000000] Modules linked in:
[    0.000000] CPU: 0 PID: 0 Comm: swapper Not tainted 4.10.0-38-generic #42~16.04.1-Ubuntu
[    0.000000] Call Trace:
[    0.000000]  dump_stack+0x63/0x90
[    0.000000]  __warn+0xcb/0xf0
[    0.000000]  warn_slowpath_fmt+0x5f/0x80
[    0.000000]  ? xfeature_size+0x59/0x77
[    0.000000]  fpu__init_system_xstate+0x36d/0x99e
[    0.000000]  ? early_idt_handler_array+0x120/0x120
[    0.000000]  fpu__init_system+0x1d7/0x26b
[    0.000000]  early_cpu_init+0x139/0x13e
[    0.000000]  ? early_cpu_init+0x139/0x13e
[    0.000000]  setup_arch+0xb4/0xcdb
[    0.000000]  ? early_idt_handler_array+0x120/0x120
[    0.000000]  start_kernel+0xb2/0x4a3
[    0.000000]  ? early_idt_handler_array+0x120/0x120
[    0.000000]  x86_64_start_reservations+0x24/0x26
[    0.000000]  x86_64_start_kernel+0x143/0x166
[    0.000000]  start_cpu+0x14/0x14
[    0.000000] ---[ end trace 0a736b706fed1049 ]---
[    0.000000] CPUID[0d, 00]: eax=00000007 ebx=00000440 ecx=00000440 edx=00000000
[    0.000000] CPUID[0d, 01]: eax=00000000 ebx=000003c0 ecx=00000000 edx=00000000
[    0.000000] CPUID[0d, 02]: eax=00000100 ebx=00000240 ecx=00000000 edx=00000000
[    0.000000] CPUID[0d, 03]: eax=00000000 ebx=00000000 ecx=00000000 edx=00000000
[    0.000000] CPUID[0d, 04]: eax=00000000 ebx=00000000 ecx=00000000 edx=00000000
[    0.000000] CPUID[0d, 05]: eax=00000000 ebx=00000000 ecx=00000000 edx=00000000
[    0.000000] CPUID[0d, 06]: eax=00000000 ebx=00000000 ecx=00000000 edx=00000000
[    0.000000] CPUID[0d, 07]: eax=00000000 ebx=00000000 ecx=00000000 edx=00000000
[    0.000000] CPUID[0d, 08]: eax=00000000 ebx=00000000 ecx=00000000 edx=00000000
[    0.000000] CPUID[0d, 09]: eax=00000000 ebx=00000000 ecx=00000000 edx=00000000
[    0.000000] CPUID[0d, 0a]: eax=00000000 ebx=00000000 ecx=00000000 edx=00000000
[    0.000000] CPUID[0d, 0b]: eax=00000000 ebx=00000000 ecx=00000000 edx=00000000
[    0.000000] CPUID[0d, 0c]: eax=00000000 ebx=00000000 ecx=00000000 edx=00000000
[    0.000000] CPUID[0d, 0d]: eax=00000000 ebx=00000000 ecx=00000000 edx=00000000
[    0.000000] CPUID[0d, 0e]: eax=00000000 ebx=00000000 ecx=00000000 edx=00000000
[    0.000000] CPUID[0d, 0f]: eax=00000000 ebx=00000000 ecx=00000000 edx=00000000
[    0.000000] CPUID[0d, 10]: eax=00000000 ebx=00000000 ecx=00000000 edx=00000000
[    0.000000] CPUID[0d, 11]: eax=00000000 ebx=00000000 ecx=00000000 edx=00000000
[    0.000000] CPUID[0d, 12]: eax=00000000 ebx=00000000 ecx=00000000 edx=00000000
[    0.000000] CPUID[0d, 13]: eax=00000000 ebx=00000000 ecx=00000000 edx=00000000
[    0.000000] x86/fpu: Supporting XSAVE feature 0x001: 'x87 floating point registers'
[    0.000000] x86/fpu: Supporting XSAVE feature 0x002: 'SSE registers'
[    0.000000] x86/fpu: Supporting XSAVE feature 0x004: 'AVX registers'
[    0.000000] x86/fpu: xstate_offset[2]:  576, xstate_sizes[2]:  256
[    0.000000] x86/fpu: Enabled xstate features 0x7, context size is 1088 bytes, using 'standard' format.
[    0.000000] e820: BIOS-provided physical RAM map:
[    0.000000] BIOS-e820: [mem 0x0000000000000000-0x000000000009fbff] usable
[    0.000000] BIOS-e820: [mem 0x000000000009fc00-0x000000000009ffff] reserved
[    0.000000] BIOS-e820: [mem 0x00000000000f0000-0x00000000000fffff] reserved
[    0.000000] BIOS-e820: [mem 0x0000000000100000-0x000000007ffeffff] usable
[    0.000000] BIOS-e820: [mem 0x000000007fff0000-0x000000007fffffff] ACPI data
[    0.000000] BIOS-e820: [mem 0x00000000fffc0000-0x00000000ffffffff] reserved
[    0.000000] NX (Execute Disable) protection: active
[    0.000000] SMBIOS 2.5 present.
[    0.000000] DMI: innotek GmbH VirtualBox/VirtualBox, BIOS VirtualBox 12/01/2006
[    0.000000] Hypervisor detected: KVM
[    0.000000] e820: update [mem 0x00000000-0x00000fff] usable ==> reserved
[    0.000000] e820: remove [mem 0x000a0000-0x000fffff] usable
[    0.000000] e820: last_pfn = 0x7fff0 max_arch_pfn = 0x400000000
[    0.000000] MTRR default type: uncachable
[    0.000000] MTRR variable ranges disabled:
[    0.000000] MTRR: Disabled
[    0.000000] x86/PAT: MTRRs disabled, skipping PAT initialization too.
[    0.000000] x86/PAT: Configuration [0-7]: WB  WT  UC- UC  WB  WT  UC- UC  
[    0.000000] CPU MTRRs all blank - virtualized system.
[    0.000000] found SMP MP-table at [mem 0x0009fff0-0x0009ffff] mapped at [ffff8f36c009fff0]
[    0.000000] Scanning 1 areas for low memory corruption
[    0.000000] Base memory trampoline at [ffff8f36c0099000] 99000 size 24576
[    0.000000] BRK [0x0b828000, 0x0b828fff] PGTABLE
[    0.000000] BRK [0x0b829000, 0x0b829fff] PGTABLE
[    0.000000] BRK [0x0b82a000, 0x0b82afff] PGTABLE
[    0.000000] BRK [0x0b82b000, 0x0b82bfff] PGTABLE
[    0.000000] BRK [0x0b82c000, 0x0b82cfff] PGTABLE
[    0.000000] BRK [0x0b82d000, 0x0b82dfff] PGTABLE
[    0.000000] RAMDISK: [mem 0x33094000-0x35841fff]
[    0.000000] ACPI: Early table checksum verification disabled
[    0.000000] ACPI: RSDP 0x00000000000E0000 000024 (v02 VBOX  )
[    0.000000] ACPI: XSDT 0x000000007FFF0030 00003C (v01 VBOX   VBOXXSDT 00000001 ASL  00000061)
[    0.000000] ACPI: FACP 0x000000007FFF00F0 0000F4 (v04 VBOX   VBOXFACP 00000001 ASL  00000061)
[    0.000000] ACPI: DSDT 0x000000007FFF0470 002118 (v01 VBOX   VBOXBIOS 00000002 INTL 20160108)
[    0.000000] ACPI: FACS 0x000000007FFF0200 000040
[    0.000000] ACPI: FACS 0x000000007FFF0200 000040
[    0.000000] ACPI: APIC 0x000000007FFF0240 000054 (v02 VBOX   VBOXAPIC 00000001 ASL  00000061)
[    0.000000] ACPI: SSDT 0x000000007FFF02A0 0001CC (v01 VBOX   VBOXCPUT 00000002 INTL 20160108)
[    0.000000] ACPI: Local APIC address 0xfee00000
[    0.000000] No NUMA configuration found
[    0.000000] Faking a node at [mem 0x0000000000000000-0x000000007ffeffff]
[    0.000000] NODE_DATA(0) allocated [mem 0x7ffc5000-0x7ffeffff]
[    0.000000] kvm-clock: Using msrs 4b564d01 and 4b564d00
[    0.000000] kvm-clock: cpu 0, msr 0:7ff45001, primary cpu clock
[    0.000000] kvm-clock: using sched offset of 8716557099861 cycles
[    0.000000] clocksource: kvm-clock: mask: 0xffffffffffffffff max_cycles: 0x1cd42e4dffb, max_idle_ns: 881590591483 ns
[    0.000000] Zone ranges:
[    0.000000]   DMA      [mem 0x0000000000001000-0x0000000000ffffff]
[    0.000000]   DMA32    [mem 0x0000000001000000-0x000000007ffeffff]
[    0.000000]   Normal   empty
[    0.000000]   Device   empty
[    0.000000] Movable zone start for each node
[    0.000000] Early memory node ranges
[    0.000000]   node   0: [mem 0x0000000000001000-0x000000000009efff]
[    0.000000]   node   0: [mem 0x0000000000100000-0x000000007ffeffff]
[    0.000000] Initmem setup node 0 [mem 0x0000000000001000-0x000000007ffeffff]
[    0.000000] On node 0 totalpages: 524174
[    0.000000]   DMA zone: 64 pages used for memmap
[    0.000000]   DMA zone: 21 pages reserved
[    0.000000]   DMA zone: 3998 pages, LIFO batch:0
[    0.000000]   DMA32 zone: 8128 pages used for memmap
[    0.000000]   DMA32 zone: 520176 pages, LIFO batch:31
[    0.000000] ACPI: PM-Timer IO Port: 0x4008
[    0.000000] ACPI: Local APIC address 0xfee00000
[    0.000000] IOAPIC[0]: apic_id 1, version 17, address 0xfec00000, GSI 0-23
[    0.000000] ACPI: INT_SRC_OVR (bus 0 bus_irq 0 global_irq 2 dfl dfl)
[    0.000000] ACPI: INT_SRC_OVR (bus 0 bus_irq 9 global_irq 9 high level)
[    0.000000] ACPI: IRQ0 used by override.
[    0.000000] ACPI: IRQ9 used by override.
[    0.000000] Using ACPI (MADT) for SMP configuration information
[    0.000000] smpboot: Allowing 1 CPUs, 0 hotplug CPUs
[    0.000000] PM: Registered nosave memory: [mem 0x00000000-0x00000fff]
[    0.000000] PM: Registered nosave memory: [mem 0x0009f000-0x0009ffff]
[    0.000000] PM: Registered nosave memory: [mem 0x000a0000-0x000effff]
[    0.000000] PM: Registered nosave memory: [mem 0x000f0000-0x000fffff]
[    0.000000] e820: [mem 0x80000000-0xfffbffff] available for PCI devices
[    0.000000] Booting paravirtualized kernel on KVM
[    0.000000] clocksource: refined-jiffies: mask: 0xffffffff max_cycles: 0xffffffff, max_idle_ns: 7645519600211568 ns
[    0.000000] setup_percpu: NR_CPUS:8192 nr_cpumask_bits:1 nr_cpu_ids:1 nr_node_ids:1
[    0.000000] percpu: Embedded 36 pages/cpu @ffff8f373fc00000 s107992 r8192 d31272 u2097152
[    0.000000] pcpu-alloc: s107992 r8192 d31272 u2097152 alloc=1*2097152
[    0.000000] pcpu-alloc: [0] 0 
[    0.000000] PV qspinlock hash table entries: 256 (order: 0, 4096 bytes)
[    0.000000] Built 1 zonelists in Node order, mobility grouping on.  Total pages: 515961
[    0.000000] Policy zone: DMA32
[    0.000000] Kernel command line: BOOT_IMAGE=/boot/vmlinuz-4.10.0-38-generic root=UUID=8423048d-50c8-4474-b381-c3049768e04e ro
[    0.000000] PID hash table entries: 4096 (order: 3, 32768 bytes)
[    0.000000] Calgary: detecting Calgary via BIOS EBDA area
[    0.000000] Calgary: Unable to locate Rio Grande table in EBDA - bailing!
[    0.000000] Memory: 2001632K/2096696K available (9070K kernel code, 1667K rwdata, 3828K rodata, 2228K init, 2364K bss, 95064K reserved, 0K cma-reserved)
[    0.000000] SLUB: HWalign=64, Order=0-3, MinObjects=0, CPUs=1, Nodes=1
[    0.000000] Hierarchical RCU implementation.
[    0.000000] 	Build-time adjustment of leaf fanout to 64.
[    0.000000] 	RCU restricting CPUs from NR_CPUS=8192 to nr_cpu_ids=1.
[    0.000000] RCU: Adjusting geometry for rcu_fanout_leaf=64, nr_cpu_ids=1
[    0.000000] NR_IRQS:524544 nr_irqs:256 16
[    0.000000] Console: colour VGA+ 80x25
[    0.000000] console [tty0] enabled
[    0.000000] tsc: Detected 2399.998 MHz processor
[    0.100574] Calibrating delay loop (skipped) preset value.. 4799.99 BogoMIPS (lpj=9599992)
[    0.101294] pid_max: default: 32768 minimum: 301
[    0.101668] ACPI: Core revision 20160930
[    0.102874] ACPI: 2 ACPI AML tables successfully acquired and loaded
[    0.103310] Security Framework initialized
[    0.103708] Yama: becoming mindful.
[    0.104054] AppArmor: AppArmor initialized
[    0.105058] Dentry cache hash table entries: 262144 (order: 9, 2097152 bytes)
[    0.106314] Inode-cache hash table entries: 131072 (order: 8, 1048576 bytes)
[    0.106942] Mount-cache hash table entries: 4096 (order: 3, 32768 bytes)
[    0.107381] Mountpoint-cache hash table entries: 4096 (order: 3, 32768 bytes)
[    0.108071] CPU: Physical Processor ID: 0
[    0.108494] mce: CPU supports 0 MCE banks
[    0.108855] process: using mwait in idle threads
[    0.109222] Last level iTLB entries: 4KB 64, 2MB 8, 4MB 8
[    0.109606] Last level dTLB entries: 4KB 64, 2MB 0, 4MB 0, 1GB 4
[    0.122963] Freeing SMP alternatives memory: 32K
[    0.124388] ftrace: allocating 34229 entries in 134 pages
[    0.138070] smpboot: Max logical packages: 1
[    0.140194] ..TIMER: vector=0x30 apic1=0 pin1=2 apic2=-1 pin2=-1
[    0.244856] smpboot: CPU0: Intel(R) Core(TM) i5-6200U CPU @ 2.30GHz (family: 0x6, model: 0x4e, stepping: 0x3)
[    0.245645] Performance Events: unsupported p6 CPU model 78 no PMU driver, software events only.
[    0.246384] KVM setup paravirtual spinlock
[    0.247365] smp: Bringing up secondary CPUs ...
[    0.247728] smp: Brought up 1 node, 1 CPU
[    0.248079] smpboot: Total of 1 processors activated (4799.99 BogoMIPS)
[    0.248823] devtmpfs: initialized
[    0.249200] x86/mm: Memory block size: 128MB
[    0.251454] evm: security.selinux
[    0.251808] evm: security.SMACK64
[    0.252134] evm: security.SMACK64EXEC
[    0.263046] evm: security.SMACK64TRANSMUTE
[    0.263397] evm: security.SMACK64MMAP
[    0.263733] evm: security.ima
[    0.264050] evm: security.capability
[    0.264493] clocksource: jiffies: mask: 0xffffffff max_cycles: 0xffffffff, max_idle_ns: 7645041785100000 ns
[    0.265259] futex hash table entries: 256 (order: 2, 16384 bytes)
[    0.265696] pinctrl core: initialized pinctrl subsystem
[    0.266240] RTC time: 11:32:44, date: 11/17/17
[    0.266682] NET: Registered protocol family 16
[    0.267191] cpuidle: using governor ladder
[    0.267540] cpuidle: using governor menu
[    0.267884] PCCT header not found.
[    0.268233] ACPI: bus type PCI registered
[    0.268580] acpiphp: ACPI Hot Plug PCI Controller Driver version: 0.5
[    0.269076] PCI: Using configuration type 1 for base access
[    0.270517] HugeTLB registered 2 MB page size, pre-allocated 0 pages
[    0.271066] ACPI: Added _OSI(Module Device)
[    0.271420] ACPI: Added _OSI(Processor Device)
[    0.271777] ACPI: Added _OSI(3.0 _SCP Extensions)
[    0.272147] ACPI: Added _OSI(Processor Aggregator Device)
[    0.272761] ACPI: Executed 1 blocks of module-level executable AML code
[    0.275052] ACPI: Interpreter enabled
[    0.275397] ACPI: (supports S0 S5)
[    0.275727] ACPI: Using IOAPIC for interrupt routing
[    0.276638] PCI: Using host bridge windows from ACPI; if necessary, use "pci=nocrs" and report a bug
[    0.281316] ACPI: PCI Root Bridge [PCI0] (domain 0000 [bus 00-ff])
[    0.281806] acpi PNP0A03:00: _OSC: OS supports [ASPM ClockPM Segments MSI]
[    0.282236] acpi PNP0A03:00: _OSC failed (AE_NOT_FOUND); disabling ASPM
[    0.282662] acpi PNP0A03:00: fail to add MMCONFIG information, can't access extended PCI configuration space under this bridge.
[    0.283678] PCI host bridge to bus 0000:00
[    0.284030] pci_bus 0000:00: root bus resource [io  0x0000-0x0cf7 window]
[    0.284459] pci_bus 0000:00: root bus resource [io  0x0d00-0xffff window]
[    0.284884] pci_bus 0000:00: root bus resource [mem 0x000a0000-0x000bffff window]
[    0.285524] pci_bus 0000:00: root bus resource [mem 0x80000000-0xffdfffff window]
[    0.286225] pci_bus 0000:00: root bus resource [bus 00-ff]
[    0.286640] pci 0000:00:00.0: [8086:1237] type 00 class 0x060000
[    0.287005] pci 0000:00:01.0: [8086:7000] type 00 class 0x060100
[    0.287437] pci 0000:00:01.1: [8086:7111] type 00 class 0x01018a
[    0.287690] pci 0000:00:01.1: reg 0x20: [io  0xd000-0xd00f]
[    0.287797] pci 0000:00:01.1: legacy IDE quirk: reg 0x10: [io  0x01f0-0x01f7]
[    0.288240] pci 0000:00:01.1: legacy IDE quirk: reg 0x14: [io  0x03f6]
[    0.288657] pci 0000:00:01.1: legacy IDE quirk: reg 0x18: [io  0x0170-0x0177]
[    0.289091] pci 0000:00:01.1: legacy IDE quirk: reg 0x1c: [io  0x0376]
[    0.289680] pci 0000:00:02.0: [80ee:beef] type 00 class 0x030000
[    0.290914] pci 0000:00:02.0: reg 0x10: [mem 0xe0000000-0xe0ffffff pref]
[    0.298312] pci 0000:00:03.0: [8086:100e] type 00 class 0x020000
[    0.299481] pci 0000:00:03.0: reg 0x10: [mem 0xf0000000-0xf001ffff]
[    0.302070] pci 0000:00:03.0: reg 0x18: [io  0xd010-0xd017]
[    0.305878] pci 0000:00:04.0: [80ee:cafe] type 00 class 0x088000
[    0.306723] pci 0000:00:04.0: reg 0x10: [io  0xd020-0xd03f]
[    0.307526] pci 0000:00:04.0: reg 0x14: [mem 0xf0400000-0xf07fffff]
[    0.308326] pci 0000:00:04.0: reg 0x18: [mem 0xf0800000-0xf0803fff pref]
[    0.311729] pci 0000:00:05.0: [8086:2415] type 00 class 0x040100
[    0.311795] pci 0000:00:05.0: reg 0x10: [io  0xd100-0xd1ff]
[    0.311841] pci 0000:00:05.0: reg 0x14: [io  0xd200-0xd23f]
[    0.312291] pci 0000:00:06.0: [106b:003f] type 00 class 0x0c0310
[    0.313119] pci 0000:00:06.0: reg 0x10: [mem 0xf0804000-0xf0804fff]
[    0.318055] pci 0000:00:07.0: [8086:7113] type 00 class 0x068000
[    0.318630] pci 0000:00:0d.0: [8086:2829] type 00 class 0x010601
[    0.319514] pci 0000:00:0d.0: reg 0x10: [io  0xd240-0xd247]
[    0.321112] pci 0000:00:0d.0: reg 0x18: [io  0xd250-0xd257]
[    0.322616] pci 0000:00:0d.0: reg 0x20: [io  0xd260-0xd26f]
[    0.323439] pci 0000:00:0d.0: reg 0x24: [mem 0xf0806000-0xf0807fff]
[    0.325414] ACPI: PCI Interrupt Link [LNKA] (IRQs 5 9 10 *11)
[    0.326055] ACPI: PCI Interrupt Link [LNKB] (IRQs 5 9 10 *11)
[    0.326521] ACPI: PCI Interrupt Link [LNKC] (IRQs 5 9 *10 11)
[    0.326989] ACPI: PCI Interrupt Link [LNKD] (IRQs 5 *9 10 11)
[    0.327681] ACPI: Enabled 2 GPEs in block 00 to 07
[    0.328356] SCSI subsystem initialized
[    0.328746] libata version 3.00 loaded.
[    0.328794] pci 0000:00:02.0: vgaarb: setting as boot VGA device
[    0.329213] pci 0000:00:02.0: vgaarb: VGA device added: decodes=io+mem,owns=io+mem,locks=none
[    0.329891] pci 0000:00:02.0: vgaarb: bridge control possible
[    0.330289] vgaarb: loaded
[    0.330627] ACPI: bus type USB registered
[    0.330988] usbcore: registered new interface driver usbfs
[    0.331383] usbcore: registered new interface driver hub
[    0.331772] usbcore: registered new device driver usb
[    0.332317] PCI: Using ACPI for IRQ routing
[    0.332670] PCI: pci_cache_line_size set to 64 bytes
[    0.332813] e820: reserve RAM buffer [mem 0x0009fc00-0x0009ffff]
[    0.332817] e820: reserve RAM buffer [mem 0x7fff0000-0x7fffffff]
[    0.332910] NetLabel: Initializing
[    0.333288] NetLabel:  domain hash size = 128
[    0.333643] NetLabel:  protocols = UNLABELED CIPSOv4 CALIPSO
[    0.334053] NetLabel:  unlabeled traffic allowed by default
[    0.334543] clocksource: Switched to clocksource kvm-clock
[    0.343004] VFS: Disk quotas dquot_6.6.0
[    0.343369] VFS: Dquot-cache hash table entries: 512 (order 0, 4096 bytes)
[    0.343912] AppArmor: AppArmor Filesystem Enabled
[    0.344359] pnp: PnP ACPI init
[    0.344772] pnp 00:00: Plug and Play ACPI device, IDs PNP0303 (active)
[    0.344834] pnp 00:01: Plug and Play ACPI device, IDs PNP0f03 (active)
[    0.345279] pnp: PnP ACPI: found 2 devices
[    0.351198] clocksource: acpi_pm: mask: 0xffffff max_cycles: 0xffffff, max_idle_ns: 2085701024 ns
[    0.351887] pci_bus 0000:00: resource 4 [io  0x0000-0x0cf7 window]
[    0.351888] pci_bus 0000:00: resource 5 [io  0x0d00-0xffff window]
[    0.351890] pci_bus 0000:00: resource 6 [mem 0x000a0000-0x000bffff window]
[    0.351891] pci_bus 0000:00: resource 7 [mem 0x80000000-0xffdfffff window]
[    0.351928] NET: Registered protocol family 2
[    0.352448] TCP established hash table entries: 16384 (order: 5, 131072 bytes)
[    0.353103] TCP bind hash table entries: 16384 (order: 6, 262144 bytes)
[    0.353574] TCP: Hash tables configured (established 16384 bind 16384)
[    0.354017] UDP hash table entries: 1024 (order: 3, 32768 bytes)
[    0.354424] UDP-Lite hash table entries: 1024 (order: 3, 32768 bytes)
[    0.354862] NET: Registered protocol family 1
[    0.355225] pci 0000:00:00.0: Limiting direct PCI/PCI transfers
[    0.355948] pci 0000:00:01.0: Activating ISA DMA hang workarounds
[    0.356469] pci 0000:00:02.0: Video device with shadowed ROM at [mem 0x000c0000-0x000dffff]
[    0.358500] PCI: CLS 0 bytes, default 64
[    0.358564] Unpacking initramfs...
[    0.926017] Freeing initrd memory: 40632K
[    0.926634] platform rtc_cmos: registered platform RTC device (no PNP device found)
[    0.927360] Scanning for low memory corruption every 60 seconds
[    0.928074] audit: initializing netlink subsys (disabled)
[    0.928795] Initialise system trusted keyrings
[    0.929174] audit: type=2000 audit(1510927083.291:1): initialized
[    0.929603] workingset: timestamp_bits=36 max_order=19 bucket_order=0
[    0.931224] zbud: loaded
[    0.931873] squashfs: version 4.0 (2009/01/31) Phillip Lougher
[    0.932485] fuse init (API version 7.26)
[    0.933359] Key type asymmetric registered
[    0.933840] Asymmetric key parser 'x509' registered
[    0.934357] Block layer SCSI generic (bsg) driver version 0.4 loaded (major 248)
[    0.935246] io scheduler noop registered
[    0.935591] io scheduler deadline registered
[    0.936376] io scheduler cfq registered (default)
[    0.937006] ACPI: AC Adapter [AC] (on-line)
[    0.937404] input: Power Button as /devices/LNXSYSTM:00/LNXPWRBN:00/input/input0
[    0.938042] ACPI: Power Button [PWRF]
[    0.938453] input: Sleep Button as /devices/LNXSYSTM:00/LNXSLPBN:00/input/input1
[    0.939090] ACPI: Sleep Button [SLPF]
[    0.940131] ACPI: Battery Slot [BAT0] (battery present)
[    0.940580] GHES: HEST is not enabled!
[    0.941049] Serial: 8250/16550 driver, 32 ports, IRQ sharing enabled
[    0.942521] Linux agpgart interface v0.103
[    0.943899] loop: module loaded
[    0.944344] ata_piix 0000:00:01.1: version 2.13
[    0.944676] scsi host0: ata_piix
[    0.945077] scsi host1: ata_piix
[    0.945441] ata1: PATA max UDMA/33 cmd 0x1f0 ctl 0x3f6 bmdma 0xd000 irq 14
[    0.945881] ata2: PATA max UDMA/33 cmd 0x170 ctl 0x376 bmdma 0xd008 irq 15
[    0.946695] libphy: Fixed MDIO Bus: probed
[    0.947061] tun: Universal TUN/TAP device driver, 1.6
[    0.947440] tun: (C) 1999-2004 Max Krasnyansky <maxk@qualcomm.com>
[    0.947877] PPP generic driver version 2.4.2
[    0.948320] ehci_hcd: USB 2.0 'Enhanced' Host Controller (EHCI) Driver
[    0.948795] ehci-pci: EHCI PCI platform driver
[    0.949195] ehci-platform: EHCI generic platform driver
[    0.949600] ohci_hcd: USB 1.1 'Open' Host Controller (OHCI) Driver
[    0.950028] ohci-pci: OHCI PCI platform driver
[    0.951106] ohci-pci 0000:00:06.0: OHCI PCI host controller
[    0.951516] ohci-pci 0000:00:06.0: new USB bus registered, assigned bus number 1
[    0.952251] ohci-pci 0000:00:06.0: irq 22, io mem 0xf0804000
[    1.011047] usb usb1: New USB device found, idVendor=1d6b, idProduct=0001
[    1.011861] usb usb1: New USB device strings: Mfr=3, Product=2, SerialNumber=1
[    1.013068] usb usb1: Product: OHCI PCI host controller
[    1.013780] usb usb1: Manufacturer: Linux 4.10.0-38-generic ohci_hcd
[    1.014624] usb usb1: SerialNumber: 0000:00:06.0
[    1.015562] hub 1-0:1.0: USB hub found
[    1.016694] hub 1-0:1.0: 12 ports detected
[    1.017914] ohci-platform: OHCI generic platform driver
[    1.018650] uhci_hcd: USB Universal Host Controller Interface driver
[    1.019573] i8042: PNP: PS/2 Controller [PNP0303:PS2K,PNP0f03:PS2M] at 0x60,0x64 irq 1,12
[    1.021715] serio: i8042 KBD port at 0x60,0x64 irq 1
[    1.022491] serio: i8042 AUX port at 0x60,0x64 irq 12
[    1.023399] mousedev: PS/2 mouse device common for all mice
[    1.024578] input: AT Translated Set 2 keyboard as /devices/platform/i8042/serio0/input/input2
[    1.026442] rtc_cmos rtc_cmos: rtc core: registered rtc_cmos as rtc0
[    1.027342] rtc_cmos rtc_cmos: alarms up to one day, 114 bytes nvram
[    1.028121] i2c /dev entries driver
[    1.028876] device-mapper: uevent: version 1.0.3
[    1.029726] device-mapper: ioctl: 4.35.0-ioctl (2016-06-23) initialised: dm-devel@redhat.com
[    1.031009] ledtrig-cpu: registered to indicate activity on CPUs
[    1.032129] NET: Registered protocol family 10
[    1.037548] Segment Routing with IPv6
[    1.038084] NET: Registered protocol family 17
[    1.038632] Key type dns_resolver registered
[    1.039458] registered taskstats version 1
[    1.040017] Loading compiled-in X.509 certificates
[    1.042690] Loaded X.509 cert 'Build time autogenerated kernel key: 0e953fd717aa51b8d9e0128dd1af1f8370b86949'
[    1.043583] zswap: loaded using pool lzo/zbud
[    1.053779] Key type big_key registered
[    1.054133] Key type trusted registered
[    1.055461] Key type encrypted registered
[    1.056163] AppArmor: AppArmor sha1 policy hashing enabled
[    1.056602] ima: No TPM chip found, activating TPM-bypass! (rc=-19)
[    1.057054] evm: HMAC attrs: 0x1
[    1.057658]   Magic number: 9:950:529
[    1.058143] rtc_cmos rtc_cmos: setting system clock to 2017-11-17 11:32:45 UTC (1510918365)
[    1.058943] BIOS EDD facility v0.16 2004-Jun-25, 0 devices found
[    1.059401] EDD information not available.
[    1.059839] PM: Hibernation image not present or could not be loaded.
[    1.111595] ata2.00: ATAPI: VBOX CD-ROM, 1.0, max UDMA/133
[    1.114374] ata2.00: configured for UDMA/33
[    1.120342] scsi 1:0:0:0: CD-ROM            VBOX     CD-ROM           1.0  PQ: 0 ANSI: 5
[    1.163399] sr 1:0:0:0: [sr0] scsi3-mmc drive: 32x/32x xa/form2 tray
[    1.163851] cdrom: Uniform CD-ROM driver Revision: 3.20
[    1.164587] sr 1:0:0:0: Attached scsi CD-ROM sr0
[    1.164637] sr 1:0:0:0: Attached scsi generic sg0 type 5
[    1.166733] Freeing unused kernel memory: 2228K
[    1.167131] Write protecting the kernel read-only data: 14336k
[    1.167883] Freeing unused kernel memory: 1156K
[    1.168777] Freeing unused kernel memory: 268K
[    1.175141] x86/mm: Checked W+X mappings: passed, no W+X pages found.
[    1.184861] random: udevadm: uninitialized urandom read (16 bytes read)
[    1.185301] random: udevadm: uninitialized urandom read (16 bytes read)
[    1.186529] random: systemd-udevd: uninitialized urandom read (16 bytes read)
[    1.187087] random: systemd-udevd: uninitialized urandom read (16 bytes read)
[    1.187528] random: systemd-udevd: uninitialized urandom read (16 bytes read)
[    1.188010] random: systemd-udevd: uninitialized urandom read (16 bytes read)
[    1.193848] random: systemd-udevd: uninitialized urandom read (16 bytes read)
[    1.194307] random: systemd-udevd: uninitialized urandom read (16 bytes read)
[    1.194743] random: systemd-udevd: uninitialized urandom read (16 bytes read)
[    1.195754] random: systemd-udevd: uninitialized urandom read (16 bytes read)
[    1.240606] ACPI: Video Device [GFX0] (multi-head: yes  rom: no  post: no)
[    1.241102] input: Video Bus as /devices/LNXSYSTM:00/LNXSYBUS:00/PNP0A03:00/LNXVIDEO:00/input/input4
[    1.244153] FUJITSU Extended Socket Network Device Driver - version 1.2 - Copyright (c) 2015 FUJITSU LIMITED
[    1.254666] e1000: Intel(R) PRO/1000 Network Driver - version 7.3.21-k8-NAPI
[    1.255128] e1000: Copyright (c) 1999-2006 Intel Corporation.
[    1.279430] AVX version of gcm_enc/dec engaged.
[    1.279799] AES CTR mode by8 optimization enabled
[    1.462982] usb 1-1: new full-speed USB device number 2 using ohci-pci
[    1.469139] input: ImExPS/2 Generic Explorer Mouse as /devices/platform/i8042/serio1/input/input5
[    1.654865] e1000 0000:00:03.0 eth0: (PCI:33MHz:32-bit) 08:00:27:f1:44:ed
[    1.656414] e1000 0000:00:03.0 eth0: Intel(R) PRO/1000 Network Connection
[    1.657447] ahci 0000:00:0d.0: version 3.0
[    1.658581] ahci 0000:00:0d.0: SSS flag set, parallel bus scan disabled
[    1.659786] ahci 0000:00:0d.0: AHCI 0001.0100 32 slots 1 ports 3 Gbps 0x1 impl SATA mode
[    1.661304] ahci 0000:00:0d.0: flags: 64bit ncq stag only ccc 
[    1.663637] e1000 0000:00:03.0 enp0s3: renamed from eth0
[    1.665649] scsi host2: ahci
[    1.666835] ata3: SATA max UDMA/133 abar m8192@0xf0806000 port 0xf0806100 irq 21
[    1.775258] usb 1-1: New USB device found, idVendor=80ee, idProduct=0021
[    1.777950] random: fast init done
[    1.779828] usb 1-1: New USB device strings: Mfr=1, Product=3, SerialNumber=0
[    1.782268] usb 1-1: Product: USB Tablet
[    1.784204] usb 1-1: Manufacturer: VirtualBox
[    1.802365] hidraw: raw HID events driver (C) Jiri Kosina
[    1.814431] usbcore: registered new interface driver usbhid
[    1.815056] usbhid: USB HID core driver
[    1.819525] input: VirtualBox USB Tablet as /devices/pci0000:00/0000:00:06.0/usb1/1-1/1-1:1.0/0003:80EE:0021.0001/input/input6
[    1.820637] hid-generic 0003:80EE:0021.0001: input,hidraw0: USB HID v1.10 Mouse [VirtualBox USB Tablet] on usb-0000:00:06.0-1/input0
[    1.939068] clocksource: tsc: mask: 0xffffffffffffffff max_cycles: 0x229835b7123, max_idle_ns: 440795242976 ns
[    1.982735] ata3: SATA link up 3.0 Gbps (SStatus 123 SControl 300)
[    1.983846] ata3.00: ATA-6: VBOX HARDDISK, 1.0, max UDMA/133
[    1.984704] ata3.00: 63710016 sectors, multi 128: LBA48 NCQ (depth 31/32)
[    1.986014] ata3.00: configured for UDMA/133
[    1.987109] scsi 2:0:0:0: Direct-Access     ATA      VBOX HARDDISK    1.0  PQ: 0 ANSI: 5
[    1.989163] sd 2:0:0:0: [sda] 63710016 512-byte logical blocks: (32.6 GB/30.4 GiB)
[    1.990888] sd 2:0:0:0: [sda] Write Protect is off
[    1.991907] sd 2:0:0:0: [sda] Mode Sense: 00 3a 00 00
[    1.992407] sd 2:0:0:0: Attached scsi generic sg1 type 0
[    1.993387] sd 2:0:0:0: [sda] Write cache: enabled, read cache: enabled, doesn't support DPO or FUA
[    2.021017]  sda: sda1 sda2 < sda5 >
[    2.021977] sd 2:0:0:0: [sda] Attached SCSI disk
[    4.530669] floppy0: no floppy controllers found
[    4.531308] work still pending
[    5.775769] raid6: sse2x1   gen()  6910 MB/s
[    5.823708] raid6: sse2x1   xor()  4628 MB/s
[    5.873183] raid6: sse2x2   gen()  8905 MB/s
[    5.918665] raid6: sse2x2   xor()  6146 MB/s
[    5.975767] raid6: sse2x4   gen() 12725 MB/s
[    6.026739] raid6: sse2x4   xor()  6746 MB/s
[    6.027127] raid6: using algorithm sse2x4 gen() 12725 MB/s
[    6.027547] raid6: .... xor() 6746 MB/s, rmw enabled
[    6.027952] raid6: using ssse3x2 recovery algorithm
[    6.030017] xor: automatically using best checksumming function   avx       
[    6.031757] async_tx: api initialized (async)
[    6.076102] Btrfs loaded, crc32c=crc32c-intel
[    6.210822] EXT4-fs (sda1): mounted filesystem with ordered data mode. Opts: (null)
[    6.373109] systemd[1]: systemd 229 running in system mode. (+PAM +AUDIT +SELINUX +IMA +APPARMOR +SMACK +SYSVINIT +UTMP +LIBCRYPTSETUP +GCRYPT +GNUTLS +ACL +XZ -LZ4 +SECCOMP +BLKID +ELFUTILS +KMOD -IDN)
[    6.374557] systemd[1]: Detected virtualization oracle.
[    6.374966] systemd[1]: Detected architecture x86-64.
[    6.377236] systemd[1]: Set hostname to <yunitvm>.
[    6.504073] systemd[1]: Created slice User and Session Slice.
[    6.505383] systemd[1]: Reached target Encrypted Volumes.
[    6.506774] systemd[1]: Listening on Syslog Socket.
[    6.508099] systemd[1]: Listening on udev Control Socket.
[    6.509162] systemd[1]: Started Trigger resolvconf update for networkd DNS.
[    6.510331] systemd[1]: Listening on Journal Socket.
[    6.654030] lp: driver loaded but no devices found
[    6.728604] ppdev: user-space parallel port driver
[    6.735854] Loading iSCSI transport class v2.0-870.
[    6.741629] iscsi: registered transport (tcp)
[    6.759364] iscsi: registered transport (iser)
[    6.847629] EXT4-fs (sda1): re-mounted. Opts: errors=remount-ro
[    6.932640] systemd-journald[392]: Received request to flush runtime journal from PID 1
[    7.090807] [drm] Initialized
[    7.146983] vgdrvHeartbeatInit: Setting up heartbeat to trigger every 2000 milliseconds
[    7.147079] input: Unspecified device as /devices/pci0000:00/0000:00:04.0/input/input7
[    7.147187] vboxguest: misc device minor 55, IRQ 20, I/O port d020, MMIO at 00000000f0400000 (size 0x400000)
[    7.147204] vboxguest: Successfully loaded version 5.1.16_Ubuntu (interface 0x00010004)
[    7.175805] [drm] VRAM 00c00000
[    7.185925] [TTM] Zone  kernel: Available graphics memory: 1022974 kiB
[    7.185926] [TTM] Initializing pool allocator
[    7.185930] [TTM] Initializing DMA pool allocator
[    7.186557] fbcon: vboxdrmfb (fb0) is primary device
[    7.197440] Console: switching to colour frame buffer device 100x37
[    7.203673] vboxvideo 0000:00:02.0: fb0: vboxdrmfb frame buffer device
[    7.203688] [drm] Initialized vboxvideo 1.0.0 20130823 for 0000:00:02.0 on minor 0
[    7.225034] piix4_smbus 0000:00:07.0: SMBus base address uninitialized - upgrade BIOS or use force_addr=0xaddr
[    7.588230] snd_intel8x0 0000:00:05.0: white list rate for 1028:0177 is 48000
[    7.741491] RAPL PMU: API unit is 2^-32 Joules, 5 fixed counters, 10737418240 ms ovfl timer
[    7.741493] RAPL PMU: hw unit of domain pp0-core 2^-0 Joules
[    7.741494] RAPL PMU: hw unit of domain package 2^-0 Joules
[    7.741494] RAPL PMU: hw unit of domain dram 2^-0 Joules
[    7.741495] RAPL PMU: hw unit of domain pp1-gpu 2^-0 Joules
[    7.741495] RAPL PMU: hw unit of domain psys 2^-0 Joules
[    7.756563] random: crng init done
[    7.904643] audit: type=1400 audit(1510918372.344:2): apparmor="STATUS" operation="profile_load" profile="unconfined" name="content-hub-clipboard" pid=646 comm="apparmor_parser"
[    7.905927] audit: type=1400 audit(1510918372.344:3): apparmor="STATUS" operation="profile_load" profile="unconfined" name="content-hub-peer-picker" pid=648 comm="apparmor_parser"
[    7.914493] audit: type=1400 audit(1510918372.352:4): apparmor="STATUS" operation="profile_load" profile="unconfined" name="/usr/lib/lightdm/lightdm-guest-session" pid=649 comm="apparmor_parser"
[    7.914495] audit: type=1400 audit(1510918372.352:5): apparmor="STATUS" operation="profile_load" profile="unconfined" name="/usr/lib/lightdm/lightdm-guest-session//chromium" pid=649 comm="apparmor_parser"
[    7.920811] audit: type=1400 audit(1510918372.360:6): apparmor="STATUS" operation="profile_load" profile="unconfined" name="lxc-container-default" pid=653 comm="apparmor_parser"
[    7.920813] audit: type=1400 audit(1510918372.360:7): apparmor="STATUS" operation="profile_load" profile="unconfined" name="lxc-container-default-cgns" pid=653 comm="apparmor_parser"
[    7.920813] audit: type=1400 audit(1510918372.360:8): apparmor="STATUS" operation="profile_load" profile="unconfined" name="lxc-container-default-with-mounting" pid=653 comm="apparmor_parser"
[    7.920814] audit: type=1400 audit(1510918372.360:9): apparmor="STATUS" operation="profile_load" profile="unconfined" name="lxc-container-default-with-nesting" pid=653 comm="apparmor_parser"
[    7.925794] audit: type=1400 audit(1510918372.364:10): apparmor="STATUS" operation="profile_load" profile="unconfined" name="/sbin/dhclient" pid=656 comm="apparmor_parser"
[    7.925796] audit: type=1400 audit(1510918372.364:11): apparmor="STATUS" operation="profile_load" profile="unconfined" name="/usr/lib/NetworkManager/nm-dhcp-client.action" pid=656 comm="apparmor_parser"
[    8.157826] IPv6: ADDRCONF(NETDEV_UP): enp0s3: link is not ready
[    8.166247] e1000: enp0s3 NIC Link is Up 1000 Mbps Full Duplex, Flow Control: RX
[    8.166636] IPv6: ADDRCONF(NETDEV_CHANGE): enp0s3: link becomes ready
[    8.340323] Adding 2096124k swap on /dev/sda5.  Priority:-1 extents:1 across:2096124k FS
[    8.874122] cgroup: new mount options do not match the existing superblock, will be ignored
[   10.418711] floppy0: no floppy controllers found
[ 2921.812167] show_signal_msg: 24 callbacks suppressed
[ 2921.812169] qmlscene[3778]: segfault at 0 ip 00007f42be4d2ce6 sp 00007fff652e04c0 error 4 in libmirclient.so.9[7f42be47b000+a0000]
[ 3049.841464] qmlscene[3845]: segfault at 0 ip 00007fa2a4fdcce6 sp 00007ffdfa955ef0 error 4 in libmirclient.so.9[7fa2a4f85000+a0000]
[ 3105.586762] qmlscene[3905]: segfault at 0 ip 00007f05563cdce6 sp 00007ffe81e90db0 error 4 in libmirclient.so.9[7f0556376000+a0000]
[ 4600.457892] qmlscene[4320]: segfault at 0 ip 00007fe34b590ce6 sp 00007ffd0c1724d0 error 4 in libmirclient.so.9[7fe34b539000+a0000]
[ 4623.048934] qmlscene[4372]: segfault at 0 ip 00007efdace4fce6 sp 00007ffe834e34b0 error 4 in libmirclient.so.9[7efdacdf8000+a0000]
[ 4642.778163] qmlscene[4427]: segfault at 0 ip 00007fe88facace6 sp 00007fff06308c50 error 4 in libmirclient.so.9[7fe88fa73000+a0000]
[ 4677.162308] qmlscene[4470]: segfault at 0 ip 00007fcf7bfeace6 sp 00007ffc25e25fc0 error 4 in libmirclient.so.9[7fcf7bf93000+a0000]
yunit@yunitvm:~$ 

